 Process in group number            1
 A PDF is used, so alpha_s(MZ) is going to be modified
 Old value of alpha_s from param_card:   0.13000000000000003     
  ****************************************
 
       NNPDFDriver version 1.0.3
   Grid: NNPDF23_lo_as_0130_qed_mem0.grid
  ****************************************
 New value of alpha_s from PDF nn23lo1:  0.13000000000000000     
 Warning! ptj set to xqcut=   15.000000000000000       to improve integration efficiency
 Note that this might affect non-radiated jets,
 e.g. from decays. Use cut_decays=F in run_card.
 Warning! mmjj set to xqcut=   15.000000000000000       to improve integration efficiency
 Note that this might affect non-radiated jets,
 e.g. from decays. Use cut_decays=F in run_card.
 Define smin to   2425.0000000000000     
 Define smin to   2425.0000000000000     
 *****************************************************
 *               MadGraph/MadEvent                   *
 *        --------------------------------           *
 *          http://madgraph.hep.uiuc.edu             *
 *          http://madgraph.phys.ucl.ac.be           *
 *          http://madgraph.roma2.infn.it            *
 *        --------------------------------           *
 *                                                   *
 *          PARAMETER AND COUPLING VALUES            *
 *                                                   *
 *****************************************************

  External Params
  ---------------------------------
  
 mdl_MB =    4.7000000000000002     
 mdl_MT =    173.00000000000000     
 mdl_MTA =    1.7769999999999999     
 mdl_MZ =    91.188000000000002     
 mdl_MH =    125.00000000000000     
 aEWM1 =    132.50700000000001     
 mdl_Gf =    1.1663900000000000E-005
 aS =   0.13000000000000003     
 mdl_ymb =    4.7000000000000002     
 mdl_ymt =    173.00000000000000     
 mdl_ymtau =    1.7769999999999999     
 mdl_WT =    1.4915000000000000     
 mdl_WZ =    2.4414039999999999     
 mdl_WW =    2.0476000000000001     
 mdl_WH =    6.3823389999999999E-003
  Internal Params
  ---------------------------------
  
 mdl_conjg__CKM3x3 =    1.0000000000000000     
 mdl_conjg__CKM1x1 =    1.0000000000000000     
 mdl_CKM3x3 =    1.0000000000000000     
 mdl_complexi =                (0.0000000000000000,1.0000000000000000)
 mdl_MZ__exp__2 =    8315.2513440000002     
 mdl_MZ__exp__4 =    69143404.913893804     
 mdl_sqrt__2 =    1.4142135623730951     
 mdl_MH__exp__2 =    15625.000000000000     
 mdl_aEW =    7.5467711139788835E-003
 mdl_MW =    80.419002445756163     
 mdl_sqrt__aEW =    8.6872153846781555E-002
 mdl_ee =   0.30795376724436879     
 mdl_MW__exp__2 =    6467.2159543705357     
 mdl_sw2 =   0.22224648578577766     
 mdl_cw =   0.88190334743339216     
 mdl_sqrt__sw2 =   0.47143025548407230     
 mdl_sw =   0.47143025548407230     
 mdl_g1 =   0.34919219678733299     
 mdl_gw =   0.65323293034757990     
 mdl_vev =    246.21845810181637     
 mdl_vev__exp__2 =    60623.529110035903     
 mdl_lam =   0.12886910601690263     
 mdl_yb =    2.6995554250465490E-002
 mdl_yt =   0.99366614581500623     
 mdl_ytau =    1.0206617000654717E-002
 mdl_muH =    88.388347648318430     
 mdl_I1x33 =          (2.69955542504654901E-002,0.0000000000000000)
 mdl_I2x33 =               (0.99366614581500623,0.0000000000000000)
 mdl_I3x33 =               (0.99366614581500623,0.0000000000000000)
 mdl_I4x33 =          (2.69955542504654901E-002,0.0000000000000000)
 mdl_ee__exp__2 =    9.4835522759998875E-002
 mdl_sw__exp__2 =   0.22224648578577769     
 mdl_cw__exp__2 =   0.77775351421422245     
  Internal Params evaluated point by point
  ----------------------------------------
  
 mdl_sqrt__aS =   0.36055512754639896     
 mdl_G__exp__2 =    1.6336281798666927     
  Couplings of sm
  ---------------------------------
  
        GC_10 =  -0.12781E+01   0.00000E+00
        GC_11 =   0.00000E+00   0.12781E+01
        GC_12 =   0.00000E+00   0.16336E+01
         GC_1 =  -0.00000E+00  -0.10265E+00
         GC_2 =   0.00000E+00   0.20530E+00
         GC_3 =  -0.00000E+00  -0.30795E+00
        GC_50 =  -0.00000E+00  -0.28804E+00
        GC_58 =  -0.00000E+00  -0.27437E-01
        GC_59 =   0.00000E+00   0.82310E-01

 Collider parameters:
 --------------------

 Running at P P   machine @    13000.000000000000       GeV
 PDF set = nn23lo1
 alpha_s(Mz)= 0.1300 running at 2 loops.
 alpha_s(Mz)= 0.1300 running at 2 loops.
 Renormalization scale set on event-by-event basis
 Factorization   scale set on event-by-event basis


 getting user params
Enter number of events and max and min iterations: 
 Number of events and iterations         1000           5           3
Enter desired fractional accuracy: 
 Desired fractional accuracy:   0.10000000000000001     
Enter 0 for fixed, 2 for adjustable grid: 
Suppress amplitude (0 no, 1 yes)? 
 Using suppressed amplitude.
Exact helicity sum (0 yes, n = number/event)? 
 Explicitly summing over helicities
Enter Configuration Number: 
Running Configuration Number:   43
 Not subdividing B.W.
 Attempting mappinvarients           1           7
 Determine nb_t
 T-channel found:            3
 Completed mapping           7
 about to integrate           13        1000           7           3          13           1
 Using non-zero grid deformation.
 13 dimensions   1000 events 13 invarients  7 iterations  1 config(s),  (0.99)
 Using h-tuple random number sequence.
 Error opening grid
 Using Uniform Grid!          28
 Using uniform alpha   1.0000000000000000     
 Grid defined OK
 Masses: 0.000E+00 0.000E+00 0.000E+00 0.000E+00 0.000E+00 0.000E+00 0.000E+00
 Set CM energy to      13000.00
 Mapping Graph          43  to config          43
 Determine nb_t
 T-channel found:            3
 Setting BW          -1           1   91.188000000000002     
Setting grid   2    0.13314E-05   1
Setting grid   3    0.13314E-05   1
Setting grid   4    0.13314E-05   1
 Transforming s_hat 1/s           12   3.3642919012365896E-005   2425.0000000000000        168999999.99999997     
Using random seed offsets    43 :      3
  with seed                   24
 Ranmar initialization seeds       31101        9400
  Particle       3       4       5       6       7
      Et >    10.0    10.0    15.0    15.0    15.0
       E >     0.0     0.0     0.0     0.0     0.0
     Eta <     2.5     2.5     5.0     5.0     5.0
   xqcut:      0.0     0.0    15.0    15.0    15.0
d R # 3  >    -0.0     0.4     0.0     0.0     0.0
d R # 4  >    -0.0    -0.0     0.0     0.0     0.0
d R # 5  >    -0.0    -0.0    -0.0     0.0     0.0
d R # 6  >    -0.0    -0.0    -0.0    -0.0     0.0
s min # 3>     0.0     0.0     0.0     0.0     0.0
s min # 4>     0.0     0.0     0.0     0.0     0.0
s min # 5>     0.0     0.0     0.0   225.0   225.0
s min # 6>     0.0     0.0     0.0     0.0   225.0
xqcutij # 3>     0.0     0.0     0.0     0.0     0.0
xqcutij # 4>     0.0     0.0     0.0     0.0     0.0
xqcutij # 5>     0.0     0.0     0.0    15.0    15.0
xqcutij # 6>     0.0     0.0    15.0     0.0    15.0
 No cut BW           -1           1
 
 ********************************************
 * You are using the DiscreteSampler module *
 *      part of the MG5_aMC framework       *
 *         Author: Valentin Hirschi         *
 ********************************************
 
 RESET CUMULATIVE VARIABLE
 Iteration  1   Mean: 0.1869E+00 Abs mean: 0.1869E+00   Fluctuation:  0.146E-01   0.733E+01     2.3%
  1    0.1869E+00 0.1869E+00 +- 0.1462E-01      2.47
 Writing out events   1.1428188578254468E-003   2.4745670612978494     
 Relative summed weights:
  0.2091E-01  0.2750E-01  0.4099E-01  0.4770E-01
  0.6535E-01  0.1890E-01  0.4736E-01  0.5781E-01
  0.2321E-01  0.6012E-01  0.4722E-01  0.4081E-01
  0.3955E-01  0.2013E-01  0.3882E-01  0.2505E-01
  0.2752E-01  0.3384E-01  0.7219E-01  0.3636E-01
  0.4210E-01  0.2946E-01  0.5513E-01  0.8198E-01
 Relative number of events:
  0.2874E-01  0.3964E-01  0.5550E-01  0.5055E-01
  0.4460E-01  0.2874E-01  0.4658E-01  0.5055E-01
  0.2478E-01  0.3568E-01  0.5550E-01  0.5055E-01
  0.2676E-01  0.3072E-01  0.3865E-01  0.4361E-01
  0.3964E-01  0.4262E-01  0.4856E-01  0.3865E-01
  0.3865E-01  0.3171E-01  0.5253E-01  0.5649E-01
 Events:
          29          40          56          51
          45          29          47          51
          25          36          56          51
          27          31          39          44
          40          43          49          39
          39          32          53          57
 Iteration  2   Mean: 0.1860E+00 Abs mean: 0.1860E+00   Fluctuation:  0.123E-01   0.168E+02    12.3%
  2    0.1860E+00 0.1860E+00 +- 0.1230E-01      2.96
 Relative summed weights:
  0.5662E-01  0.3486E-01  0.5484E-01  0.3894E-01
  0.5790E-01  0.4858E-01  0.5890E-01  0.3850E-01
  0.2444E-01  0.3028E-01  0.3019E-01  0.3791E-01
  0.3394E-01  0.2994E-01  0.3453E-01  0.3668E-01
  0.3280E-01  0.2563E-01  0.8206E-01  0.4396E-01
  0.3949E-01  0.3953E-01  0.3807E-01  0.5139E-01
 Relative number of events:
  0.4000E-01  0.4300E-01  0.4750E-01  0.4700E-01
  0.3750E-01  0.3800E-01  0.4500E-01  0.5000E-01
  0.3300E-01  0.3450E-01  0.3700E-01  0.5050E-01
  0.3900E-01  0.3650E-01  0.3950E-01  0.3950E-01
  0.3900E-01  0.3750E-01  0.4250E-01  0.4650E-01
  0.4300E-01  0.3500E-01  0.4550E-01  0.5350E-01
 Events:
          80          86          95          94
          75          76          90         100
          66          69          74         101
          78          73          79          79
          78          75          85          93
          86          70          91         107
 Iteration  3   Mean: 0.1865E+00 Abs mean: 0.1865E+00   Fluctuation:  0.643E-02   0.691E+01    14.4%
  3    0.1865E+00 0.1865E+00 +- 0.6433E-02      2.18
 Relative summed weights:
  0.4472E-01  0.5925E-01  0.3284E-01  0.4077E-01
  0.3841E-01  0.3518E-01  0.4244E-01  0.4036E-01
  0.3330E-01  0.4213E-01  0.3395E-01  0.3913E-01
  0.5611E-01  0.4106E-01  0.3880E-01  0.3996E-01
  0.3880E-01  0.4182E-01  0.5696E-01  0.5558E-01
  0.3434E-01  0.3375E-01  0.3105E-01  0.4930E-01
 Relative number of events:
  0.4175E-01  0.4200E-01  0.4225E-01  0.4650E-01
  0.3975E-01  0.3875E-01  0.4700E-01  0.4600E-01
  0.3575E-01  0.3975E-01  0.4300E-01  0.4550E-01
  0.3950E-01  0.3625E-01  0.4275E-01  0.4250E-01
  0.3825E-01  0.4200E-01  0.4150E-01  0.4225E-01
  0.4300E-01  0.4250E-01  0.3875E-01  0.4275E-01
 Events:
         167         168         169         186
         159         155         188         184
         143         159         172         182
         158         145         171         170
         153         168         166         169
         172         170         155         171
 Accuracy:    0.001   0.100   0.028   0.001
 Finished due to accuracy    9.6769601862843873E-004  0.10000000000000001     

 -------------------------------------------------------------------------------
 Accumulated results:   Integral =  0.1865E+00
                        Std dev  =  0.5311E-02
                       Cross sec =  0.1865E+00
             Chi**2 per DoF.     =      0.0012
 -------------------------------------------------------------------------------
 Found          890  events.
 Wrote          131  events.
 Actual xsec   0.18648911093144102     
 Correct abs xsec   0.18648911093144102     
 Event xsec   0.18648911093144094     
 Events wgts > 1:            5
 % Cross section > 1:    7.3535448830251097E-004  0.39431497347469774     
-------------------------------------------------
---------------------------
 Results Last   3 iters: Integral =   0.1865E+00
                     Abs integral =   0.1865E+00
                          Std dev =   0.5311E-02
                  Chi**2 per DoF. =      0.0012
-------------------------------------------------
---------------------------
 Status  0.10000000000000001                4           7

ls status:
events.lhe
ftn26
input_app.txt
results.dat
run1_app.log
