 Process in group number            1
 A PDF is used, so alpha_s(MZ) is going to be modified
 Old value of alpha_s from param_card:   0.13000000000000003     
  ****************************************
 
       NNPDFDriver version 1.0.3
   Grid: NNPDF23_lo_as_0130_qed_mem0.grid
  ****************************************
 New value of alpha_s from PDF nn23lo1:  0.13000000000000000     
 Warning! ptj set to xqcut=   15.000000000000000       to improve integration efficiency
 Note that this might affect non-radiated jets,
 e.g. from decays. Use cut_decays=F in run_card.
 Warning! mmjj set to xqcut=   15.000000000000000       to improve integration efficiency
 Note that this might affect non-radiated jets,
 e.g. from decays. Use cut_decays=F in run_card.
 Define smin to   2425.0000000000000     
 Define smin to   2425.0000000000000     
 Define smin to   2425.0000000000000     
 Define smin to   2425.0000000000000     
 *****************************************************
 *               MadGraph/MadEvent                   *
 *        --------------------------------           *
 *          http://madgraph.hep.uiuc.edu             *
 *          http://madgraph.phys.ucl.ac.be           *
 *          http://madgraph.roma2.infn.it            *
 *        --------------------------------           *
 *                                                   *
 *          PARAMETER AND COUPLING VALUES            *
 *                                                   *
 *****************************************************

  External Params
  ---------------------------------
  
 mdl_MB =    4.7000000000000002     
 mdl_MT =    173.00000000000000     
 mdl_MTA =    1.7769999999999999     
 mdl_MZ =    91.188000000000002     
 mdl_MH =    125.00000000000000     
 aEWM1 =    132.50700000000001     
 mdl_Gf =    1.1663900000000000E-005
 aS =   0.13000000000000003     
 mdl_ymb =    4.7000000000000002     
 mdl_ymt =    173.00000000000000     
 mdl_ymtau =    1.7769999999999999     
 mdl_WT =    1.4915000000000000     
 mdl_WZ =    2.4414039999999999     
 mdl_WW =    2.0476000000000001     
 mdl_WH =    6.3823389999999999E-003
  Internal Params
  ---------------------------------
  
 mdl_conjg__CKM3x3 =    1.0000000000000000     
 mdl_conjg__CKM1x1 =    1.0000000000000000     
 mdl_CKM3x3 =    1.0000000000000000     
 mdl_complexi =                (0.0000000000000000,1.0000000000000000)
 mdl_MZ__exp__2 =    8315.2513440000002     
 mdl_MZ__exp__4 =    69143404.913893804     
 mdl_sqrt__2 =    1.4142135623730951     
 mdl_MH__exp__2 =    15625.000000000000     
 mdl_aEW =    7.5467711139788835E-003
 mdl_MW =    80.419002445756163     
 mdl_sqrt__aEW =    8.6872153846781555E-002
 mdl_ee =   0.30795376724436879     
 mdl_MW__exp__2 =    6467.2159543705357     
 mdl_sw2 =   0.22224648578577766     
 mdl_cw =   0.88190334743339216     
 mdl_sqrt__sw2 =   0.47143025548407230     
 mdl_sw =   0.47143025548407230     
 mdl_g1 =   0.34919219678733299     
 mdl_gw =   0.65323293034757990     
 mdl_vev =    246.21845810181637     
 mdl_vev__exp__2 =    60623.529110035903     
 mdl_lam =   0.12886910601690263     
 mdl_yb =    2.6995554250465490E-002
 mdl_yt =   0.99366614581500623     
 mdl_ytau =    1.0206617000654717E-002
 mdl_muH =    88.388347648318430     
 mdl_I1x33 =          (2.69955542504654901E-002,0.0000000000000000)
 mdl_I2x33 =               (0.99366614581500623,0.0000000000000000)
 mdl_I3x33 =               (0.99366614581500623,0.0000000000000000)
 mdl_I4x33 =          (2.69955542504654901E-002,0.0000000000000000)
 mdl_ee__exp__2 =    9.4835522759998875E-002
 mdl_sw__exp__2 =   0.22224648578577769     
 mdl_cw__exp__2 =   0.77775351421422245     
  Internal Params evaluated point by point
  ----------------------------------------
  
 mdl_sqrt__aS =   0.36055512754639896     
 mdl_G__exp__2 =    1.6336281798666927     
  Couplings of sm
  ---------------------------------
  
        GC_10 =  -0.12781E+01   0.00000E+00
        GC_11 =   0.00000E+00   0.12781E+01
        GC_12 =   0.00000E+00   0.16336E+01
         GC_1 =  -0.00000E+00  -0.10265E+00
         GC_2 =   0.00000E+00   0.20530E+00
         GC_3 =  -0.00000E+00  -0.30795E+00
        GC_50 =  -0.00000E+00  -0.28804E+00
        GC_58 =  -0.00000E+00  -0.27437E-01
        GC_59 =   0.00000E+00   0.82310E-01

 Collider parameters:
 --------------------

 Running at P P   machine @    13000.000000000000       GeV
 PDF set = nn23lo1
 alpha_s(Mz)= 0.1300 running at 2 loops.
 alpha_s(Mz)= 0.1300 running at 2 loops.
 Renormalization scale set on event-by-event basis
 Factorization   scale set on event-by-event basis


 getting user params
Enter number of events and max and min iterations: 
 Number of events and iterations         1000           5           3
Enter desired fractional accuracy: 
 Desired fractional accuracy:   0.10000000000000001     
Enter 0 for fixed, 2 for adjustable grid: 
Suppress amplitude (0 no, 1 yes)? 
 Using suppressed amplitude.
Exact helicity sum (0 yes, n = number/event)? 
 Explicitly summing over helicities
Enter Configuration Number: 
Running Configuration Number:   80
 Not subdividing B.W.
 Attempting mappinvarients           1           7
 Determine nb_t
 T-channel found:            1
 Completed mapping           7
 about to integrate           13        1000           5           3          13           1
 Using non-zero grid deformation.
 13 dimensions   1000 events 13 invarients  5 iterations  1 config(s),  (0.99)
 Using h-tuple random number sequence.
 Error opening grid
 Using Uniform Grid!          28
 Using uniform alpha   1.0000000000000000     
 Grid defined OK
 Masses: 0.000E+00 0.000E+00 0.000E+00 0.000E+00 0.000E+00 0.000E+00 0.000E+00
 Set CM energy to      13000.00
 Mapping Graph          80  to config          80
 Determine nb_t
 T-channel found:            1
Setting grid   1    0.13314E-05   1
 Setting BW          -2           1   91.188000000000002     
Setting grid   3    0.20422E-05   1
Setting grid   4    0.13314E-05   1
 Transforming s_hat 1/s           12   3.3642919012365896E-005   2425.0000000000000        168999999.99999997     
Using random seed offsets    80 :      2
  with seed                   24
 Ranmar initialization seeds       31138        9399
  Particle       3       4       5       6       7
      Et >    10.0    10.0    15.0    15.0    15.0
       E >     0.0     0.0     0.0     0.0     0.0
     Eta <     2.5     2.5     5.0     5.0     5.0
   xqcut:      0.0     0.0    15.0    15.0    15.0
d R # 3  >    -0.0     0.4     0.0     0.0     0.0
d R # 4  >    -0.0    -0.0     0.0     0.0     0.0
d R # 5  >    -0.0    -0.0    -0.0     0.0     0.0
d R # 6  >    -0.0    -0.0    -0.0    -0.0     0.0
s min # 3>     0.0     0.0     0.0     0.0     0.0
s min # 4>     0.0     0.0     0.0     0.0     0.0
s min # 5>     0.0     0.0     0.0   225.0   225.0
s min # 6>     0.0     0.0     0.0     0.0   225.0
xqcutij # 3>     0.0     0.0     0.0     0.0     0.0
xqcutij # 4>     0.0     0.0     0.0     0.0     0.0
xqcutij # 5>     0.0     0.0     0.0    15.0    15.0
xqcutij # 6>     0.0     0.0    15.0     0.0    15.0
 No cut BW           -2           1
 
 ********************************************
 * You are using the DiscreteSampler module *
 *      part of the MG5_aMC framework       *
 *         Author: Valentin Hirschi         *
 ********************************************
 
 RESET CUMULATIVE VARIABLE
 Iteration  1   Mean: 0.1731E+01 Abs mean: 0.1731E+01   Fluctuation:  0.141E+00   0.439E+02     2.3%
  1    0.1731E+01 0.1731E+01 +- 0.1412E+00      2.58
 Writing out events   1.4795577284218202E-002   2.5802500386387455     
 Relative summed weights:
  0.1148E+00  0.9466E-01  0.1146E+00  0.7095E-01  0.3733E-01  0.2294E-01  0.5717E-01  0.3236E-01
  0.5871E-01  0.9343E-01  0.6532E-01  0.5116E-01  0.1740E-01  0.2827E-01  0.7008E-01  0.7082E-01
 Relative number of events:
  0.1047E+00  0.8992E-01  0.5731E-01  0.8103E-01  0.3656E-01  0.4348E-01  0.4842E-01  0.5534E-01
  0.8202E-01  0.8300E-01  0.6028E-01  0.6917E-01  0.3854E-01  0.3162E-01  0.5731E-01  0.6126E-01
 Events:
         106          91          58          82          37          44          49          56
          83          84          61          70          39          32          58          62
 Iteration  2   Mean: 0.1876E+01 Abs mean: 0.1876E+01   Fluctuation:  0.139E+00   0.183E+03    11.9%
  2    0.1876E+01 0.1876E+01 +- 0.1387E+00      3.30
 Relative summed weights:
  0.6976E-01  0.6800E-01  0.8348E-01  0.6866E-01  0.3071E-01  0.2525E-01  0.4944E-01  0.4189E-01
  0.1568E+00  0.8214E-01  0.1071E+00  0.6741E-01  0.5484E-01  0.3076E-01  0.2941E-01  0.3432E-01
 Relative number of events:
  0.7566E-01  0.8860E-01  0.8810E-01  0.7516E-01  0.3285E-01  0.3833E-01  0.5525E-01  0.5625E-01
  0.9258E-01  0.8561E-01  0.7168E-01  0.7367E-01  0.3186E-01  0.3484E-01  0.5525E-01  0.4430E-01
 Events:
         152         178         177         151          66          77         111         113
         186         172         144         148          64          70         111          89
 Iteration  3   Mean: 0.2402E+01 Abs mean: 0.2402E+01   Fluctuation:  0.188E+00   0.585E+03    18.6%
  3    0.2402E+01 0.2402E+01 +- 0.1881E+00      4.95
 Relative summed weights:
  0.7942E-01  0.7963E-01  0.6756E-01  0.1378E+00  0.3313E-01  0.2079E-01  0.3317E-01  0.7640E-01
  0.7308E-01  0.9094E-01  0.8149E-01  0.9334E-01  0.3088E-01  0.2702E-01  0.3934E-01  0.3604E-01
 Relative number of events:
  0.9333E-01  0.9109E-01  0.7964E-01  0.7666E-01  0.3534E-01  0.3211E-01  0.5251E-01  0.4853E-01
  0.9059E-01  0.8512E-01  0.7964E-01  0.7317E-01  0.3385E-01  0.3211E-01  0.4853E-01  0.4778E-01
 Events:
         375         366         320         308         142         129         211         195
         364         342         320         294         136         129         195         192
 Accuracy:    0.100   0.100   0.045   4.969
 Found          533  events.
 Wrote           19  events.
 Actual xsec    2.0047704125790915     
 Correct abs xsec    2.0047704125790915     
 Event xsec    2.0047704125790919     
 Events wgts > 1:            1
 % Cross section > 1:    1.8920869981897681E-008   9.4379235962268652E-007
 Iteration  4   Mean: 0.1930E+01 Abs mean: 0.1930E+01   Fluctuation:  0.533E-01   0.130E+03    21.0%
  4    0.1930E+01 0.1930E+01 +- 0.5326E-01      2.47
 Relative summed weights:
  0.8591E-01  0.1024E+00  0.8403E-01  0.8843E-01  0.2096E-01  0.3478E-01  0.3428E-01  0.5848E-01
  0.8615E-01  0.9204E-01  0.8148E-01  0.8167E-01  0.2674E-01  0.2658E-01  0.4812E-01  0.4796E-01
 Relative number of events:
  0.8443E-01  0.9188E-01  0.7648E-01  0.8108E-01  0.3303E-01  0.3253E-01  0.4631E-01  0.5153E-01
  0.9002E-01  0.9039E-01  0.7810E-01  0.7872E-01  0.3191E-01  0.3278E-01  0.5115E-01  0.4966E-01
 Events:
         680         740         616         653         266         262         373         415
         725         728         629         634         257         264         412         400
 Accuracy:    0.045   0.100   0.024   3.675
 Finished due to accuracy    4.5062168978206509E-002  0.10000000000000001     

 -------------------------------------------------------------------------------
 Accumulated results:   Integral =  0.1951E+01
                        Std dev  =  0.4585E-01
                       Cross sec =  0.1951E+01
             Chi**2 per DoF.     =      3.6748
 -------------------------------------------------------------------------------
 Found         1620  events.
 Wrote          239  events.
 Actual xsec    1.9705627726723371     
 Correct abs xsec    1.9705627726723371     
 Event xsec    1.9705627726723487     
 Events wgts > 1:            7
 % Cross section > 1:    1.9891966757293430E-002   1.0094561326923497     
-------------------------------------------------
---------------------------
 Results Last   3 iters: Integral =   0.1971E+01
                     Abs integral =   0.1971E+01
                          Std dev =   0.4837E-01
                  Chi**2 per DoF. =      3.1410
-------------------------------------------------
---------------------------
 Status  0.10000000000000001                5           5

ls status:
events.lhe
ftn26
input_app.txt
results.dat
run1_app.log
