 Process in group number            1
 A PDF is used, so alpha_s(MZ) is going to be modified
 Old value of alpha_s from param_card:   0.13000000000000003     
  ****************************************
 
       NNPDFDriver version 1.0.3
   Grid: NNPDF23_lo_as_0130_qed_mem0.grid
  ****************************************
 New value of alpha_s from PDF nn23lo1:  0.13000000000000000     
 Warning! ptj set to xqcut=   15.000000000000000       to improve integration efficiency
 Note that this might affect non-radiated jets,
 e.g. from decays. Use cut_decays=F in run_card.
 Warning! mmjj set to xqcut=   15.000000000000000       to improve integration efficiency
 Note that this might affect non-radiated jets,
 e.g. from decays. Use cut_decays=F in run_card.
 Define smin to   2425.0000000000000     
 Define smin to   2425.0000000000000     
 Define smin to   2425.0000000000000     
 Define smin to   2425.0000000000000     
 Define smin to   2425.0000000000000     
 Define smin to   2425.0000000000000     
 Define smin to   2425.0000000000000     
 Define smin to   2425.0000000000000     
 Define smin to   2425.0000000000000     
 Define smin to   2425.0000000000000     
 Define smin to   2425.0000000000000     
 Define smin to   2425.0000000000000     
 Define smin to   2425.0000000000000     
 Define smin to   2425.0000000000000     
 Define smin to   2425.0000000000000     
 Define smin to   2425.0000000000000     
 Define smin to   2425.0000000000000     
 Define smin to   2425.0000000000000     
 Define smin to   2425.0000000000000     
 Define smin to   2425.0000000000000     
 *****************************************************
 *               MadGraph/MadEvent                   *
 *        --------------------------------           *
 *          http://madgraph.hep.uiuc.edu             *
 *          http://madgraph.phys.ucl.ac.be           *
 *          http://madgraph.roma2.infn.it            *
 *        --------------------------------           *
 *                                                   *
 *          PARAMETER AND COUPLING VALUES            *
 *                                                   *
 *****************************************************

  External Params
  ---------------------------------
  
 mdl_MB =    4.7000000000000002     
 mdl_MT =    173.00000000000000     
 mdl_MTA =    1.7769999999999999     
 mdl_MZ =    91.188000000000002     
 mdl_MH =    125.00000000000000     
 aEWM1 =    132.50700000000001     
 mdl_Gf =    1.1663900000000000E-005
 aS =   0.13000000000000003     
 mdl_ymb =    4.7000000000000002     
 mdl_ymt =    173.00000000000000     
 mdl_ymtau =    1.7769999999999999     
 mdl_WT =    1.4915000000000000     
 mdl_WZ =    2.4414039999999999     
 mdl_WW =    2.0476000000000001     
 mdl_WH =    6.3823389999999999E-003
  Internal Params
  ---------------------------------
  
 mdl_conjg__CKM3x3 =    1.0000000000000000     
 mdl_conjg__CKM1x1 =    1.0000000000000000     
 mdl_CKM3x3 =    1.0000000000000000     
 mdl_complexi =                (0.0000000000000000,1.0000000000000000)
 mdl_MZ__exp__2 =    8315.2513440000002     
 mdl_MZ__exp__4 =    69143404.913893804     
 mdl_sqrt__2 =    1.4142135623730951     
 mdl_MH__exp__2 =    15625.000000000000     
 mdl_aEW =    7.5467711139788835E-003
 mdl_MW =    80.419002445756163     
 mdl_sqrt__aEW =    8.6872153846781555E-002
 mdl_ee =   0.30795376724436879     
 mdl_MW__exp__2 =    6467.2159543705357     
 mdl_sw2 =   0.22224648578577766     
 mdl_cw =   0.88190334743339216     
 mdl_sqrt__sw2 =   0.47143025548407230     
 mdl_sw =   0.47143025548407230     
 mdl_g1 =   0.34919219678733299     
 mdl_gw =   0.65323293034757990     
 mdl_vev =    246.21845810181637     
 mdl_vev__exp__2 =    60623.529110035903     
 mdl_lam =   0.12886910601690263     
 mdl_yb =    2.6995554250465490E-002
 mdl_yt =   0.99366614581500623     
 mdl_ytau =    1.0206617000654717E-002
 mdl_muH =    88.388347648318430     
 mdl_I1x33 =          (2.69955542504654901E-002,0.0000000000000000)
 mdl_I2x33 =               (0.99366614581500623,0.0000000000000000)
 mdl_I3x33 =               (0.99366614581500623,0.0000000000000000)
 mdl_I4x33 =          (2.69955542504654901E-002,0.0000000000000000)
 mdl_ee__exp__2 =    9.4835522759998875E-002
 mdl_sw__exp__2 =   0.22224648578577769     
 mdl_cw__exp__2 =   0.77775351421422245     
  Internal Params evaluated point by point
  ----------------------------------------
  
 mdl_sqrt__aS =   0.36055512754639896     
 mdl_G__exp__2 =    1.6336281798666927     
  Couplings of sm
  ---------------------------------
  
        GC_10 =  -0.12781E+01   0.00000E+00
        GC_11 =   0.00000E+00   0.12781E+01
        GC_12 =   0.00000E+00   0.16336E+01
         GC_1 =  -0.00000E+00  -0.10265E+00
         GC_2 =   0.00000E+00   0.20530E+00
         GC_3 =  -0.00000E+00  -0.30795E+00
        GC_50 =  -0.00000E+00  -0.28804E+00
        GC_58 =  -0.00000E+00  -0.27437E-01
        GC_59 =   0.00000E+00   0.82310E-01

 Collider parameters:
 --------------------

 Running at P P   machine @    13000.000000000000       GeV
 PDF set = nn23lo1
 alpha_s(Mz)= 0.1300 running at 2 loops.
 alpha_s(Mz)= 0.1300 running at 2 loops.
 Renormalization scale set on event-by-event basis
 Factorization   scale set on event-by-event basis


 getting user params
Enter number of events and max and min iterations: 
 Number of events and iterations         1000           5           3
Enter desired fractional accuracy: 
 Desired fractional accuracy:   0.10000000000000001     
Enter 0 for fixed, 2 for adjustable grid: 
Suppress amplitude (0 no, 1 yes)? 
 Using suppressed amplitude.
Exact helicity sum (0 yes, n = number/event)? 
 Explicitly summing over helicities
Enter Configuration Number: 
Running Configuration Number:   29
 Not subdividing B.W.
 Attempting mappinvarients           1           7
 Determine nb_t
 T-channel found:            1
 Completed mapping           7
 about to integrate           13        1000           5           3          13           1
 Using non-zero grid deformation.
 13 dimensions   1000 events 13 invarients  5 iterations  1 config(s),  (0.99)
 Using h-tuple random number sequence.
 Error opening grid
 Using Uniform Grid!          28
 Using uniform alpha   1.0000000000000000     
 Grid defined OK
 Masses: 0.000E+00 0.000E+00 0.000E+00 0.000E+00 0.000E+00 0.000E+00 0.000E+00
 Set CM energy to      13000.00
 Mapping Graph          29  to config          29
 Determine nb_t
 T-channel found:            1
Setting grid   1    0.13314E-05   1
Setting grid   2    0.75740E-07   1
Setting grid   3    0.20422E-05   1
Setting grid   4    0.13314E-05   1
 Transforming s_hat 1/s           12   2.5000000000000005E-005   2425.0000000000000        168999999.99999997     
Using random seed offsets    29 :      5
  with seed                   24
 Ranmar initialization seeds       31087        9402
  Particle       3       4       5       6       7
      Et >    10.0    10.0    15.0    15.0    15.0
       E >     0.0     0.0     0.0     0.0     0.0
     Eta <     2.5     2.5     5.0     5.0     5.0
   xqcut:      0.0     0.0    15.0    15.0    15.0
d R # 3  >    -0.0     0.4     0.0     0.0     0.0
d R # 4  >    -0.0    -0.0     0.0     0.0     0.0
d R # 5  >    -0.0    -0.0    -0.0     0.0     0.0
d R # 6  >    -0.0    -0.0    -0.0    -0.0     0.0
s min # 3>     0.0     0.0     0.0     0.0     0.0
s min # 4>     0.0     0.0     0.0     0.0     0.0
s min # 5>     0.0     0.0     0.0   225.0   225.0
s min # 6>     0.0     0.0     0.0     0.0   225.0
xqcutij # 3>     0.0     0.0     0.0     0.0     0.0
xqcutij # 4>     0.0     0.0     0.0     0.0     0.0
xqcutij # 5>     0.0     0.0     0.0    15.0    15.0
xqcutij # 6>     0.0     0.0    15.0     0.0    15.0
 
 ********************************************
 * You are using the DiscreteSampler module *
 *      part of the MG5_aMC framework       *
 *         Author: Valentin Hirschi         *
 ********************************************
 
 RESET CUMULATIVE VARIABLE
 Iteration  1   Mean: 0.2982E+00 Abs mean: 0.2982E+00   Fluctuation:  0.321E-01   0.111E+02     1.3%
  1    0.2982E+00 0.2982E+00 +- 0.3211E-01      3.41
 Writing out events   4.7525862675405752E-003   3.4050297166298304     
 Relative summed weights:
  0.2950E-01  0.0000E+00  0.2407E-01  0.3603E-01  0.1723E-02  0.0000E+00  0.2375E-02  0.7744E-02  0.1652E-02  0.0000E+00  0.1719E-02  0.0000E+00  0.3078E-01  0.1305E-01  0.2208E+00  0.1422E+00  0.0000E+00  0.0000E+00  0.0000E+00  0.0000E+00  0.1374E-01  0.2930E-01  0.1450E+00  0.1101E+00  0.4797E-02  0.2937E-02  0.1008E-02  0.6749E-01  0.0000E+00  0.0000E+00  0.0000E+00  0.0000E+00  0.3926E-01  0.1271E-02  0.1255E-02  0.9641E-02  0.1108E-01  0.2399E-01  0.1955E-02  0.8352E-03
  0.1702E-01  0.0000E+00  0.0000E+00  0.0000E+00  0.1394E-02  0.0000E+00  0.0000E+00  0.0000E+00  0.3670E-02  0.0000E+00  0.2637E-02  0.0000E+00  0.0000E+00  0.0000E+00  0.0000E+00  0.0000E+00  0.0000E+00  0.0000E+00  0.0000E+00  0.0000E+00  0.0000E+00  0.0000E+00  0.0000E+00  0.0000E+00  0.0000E+00  0.0000E+00  0.0000E+00  0.0000E+00  0.0000E+00  0.0000E+00  0.0000E+00  0.0000E+00  0.0000E+00  0.0000E+00  0.0000E+00  0.0000E+00  0.0000E+00  0.0000E+00  0.0000E+00  0.0000E+00
 Relative number of events:
  0.7929E-01  0.0000E+00  0.4262E-01  0.2279E-01  0.4955E-02  0.0000E+00  0.5946E-02  0.6938E-02  0.2973E-02  0.0000E+00  0.5946E-02  0.0000E+00  0.1288E-01  0.1487E-01  0.1754E+00  0.1457E+00  0.0000E+00  0.0000E+00  0.0000E+00  0.0000E+00  0.2180E-01  0.2478E-01  0.1150E+00  0.1318E+00  0.3964E-02  0.6938E-02  0.4955E-02  0.1288E-01  0.0000E+00  0.0000E+00  0.0000E+00  0.0000E+00  0.6938E-02  0.3964E-02  0.2973E-02  0.4955E-02  0.2874E-01  0.4262E-01  0.2973E-02  0.4955E-02
  0.4460E-01  0.0000E+00  0.0000E+00  0.0000E+00  0.4955E-02  0.0000E+00  0.0000E+00  0.0000E+00  0.7929E-02  0.0000E+00  0.1982E-02  0.0000E+00  0.0000E+00  0.0000E+00  0.0000E+00  0.0000E+00  0.0000E+00  0.0000E+00  0.0000E+00  0.0000E+00  0.0000E+00  0.0000E+00  0.0000E+00  0.0000E+00  0.0000E+00  0.0000E+00  0.0000E+00  0.0000E+00  0.0000E+00  0.0000E+00  0.0000E+00  0.0000E+00  0.0000E+00  0.0000E+00  0.0000E+00  0.0000E+00  0.0000E+00  0.0000E+00  0.0000E+00  0.0000E+00
 Events:
          80           0          43          23           5           0           6           7           3           0           6           0          13          15         177         147           0           0           0           0          22          25         116         133           4           7           5          13           0           0           0           0           7           4           3           5          29          43           3           5
          45           0           0           0           5           0           0           0           8           0           2           0           0           0           0           0           0           0           0           0           0           0           0           0           0           0           0           0           0           0           0           0           0           0           0           0           0           0           0           0
 Iteration  2   Mean: 0.4265E+00 Abs mean: 0.4265E+00   Fluctuation:  0.759E-01   0.127E+03     4.8%
  2    0.4265E+00 0.4265E+00 +- 0.7592E-01      7.96
 Relative summed weights:
  0.4737E-01  0.0000E+00  0.3474E-01  0.2118E+00  0.2819E-02  0.0000E+00  0.6898E-02  0.4210E-02  0.3195E-02  0.0000E+00  0.1966E-03  0.0000E+00  0.5011E-01  0.7912E-02  0.1157E+00  0.1246E+00  0.0000E+00  0.0000E+00  0.0000E+00  0.0000E+00  0.9093E-02  0.4253E-01  0.8142E-01  0.4168E-01  0.1353E-02  0.4683E-03  0.6343E-02  0.1073E-01  0.0000E+00  0.0000E+00  0.0000E+00  0.0000E+00  0.7634E-02  0.3095E-02  0.4203E-02  0.6647E-02  0.2731E-01  0.1949E-01  0.2661E-02  0.5761E-02
  0.4547E-01  0.0000E+00  0.0000E+00  0.0000E+00  0.2951E-02  0.0000E+00  0.0000E+00  0.0000E+00  0.7143E-01  0.0000E+00  0.2172E-03  0.0000E+00  0.0000E+00  0.0000E+00  0.0000E+00  0.0000E+00  0.0000E+00  0.0000E+00  0.0000E+00  0.0000E+00  0.0000E+00  0.0000E+00  0.0000E+00  0.0000E+00  0.0000E+00  0.0000E+00  0.0000E+00  0.0000E+00  0.0000E+00  0.0000E+00  0.0000E+00  0.0000E+00  0.0000E+00  0.0000E+00  0.0000E+00  0.0000E+00  0.0000E+00  0.0000E+00  0.0000E+00  0.0000E+00
 Relative number of events:
  0.5497E-01  0.0000E+00  0.3248E-01  0.3848E-01  0.9495E-02  0.0000E+00  0.7496E-02  0.7496E-02  0.7496E-02  0.0000E+00  0.1499E-02  0.0000E+00  0.1749E-01  0.1949E-01  0.1549E+00  0.1579E+00  0.0000E+00  0.0000E+00  0.0000E+00  0.0000E+00  0.1599E-01  0.2499E-01  0.1184E+00  0.1189E+00  0.4498E-02  0.2999E-02  0.1149E-01  0.1149E-01  0.0000E+00  0.0000E+00  0.0000E+00  0.0000E+00  0.5997E-02  0.6997E-02  0.7996E-02  0.9995E-02  0.3998E-01  0.4598E-01  0.1999E-02  0.1499E-02
  0.4548E-01  0.0000E+00  0.0000E+00  0.0000E+00  0.6997E-02  0.0000E+00  0.0000E+00  0.0000E+00  0.7996E-02  0.0000E+00  0.9995E-03  0.0000E+00  0.0000E+00  0.0000E+00  0.0000E+00  0.0000E+00  0.0000E+00  0.0000E+00  0.0000E+00  0.0000E+00  0.0000E+00  0.0000E+00  0.0000E+00  0.0000E+00  0.0000E+00  0.0000E+00  0.0000E+00  0.0000E+00  0.0000E+00  0.0000E+00  0.0000E+00  0.0000E+00  0.0000E+00  0.0000E+00  0.0000E+00  0.0000E+00  0.0000E+00  0.0000E+00  0.0000E+00  0.0000E+00
 Events:
         110           0          65          77          19           0          15          15          15           0           3           0          35          39         310         316           0           0           0           0          32          50         237         238           9           6          23          23           0           0           0           0          12          14          16          20          80          92           4           3
          91           0           0           0          14           0           0           0          16           0           2           0           0           0           0           0           0           0           0           0           0           0           0           0           0           0           0           0           0           0           0           0           0           0           0           0           0           0           0           0
 Iteration  3   Mean: 0.5852E+00 Abs mean: 0.5852E+00   Fluctuation:  0.952E-01   0.308E+03     5.4%
  3    0.5852E+00 0.5852E+00 +- 0.9518E-01     10.29
 Relative summed weights:
  0.4164E-01  0.0000E+00  0.4096E-01  0.6507E-01  0.3981E-02  0.0000E+00  0.3787E-02  0.3701E-02  0.1862E-02  0.0000E+00  0.6545E-02  0.0000E+00  0.6298E-02  0.7845E-01  0.1114E+00  0.1249E+00  0.0000E+00  0.0000E+00  0.0000E+00  0.0000E+00  0.3940E-01  0.6005E-01  0.4094E-01  0.3807E-01  0.4908E-03  0.2437E-02  0.9437E-02  0.5832E-02  0.0000E+00  0.0000E+00  0.0000E+00  0.0000E+00  0.1914E-02  0.6775E-02  0.1783E-02  0.5775E-02  0.1921E-01  0.1768E-01  0.3940E-02  0.7550E-03
  0.2540E+00  0.0000E+00  0.0000E+00  0.0000E+00  0.1767E-02  0.0000E+00  0.0000E+00  0.0000E+00  0.9348E-03  0.0000E+00  0.2750E-03  0.0000E+00  0.0000E+00  0.0000E+00  0.0000E+00  0.0000E+00  0.0000E+00  0.0000E+00  0.0000E+00  0.0000E+00  0.0000E+00  0.0000E+00  0.0000E+00  0.0000E+00  0.0000E+00  0.0000E+00  0.0000E+00  0.0000E+00  0.0000E+00  0.0000E+00  0.0000E+00  0.0000E+00  0.0000E+00  0.0000E+00  0.0000E+00  0.0000E+00  0.0000E+00  0.0000E+00  0.0000E+00  0.0000E+00
 Relative number of events:
  0.5149E-01  0.0000E+00  0.3224E-01  0.3374E-01  0.6498E-02  0.0000E+00  0.5499E-02  0.5499E-02  0.6248E-02  0.0000E+00  0.2999E-02  0.0000E+00  0.1450E-01  0.1850E-01  0.1727E+00  0.1622E+00  0.0000E+00  0.0000E+00  0.0000E+00  0.0000E+00  0.2024E-01  0.2499E-01  0.1212E+00  0.1185E+00  0.2249E-02  0.4249E-02  0.8748E-02  0.9248E-02  0.0000E+00  0.0000E+00  0.0000E+00  0.0000E+00  0.3249E-02  0.6748E-02  0.5749E-02  0.5749E-02  0.4774E-01  0.4599E-01  0.3249E-02  0.2749E-02
  0.4649E-01  0.0000E+00  0.0000E+00  0.0000E+00  0.3999E-02  0.0000E+00  0.0000E+00  0.0000E+00  0.5499E-02  0.0000E+00  0.1250E-02  0.0000E+00  0.0000E+00  0.0000E+00  0.0000E+00  0.0000E+00  0.0000E+00  0.0000E+00  0.0000E+00  0.0000E+00  0.0000E+00  0.0000E+00  0.0000E+00  0.0000E+00  0.0000E+00  0.0000E+00  0.0000E+00  0.0000E+00  0.0000E+00  0.0000E+00  0.0000E+00  0.0000E+00  0.0000E+00  0.0000E+00  0.0000E+00  0.0000E+00  0.0000E+00  0.0000E+00  0.0000E+00  0.0000E+00
 Events:
         206           0         129         135          26           0          22          22          25           0          12           0          58          74         691         649           0           0           0           0          81         100         485         474           9          17          35          37           0           0           0           0          13          27          23          23         191         184          13          11
         186           0           0           0          16           0           0           0          22           0           5           0           0           0           0           0           0           0           0           0           0           0           0           0           0           0           0           0           0           0           0           0           0           0           0           0           0           0           0           0
 Accuracy:    0.214   0.100   0.080   7.110
 Found          112  events.
 Wrote            7  events.
 Actual xsec   0.39392189981935594     
 Correct abs xsec   0.39392189981935594     
 Event xsec   0.39392189981935599     
 Events wgts > 1:            0
 % Cross section > 1:    0.0000000000000000        0.0000000000000000     
 Iteration  4   Mean: 0.3939E+00 Abs mean: 0.3939E+00   Fluctuation:  0.255E-01   0.156E+03     6.0%
  4    0.3939E+00 0.3939E+00 +- 0.2554E-01      5.80
 Relative summed weights:
  0.6370E-01  0.0000E+00  0.5477E-01  0.5834E-01  0.8358E-02  0.0000E+00  0.2221E-01  0.7662E-02  0.9201E-02  0.0000E+00  0.1439E-02  0.0000E+00  0.2395E-01  0.2245E-01  0.1648E+00  0.1776E+00  0.0000E+00  0.0000E+00  0.0000E+00  0.0000E+00  0.3405E-01  0.2051E-01  0.5655E-01  0.5483E-01  0.6772E-02  0.3860E-02  0.7440E-02  0.1613E-01  0.0000E+00  0.0000E+00  0.0000E+00  0.0000E+00  0.1367E-01  0.7832E-02  0.3431E-02  0.1496E-01  0.2785E-01  0.3135E-01  0.8333E-03  0.3545E-03
  0.5508E-01  0.0000E+00  0.0000E+00  0.0000E+00  0.2162E-01  0.0000E+00  0.0000E+00  0.0000E+00  0.6777E-02  0.0000E+00  0.1673E-02  0.0000E+00  0.0000E+00  0.0000E+00  0.0000E+00  0.0000E+00  0.0000E+00  0.0000E+00  0.0000E+00  0.0000E+00  0.0000E+00  0.0000E+00  0.0000E+00  0.0000E+00  0.0000E+00  0.0000E+00  0.0000E+00  0.0000E+00  0.0000E+00  0.0000E+00  0.0000E+00  0.0000E+00  0.0000E+00  0.0000E+00  0.0000E+00  0.0000E+00  0.0000E+00  0.0000E+00  0.0000E+00  0.0000E+00
 Relative number of events:
  0.5311E-01  0.0000E+00  0.3661E-01  0.3449E-01  0.6248E-02  0.0000E+00  0.7247E-02  0.6997E-02  0.6248E-02  0.0000E+00  0.1374E-02  0.0000E+00  0.1662E-01  0.1949E-01  0.1733E+00  0.1543E+00  0.0000E+00  0.0000E+00  0.0000E+00  0.0000E+00  0.2187E-01  0.2112E-01  0.1206E+00  0.1202E+00  0.4248E-02  0.4498E-02  0.8622E-02  0.9247E-02  0.0000E+00  0.0000E+00  0.0000E+00  0.0000E+00  0.5248E-02  0.4748E-02  0.5373E-02  0.5248E-02  0.4098E-01  0.4148E-01  0.9996E-03  0.1499E-02
  0.5273E-01  0.0000E+00  0.0000E+00  0.0000E+00  0.7247E-02  0.0000E+00  0.0000E+00  0.0000E+00  0.6498E-02  0.0000E+00  0.1499E-02  0.0000E+00  0.0000E+00  0.0000E+00  0.0000E+00  0.0000E+00  0.0000E+00  0.0000E+00  0.0000E+00  0.0000E+00  0.0000E+00  0.0000E+00  0.0000E+00  0.0000E+00  0.0000E+00  0.0000E+00  0.0000E+00  0.0000E+00  0.0000E+00  0.0000E+00  0.0000E+00  0.0000E+00  0.0000E+00  0.0000E+00  0.0000E+00  0.0000E+00  0.0000E+00  0.0000E+00  0.0000E+00  0.0000E+00
 Events:
         425           0         293         276          50           0          58          56          50           0          11           0         133         156        1387        1235           0           0           0           0         175         169         965         962          34          36          69          74           0           0           0           0          42          38          43          42         328         332           8          12
         422           0           0           0          58           0           0           0          52           0          12           0           0           0           0           0           0           0           0           0           0           0           0           0           0           0           0           0           0           0           0           0           0           0           0           0           0           0           0           0
 Accuracy:    0.110   0.100   0.050   4.740
 Found          390  events.
 Wrote           18  events.
 Actual xsec   0.42079826654889568     
 Correct abs xsec   0.42079826654889568     
 Event xsec   0.42079826654889552     
 Events wgts > 1:            0
 % Cross section > 1:    0.0000000000000000        0.0000000000000000     
 Iteration  5   Mean: 0.4031E+00 Abs mean: 0.4031E+00   Fluctuation:  0.189E-01   0.213E+03     5.7%
  5    0.4031E+00 0.4031E+00 +- 0.1886E-01      5.92
 Relative summed weights:
  0.5609E-01  0.0000E+00  0.6293E-01  0.6345E-01  0.6793E-02  0.0000E+00  0.1323E-01  0.6687E-02  0.3840E-02  0.0000E+00  0.1234E-02  0.0000E+00  0.2082E-01  0.1535E-01  0.1703E+00  0.1392E+00  0.0000E+00  0.0000E+00  0.0000E+00  0.0000E+00  0.4943E-01  0.3513E-01  0.6360E-01  0.6880E-01  0.2841E-02  0.2044E-02  0.1137E-01  0.3369E-01  0.0000E+00  0.0000E+00  0.0000E+00  0.0000E+00  0.7948E-02  0.4816E-02  0.3807E-02  0.6577E-02  0.3080E-01  0.3149E-01  0.8171E-03  0.3253E-02
  0.6513E-01  0.0000E+00  0.0000E+00  0.0000E+00  0.9926E-02  0.0000E+00  0.0000E+00  0.0000E+00  0.7002E-02  0.0000E+00  0.1647E-02  0.0000E+00  0.0000E+00  0.0000E+00  0.0000E+00  0.0000E+00  0.0000E+00  0.0000E+00  0.0000E+00  0.0000E+00  0.0000E+00  0.0000E+00  0.0000E+00  0.0000E+00  0.0000E+00  0.0000E+00  0.0000E+00  0.0000E+00  0.0000E+00  0.0000E+00  0.0000E+00  0.0000E+00  0.0000E+00  0.0000E+00  0.0000E+00  0.0000E+00  0.0000E+00  0.0000E+00  0.0000E+00  0.0000E+00
 Relative number of events:
  0.5317E-01  0.0000E+00  0.3530E-01  0.3492E-01  0.5435E-02  0.0000E+00  0.8184E-02  0.6935E-02  0.5311E-02  0.0000E+00  0.1499E-02  0.0000E+00  0.1668E-01  0.1812E-01  0.1640E+00  0.1639E+00  0.0000E+00  0.0000E+00  0.0000E+00  0.0000E+00  0.2343E-01  0.2224E-01  0.1225E+00  0.1236E+00  0.3249E-02  0.2874E-02  0.9184E-02  0.8934E-02  0.0000E+00  0.0000E+00  0.0000E+00  0.0000E+00  0.6123E-02  0.4936E-02  0.4748E-02  0.4561E-02  0.3836E-01  0.4005E-01  0.1499E-02  0.2312E-02
  0.5304E-01  0.0000E+00  0.0000E+00  0.0000E+00  0.6810E-02  0.0000E+00  0.0000E+00  0.0000E+00  0.6310E-02  0.0000E+00  0.1812E-02  0.0000E+00  0.0000E+00  0.0000E+00  0.0000E+00  0.0000E+00  0.0000E+00  0.0000E+00  0.0000E+00  0.0000E+00  0.0000E+00  0.0000E+00  0.0000E+00  0.0000E+00  0.0000E+00  0.0000E+00  0.0000E+00  0.0000E+00  0.0000E+00  0.0000E+00  0.0000E+00  0.0000E+00  0.0000E+00  0.0000E+00  0.0000E+00  0.0000E+00  0.0000E+00  0.0000E+00  0.0000E+00  0.0000E+00
 Events:
         851           0         565         559          87           0         131         111          85           0          24           0         267         290        2625        2624           0           0           0           0         375         356        1960        1978          52          46         147         143           0           0           0           0          98          79          76          73         614         641          24          37
         849           0           0           0         109           0           0           0         101           0          29           0           0           0           0           0           0           0           0           0           0           0           0           0           0           0           0           0           0           0           0           0           0           0           0           0           0           0           0           0
 Accuracy:    0.064   0.100   0.034   3.495
 Finished due to accuracy    6.4119632457219383E-002  0.10000000000000001     

 -------------------------------------------------------------------------------
 Accumulated results:   Integral =  0.3988E+00
                        Std dev  =  0.1368E-01
                       Cross sec =  0.3988E+00
             Chi**2 per DoF.     =      3.4955
 -------------------------------------------------------------------------------
 Found         1061  events.
 Wrote           27  events.
 Actual xsec   0.40950107217468795     
 Correct abs xsec   0.40950107217468795     
 Event xsec   0.40950107217468790     
 Events wgts > 1:            1
 % Cross section > 1:    2.2833080738637879E-010   5.5758292932863381E-008
-------------------------------------------------
---------------------------
 Results Last   3 iters: Integral =   0.4095E+00
                     Abs integral =   0.4095E+00
                          Std dev =   0.1513E-01
                  Chi**2 per DoF. =      1.9473
-------------------------------------------------
---------------------------
 Status  0.10000000000000001                6           5

ls status:
events.lhe
ftn26
input_app.txt
results.dat
run1_app.log
