 Process in group number            1
 A PDF is used, so alpha_s(MZ) is going to be modified
 Old value of alpha_s from param_card:   0.13000000000000003     
  ****************************************
 
       NNPDFDriver version 1.0.3
   Grid: NNPDF23_lo_as_0130_qed_mem0.grid
  ****************************************
 New value of alpha_s from PDF nn23lo1:  0.13000000000000000     
 Warning! ptj set to xqcut=   15.000000000000000       to improve integration efficiency
 Note that this might affect non-radiated jets,
 e.g. from decays. Use cut_decays=F in run_card.
 Warning! mmjj set to xqcut=   15.000000000000000       to improve integration efficiency
 Note that this might affect non-radiated jets,
 e.g. from decays. Use cut_decays=F in run_card.
 Define smin to   2425.0000000000000     
 Define smin to   2425.0000000000000     
 *****************************************************
 *               MadGraph/MadEvent                   *
 *        --------------------------------           *
 *          http://madgraph.hep.uiuc.edu             *
 *          http://madgraph.phys.ucl.ac.be           *
 *          http://madgraph.roma2.infn.it            *
 *        --------------------------------           *
 *                                                   *
 *          PARAMETER AND COUPLING VALUES            *
 *                                                   *
 *****************************************************

  External Params
  ---------------------------------
  
 mdl_MB =    4.7000000000000002     
 mdl_MT =    173.00000000000000     
 mdl_MTA =    1.7769999999999999     
 mdl_MZ =    91.188000000000002     
 mdl_MH =    125.00000000000000     
 aEWM1 =    132.50700000000001     
 mdl_Gf =    1.1663900000000000E-005
 aS =   0.13000000000000003     
 mdl_ymb =    4.7000000000000002     
 mdl_ymt =    173.00000000000000     
 mdl_ymtau =    1.7769999999999999     
 mdl_WT =    1.4915000000000000     
 mdl_WZ =    2.4414039999999999     
 mdl_WW =    2.0476000000000001     
 mdl_WH =    6.3823389999999999E-003
  Internal Params
  ---------------------------------
  
 mdl_conjg__CKM3x3 =    1.0000000000000000     
 mdl_conjg__CKM1x1 =    1.0000000000000000     
 mdl_CKM3x3 =    1.0000000000000000     
 mdl_complexi =                (0.0000000000000000,1.0000000000000000)
 mdl_MZ__exp__2 =    8315.2513440000002     
 mdl_MZ__exp__4 =    69143404.913893804     
 mdl_sqrt__2 =    1.4142135623730951     
 mdl_MH__exp__2 =    15625.000000000000     
 mdl_aEW =    7.5467711139788835E-003
 mdl_MW =    80.419002445756163     
 mdl_sqrt__aEW =    8.6872153846781555E-002
 mdl_ee =   0.30795376724436879     
 mdl_MW__exp__2 =    6467.2159543705357     
 mdl_sw2 =   0.22224648578577766     
 mdl_cw =   0.88190334743339216     
 mdl_sqrt__sw2 =   0.47143025548407230     
 mdl_sw =   0.47143025548407230     
 mdl_g1 =   0.34919219678733299     
 mdl_gw =   0.65323293034757990     
 mdl_vev =    246.21845810181637     
 mdl_vev__exp__2 =    60623.529110035903     
 mdl_lam =   0.12886910601690263     
 mdl_yb =    2.6995554250465490E-002
 mdl_yt =   0.99366614581500623     
 mdl_ytau =    1.0206617000654717E-002
 mdl_muH =    88.388347648318430     
 mdl_I1x33 =          (2.69955542504654901E-002,0.0000000000000000)
 mdl_I2x33 =               (0.99366614581500623,0.0000000000000000)
 mdl_I3x33 =               (0.99366614581500623,0.0000000000000000)
 mdl_I4x33 =          (2.69955542504654901E-002,0.0000000000000000)
 mdl_ee__exp__2 =    9.4835522759998875E-002
 mdl_sw__exp__2 =   0.22224648578577769     
 mdl_cw__exp__2 =   0.77775351421422245     
  Internal Params evaluated point by point
  ----------------------------------------
  
 mdl_sqrt__aS =   0.36055512754639896     
 mdl_G__exp__2 =    1.6336281798666927     
  Couplings of sm
  ---------------------------------
  
        GC_10 =  -0.12781E+01   0.00000E+00
        GC_11 =   0.00000E+00   0.12781E+01
        GC_12 =   0.00000E+00   0.16336E+01
         GC_1 =  -0.00000E+00  -0.10265E+00
         GC_2 =   0.00000E+00   0.20530E+00
         GC_3 =  -0.00000E+00  -0.30795E+00
        GC_50 =  -0.00000E+00  -0.28804E+00
        GC_58 =  -0.00000E+00  -0.27437E-01
        GC_59 =   0.00000E+00   0.82310E-01

 Collider parameters:
 --------------------

 Running at P P   machine @    13000.000000000000       GeV
 PDF set = nn23lo1
 alpha_s(Mz)= 0.1300 running at 2 loops.
 alpha_s(Mz)= 0.1300 running at 2 loops.
 Renormalization scale set on event-by-event basis
 Factorization   scale set on event-by-event basis


 getting user params
Enter number of events and max and min iterations: 
 Number of events and iterations         1000           5           3
Enter desired fractional accuracy: 
 Desired fractional accuracy:   0.10000000000000001     
Enter 0 for fixed, 2 for adjustable grid: 
Suppress amplitude (0 no, 1 yes)? 
 Using suppressed amplitude.
Exact helicity sum (0 yes, n = number/event)? 
 Explicitly summing over helicities
Enter Configuration Number: 
Running Configuration Number:   59
 Not subdividing B.W.
 Attempting mappinvarients           1           7
 Determine nb_t
 T-channel found:            3
 Completed mapping           7
 about to integrate           13        1000           7           3          13           1
 Using non-zero grid deformation.
 13 dimensions   1000 events 13 invarients  7 iterations  1 config(s),  (0.99)
 Using h-tuple random number sequence.
 Error opening grid
 Using Uniform Grid!          28
 Using uniform alpha   1.0000000000000000     
 Grid defined OK
 Masses: 0.000E+00 0.000E+00 0.000E+00 0.000E+00 0.000E+00 0.000E+00 0.000E+00
 Set CM energy to      13000.00
 Mapping Graph          59  to config          59
 Determine nb_t
 T-channel found:            3
 Setting BW          -1           1   91.188000000000002     
Setting grid   2    0.13314E-05   1
Setting grid   3    0.13314E-05   1
Setting grid   4    0.13314E-05   1
 Transforming s_hat 1/s           12   3.3642919012365896E-005   2425.0000000000000        168999999.99999997     
Using random seed offsets    59 :      3
  with seed                   24
 Ranmar initialization seeds       31117        9400
  Particle       3       4       5       6       7
      Et >    10.0    10.0    15.0    15.0    15.0
       E >     0.0     0.0     0.0     0.0     0.0
     Eta <     2.5     2.5     5.0     5.0     5.0
   xqcut:      0.0     0.0    15.0    15.0    15.0
d R # 3  >    -0.0     0.4     0.0     0.0     0.0
d R # 4  >    -0.0    -0.0     0.0     0.0     0.0
d R # 5  >    -0.0    -0.0    -0.0     0.0     0.0
d R # 6  >    -0.0    -0.0    -0.0    -0.0     0.0
s min # 3>     0.0     0.0     0.0     0.0     0.0
s min # 4>     0.0     0.0     0.0     0.0     0.0
s min # 5>     0.0     0.0     0.0   225.0   225.0
s min # 6>     0.0     0.0     0.0     0.0   225.0
xqcutij # 3>     0.0     0.0     0.0     0.0     0.0
xqcutij # 4>     0.0     0.0     0.0     0.0     0.0
xqcutij # 5>     0.0     0.0     0.0    15.0    15.0
xqcutij # 6>     0.0     0.0    15.0     0.0    15.0
 No cut BW           -1           1
 
 ********************************************
 * You are using the DiscreteSampler module *
 *      part of the MG5_aMC framework       *
 *         Author: Valentin Hirschi         *
 ********************************************
 
 RESET CUMULATIVE VARIABLE
 Iteration  1   Mean: 0.3375E+00 Abs mean: 0.3375E+00   Fluctuation:  0.458E-01   0.277E+02     2.8%
  1    0.3375E+00 0.3375E+00 +- 0.4582E-01      4.29
 Writing out events   1.7089102834733094E-003   4.2931992350866581     
 Relative summed weights:
  0.3592E-01  0.1767E-01  0.1696E-01  0.1000E+00
  0.4107E-01  0.2713E-01  0.1991E-01  0.3125E-01
  0.2457E-01  0.6998E-01  0.1062E+00  0.1809E-01
  0.3835E-01  0.4980E-01  0.2993E-01  0.2373E-01
  0.2667E-01  0.3424E-01  0.2703E-01  0.7028E-01
  0.5601E-01  0.2633E-01  0.2913E-01  0.7969E-01
 Relative number of events:
  0.4663E-01  0.3968E-01  0.4563E-01  0.3968E-01
  0.4167E-01  0.3968E-01  0.4067E-01  0.4563E-01
  0.4960E-01  0.4762E-01  0.3671E-01  0.3075E-01
  0.4464E-01  0.4167E-01  0.4464E-01  0.4365E-01
  0.3373E-01  0.3571E-01  0.3571E-01  0.6151E-01
  0.3274E-01  0.3175E-01  0.4067E-01  0.4960E-01
 Events:
          47          40          46          40
          42          40          41          46
          50          48          37          31
          45          42          45          44
          34          36          36          62
          33          32          41          50
 Iteration  2   Mean: 0.2470E+00 Abs mean: 0.2470E+00   Fluctuation:  0.219E-01   0.247E+02    15.1%
  2    0.2470E+00 0.2470E+00 +- 0.2188E-01      3.96
 Relative summed weights:
  0.2788E-01  0.3617E-01  0.1812E-01  0.5511E-01
  0.5804E-01  0.4031E-01  0.3161E-01  0.2343E-01
  0.4896E-01  0.2230E-01  0.3562E-01  0.5519E-01
  0.3643E-01  0.6347E-01  0.3546E-01  0.4346E-01
  0.7985E-01  0.5810E-01  0.3212E-01  0.3061E-01
  0.3806E-01  0.6351E-01  0.3560E-01  0.3056E-01
 Relative number of events:
  0.4850E-01  0.4500E-01  0.3650E-01  0.3650E-01
  0.4150E-01  0.5000E-01  0.4100E-01  0.4100E-01
  0.3850E-01  0.3600E-01  0.3800E-01  0.3650E-01
  0.4100E-01  0.4700E-01  0.4050E-01  0.3550E-01
  0.4300E-01  0.4450E-01  0.3900E-01  0.4750E-01
  0.4200E-01  0.4200E-01  0.4700E-01  0.4200E-01
 Events:
          97          90          73          73
          83         100          82          82
          77          72          76          73
          82          94          81          71
          86          89          78          95
          84          84          94          84
 Iteration  3   Mean: 0.2428E+00 Abs mean: 0.2428E+00   Fluctuation:  0.110E-01   0.178E+02    20.1%
  3    0.2428E+00 0.2428E+00 +- 0.1099E-01      2.86
 Relative summed weights:
  0.4796E-01  0.4269E-01  0.3383E-01  0.3611E-01
  0.5299E-01  0.2934E-01  0.3843E-01  0.5276E-01
  0.4313E-01  0.2674E-01  0.3287E-01  0.3262E-01
  0.3148E-01  0.7058E-01  0.4499E-01  0.3707E-01
  0.5426E-01  0.3535E-01  0.3466E-01  0.4436E-01
  0.5137E-01  0.4346E-01  0.3945E-01  0.4349E-01
 Relative number of events:
  0.4150E-01  0.4175E-01  0.3900E-01  0.4350E-01
  0.4350E-01  0.3750E-01  0.4250E-01  0.4325E-01
  0.4200E-01  0.4200E-01  0.4125E-01  0.3950E-01
  0.3850E-01  0.4425E-01  0.4400E-01  0.3700E-01
  0.4375E-01  0.4200E-01  0.4275E-01  0.4275E-01
  0.4425E-01  0.3850E-01  0.4350E-01  0.4150E-01
 Events:
         166         167         156         174
         174         150         170         173
         168         168         165         158
         154         177         176         148
         175         168         171         171
         177         154         174         166
 Accuracy:    0.072   0.100   0.039   3.489
 Finished due to accuracy    7.2160541870355130E-002  0.10000000000000001     

 -------------------------------------------------------------------------------
 Accumulated results:   Integral =  0.2513E+00
                        Std dev  =  0.9706E-02
                       Cross sec =  0.2513E+00
             Chi**2 per DoF.     =      3.4893
 -------------------------------------------------------------------------------
 Found          656  events.
 Wrote           54  events.
 Actual xsec   0.25125804791026612     
 Correct abs xsec   0.25125804791026612     
 Event xsec   0.25125804791026590     
 Events wgts > 1:            1
 % Cross section > 1:    5.7042134066190471E-004  0.22702609743494645     
-------------------------------------------------
---------------------------
 Results Last   3 iters: Integral =   0.2513E+00
                     Abs integral =   0.2513E+00
                          Std dev =   0.9706E-02
                  Chi**2 per DoF. =      2.0861
-------------------------------------------------
---------------------------
 Status  0.10000000000000001                4           7

ls status:
events.lhe
ftn26
input_app.txt
results.dat
run1_app.log
