This is pdfTeX, Version 3.141592653-2.6-1.40.27 (TeX Live 2025/Homebrew) (preloaded format=latex 2025.11.7)  22 APR 2026 07:23
entering extended mode
 restricted \write18 enabled.
 %&-line parsing enabled.
**main.tex
(./main.tex
LaTeX2e <2024-11-01> patch level 2
L3 programming layer <2025-01-18>

(/opt/homebrew/Cellar/texlive/20250308_2/share/texmf-dist/tex/latex/base/articl
e.cls
Document Class: article 2024/06/29 v1.4n Standard LaTeX document class

(/opt/homebrew/Cellar/texlive/20250308_2/share/texmf-dist/tex/latex/base/size10
.clo
File: size10.clo 2024/06/29 v1.4n Standard LaTeX file (size option)
)
\c@part=\count196
\c@section=\count197
\c@subsection=\count198
\c@subsubsection=\count199
\c@paragraph=\count266
\c@subparagraph=\count267
\c@figure=\count268
\c@table=\count269
\abovecaptionskip=\skip49
\belowcaptionskip=\skip50
\bibindent=\dimen141
) (./jheppub.sty
Package: jheppub 2012/06/08 r448

(/opt/homebrew/Cellar/texlive/20250308_2/share/texmf-dist/tex/latex/amsmath/ams
math.sty
Package: amsmath 2024/11/05 v2.17t AMS math features
\@mathmargin=\skip51

For additional information on amsmath, use the `?' option.

(/opt/homebrew/Cellar/texlive/20250308_2/share/texmf-dist/tex/latex/amsmath/ams
text.sty
Package: amstext 2021/08/26 v2.01 AMS text

(/opt/homebrew/Cellar/texlive/20250308_2/share/texmf-dist/tex/latex/amsmath/ams
gen.sty
File: amsgen.sty 1999/11/30 v2.0 generic functions
\@emptytoks=\toks17
\ex@=\dimen142
))
(/opt/homebrew/Cellar/texlive/20250308_2/share/texmf-dist/tex/latex/amsmath/ams
bsy.sty
Package: amsbsy 1999/11/29 v1.2d Bold Symbols
\pmbraise@=\dimen143
)
(/opt/homebrew/Cellar/texlive/20250308_2/share/texmf-dist/tex/latex/amsmath/ams
opn.sty
Package: amsopn 2022/04/08 v2.04 operator names
)
\inf@bad=\count270
LaTeX Info: Redefining \frac on input line 233.
\uproot@=\count271
\leftroot@=\count272
LaTeX Info: Redefining \overline on input line 398.
LaTeX Info: Redefining \colon on input line 409.
\classnum@=\count273
\DOTSCASE@=\count274
LaTeX Info: Redefining \ldots on input line 495.
LaTeX Info: Redefining \dots on input line 498.
LaTeX Info: Redefining \cdots on input line 619.
\Mathstrutbox@=\box52
\strutbox@=\box53
LaTeX Info: Redefining \big on input line 721.
LaTeX Info: Redefining \Big on input line 722.
LaTeX Info: Redefining \bigg on input line 723.
LaTeX Info: Redefining \Bigg on input line 724.
\big@size=\dimen144
LaTeX Font Info:    Redeclaring font encoding OML on input line 742.
LaTeX Font Info:    Redeclaring font encoding OMS on input line 743.
\macc@depth=\count275
LaTeX Info: Redefining \bmod on input line 904.
LaTeX Info: Redefining \pmod on input line 909.
LaTeX Info: Redefining \smash on input line 939.
LaTeX Info: Redefining \relbar on input line 969.
LaTeX Info: Redefining \Relbar on input line 970.
\c@MaxMatrixCols=\count276
\dotsspace@=\muskip17
\c@parentequation=\count277
\dspbrk@lvl=\count278
\tag@help=\toks18
\row@=\count279
\column@=\count280
\maxfields@=\count281
\andhelp@=\toks19
\eqnshift@=\dimen145
\alignsep@=\dimen146
\tagshift@=\dimen147
\tagwidth@=\dimen148
\totwidth@=\dimen149
\lineht@=\dimen150
\@envbody=\toks20
\multlinegap=\skip52
\multlinetaggap=\skip53
\mathdisplay@stack=\toks21
LaTeX Info: Redefining \[ on input line 2953.
LaTeX Info: Redefining \] on input line 2954.
)
(/opt/homebrew/Cellar/texlive/20250308_2/share/texmf-dist/tex/latex/amsfonts/am
ssymb.sty
Package: amssymb 2013/01/14 v3.01 AMS font symbols

(/opt/homebrew/Cellar/texlive/20250308_2/share/texmf-dist/tex/latex/amsfonts/am
sfonts.sty
Package: amsfonts 2013/01/14 v3.01 Basic AMSFonts support
\symAMSa=\mathgroup4
\symAMSb=\mathgroup5
LaTeX Font Info:    Redeclaring math symbol \hbar on input line 98.
LaTeX Font Info:    Overwriting math alphabet `\mathfrak' in version `bold'
(Font)                  U/euf/m/n --> U/euf/b/n on input line 106.
))
(/opt/homebrew/Cellar/texlive/20250308_2/share/texmf-dist/tex/latex/graphics/ep
sfig.sty
Package: epsfig 2024/01/14 v1.7b (e)psfig emulation (SPQR)

(/opt/homebrew/Cellar/texlive/20250308_2/share/texmf-dist/tex/latex/graphics/gr
aphicx.sty
Package: graphicx 2021/09/16 v1.2d Enhanced LaTeX Graphics (DPC,SPQR)

(/opt/homebrew/Cellar/texlive/20250308_2/share/texmf-dist/tex/latex/graphics/ke
yval.sty
Package: keyval 2022/05/29 v1.15 key=value parser (DPC)
\KV@toks@=\toks22
)
(/opt/homebrew/Cellar/texlive/20250308_2/share/texmf-dist/tex/latex/graphics/gr
aphics.sty
Package: graphics 2024/08/06 v1.4g Standard LaTeX Graphics (DPC,SPQR)

(/opt/homebrew/Cellar/texlive/20250308_2/share/texmf-dist/tex/latex/graphics/tr
ig.sty
Package: trig 2023/12/02 v1.11 sin cos tan (DPC)
)
(/opt/homebrew/Cellar/texlive/20250308_2/share/texmf-dist/tex/latex/graphics-cf
g/graphics.cfg
File: graphics.cfg 2016/06/04 v1.11 sample graphics configuration
)
Package graphics Info: Driver file: dvips.def on input line 106.

(/opt/homebrew/Cellar/texlive/20250308_2/share/texmf-dist/tex/latex/graphics-de
f/dvips.def
File: dvips.def 2022/09/22 v3.1e Graphics/color driver for dvips
))
\Gin@req@height=\dimen151
\Gin@req@width=\dimen152
)
\epsfxsize=\dimen153
\epsfysize=\dimen154
)
(/opt/homebrew/Cellar/texlive/20250308_2/share/texmf-dist/tex/latex/natbib/natb
ib.sty
Package: natbib 2010/09/13 8.31b (PWD, AO)
\bibhang=\skip54
\bibsep=\skip55
LaTeX Info: Redefining \cite on input line 694.
\c@NAT@ctr=\count282
)
(/opt/homebrew/Cellar/texlive/20250308_2/share/texmf-dist/tex/latex/graphics/co
lor.sty
Package: color 2024/06/23 v1.3e Standard LaTeX Color (DPC)

(/opt/homebrew/Cellar/texlive/20250308_2/share/texmf-dist/tex/latex/graphics-cf
g/color.cfg
File: color.cfg 2016/01/02 v1.6 sample color configuration
)
Package color Info: Driver file: dvips.def on input line 149.

(/opt/homebrew/Cellar/texlive/20250308_2/share/texmf-dist/tex/latex/graphics/dv
ipsnam.def
File: dvipsnam.def 2016/06/17 v3.0m Driver-dependent file (DPC,SPQR)
)
(/opt/homebrew/Cellar/texlive/20250308_2/share/texmf-dist/tex/latex/graphics/ma
thcolor.ltx))
(/opt/homebrew/Cellar/texlive/20250308_2/share/texmf-dist/tex/latex/hyperref/hy
perref.sty
Package: hyperref 2024-11-05 v7.01l Hypertext links for LaTeX

(/opt/homebrew/Cellar/texlive/20250308_2/share/texmf-dist/tex/generic/iftex/ift
ex.sty
Package: iftex 2024/12/12 v1.0g TeX engine tests
)
(/opt/homebrew/Cellar/texlive/20250308_2/share/texmf-dist/tex/latex/kvsetkeys/k
vsetkeys.sty
Package: kvsetkeys 2022-10-05 v1.19 Key value parser (HO)
)
(/opt/homebrew/Cellar/texlive/20250308_2/share/texmf-dist/tex/generic/kvdefinek
eys/kvdefinekeys.sty
Package: kvdefinekeys 2019-12-19 v1.6 Define keys (HO)
)
(/opt/homebrew/Cellar/texlive/20250308_2/share/texmf-dist/tex/generic/pdfescape
/pdfescape.sty
Package: pdfescape 2019/12/09 v1.15 Implements pdfTeX's escape features (HO)

(/opt/homebrew/Cellar/texlive/20250308_2/share/texmf-dist/tex/generic/ltxcmds/l
txcmds.sty
Package: ltxcmds 2023-12-04 v1.26 LaTeX kernel commands for general use (HO)
)
(/opt/homebrew/Cellar/texlive/20250308_2/share/texmf-dist/tex/generic/pdftexcmd
s/pdftexcmds.sty
Package: pdftexcmds 2020-06-27 v0.33 Utility functions of pdfTeX for LuaTeX (HO
)

(/opt/homebrew/Cellar/texlive/20250308_2/share/texmf-dist/tex/generic/infwarerr
/infwarerr.sty
Package: infwarerr 2019/12/03 v1.5 Providing info/warning/error messages (HO)
)
Package pdftexcmds Info: \pdf@primitive is available.
Package pdftexcmds Info: \pdf@ifprimitive is available.
Package pdftexcmds Info: \pdfdraftmode is ignored in DVI mode.
))
(/opt/homebrew/Cellar/texlive/20250308_2/share/texmf-dist/tex/latex/hycolor/hyc
olor.sty
Package: hycolor 2020-01-27 v1.10 Color options for hyperref/bookmark (HO)
)
(/opt/homebrew/Cellar/texlive/20250308_2/share/texmf-dist/tex/latex/hyperref/na
meref.sty
Package: nameref 2023-11-26 v2.56 Cross-referencing by name of section

(/opt/homebrew/Cellar/texlive/20250308_2/share/texmf-dist/tex/latex/refcount/re
fcount.sty
Package: refcount 2019/12/15 v3.6 Data extraction from label references (HO)
)
(/opt/homebrew/Cellar/texlive/20250308_2/share/texmf-dist/tex/generic/gettitles
tring/gettitlestring.sty
Package: gettitlestring 2019/12/15 v1.6 Cleanup title references (HO)

(/opt/homebrew/Cellar/texlive/20250308_2/share/texmf-dist/tex/latex/kvoptions/k
voptions.sty
Package: kvoptions 2022-06-15 v3.15 Key value format for package options (HO)
))
\c@section@level=\count283
)
(/opt/homebrew/Cellar/texlive/20250308_2/share/texmf-dist/tex/latex/etoolbox/et
oolbox.sty
Package: etoolbox 2025/02/11 v2.5l e-TeX tools for LaTeX (JAW)
\etb@tempcnta=\count284
)
(/opt/homebrew/Cellar/texlive/20250308_2/share/texmf-dist/tex/generic/stringenc
/stringenc.sty
Package: stringenc 2019/11/29 v1.12 Convert strings between diff. encodings (HO
)
)
\@linkdim=\dimen155
\Hy@linkcounter=\count285
\Hy@pagecounter=\count286

(/opt/homebrew/Cellar/texlive/20250308_2/share/texmf-dist/tex/latex/hyperref/pd
1enc.def
File: pd1enc.def 2024-11-05 v7.01l Hyperref: PDFDocEncoding definition (HO)
Now handling font encoding PD1 ...
... no UTF-8 mapping file for font encoding PD1
)
(/opt/homebrew/Cellar/texlive/20250308_2/share/texmf-dist/tex/generic/intcalc/i
ntcalc.sty
Package: intcalc 2019/12/15 v1.3 Expandable calculations with integers (HO)
)
\Hy@SavedSpaceFactor=\count287

(/opt/homebrew/Cellar/texlive/20250308_2/share/texmf-dist/tex/latex/hyperref/pu
enc.def
File: puenc.def 2024-11-05 v7.01l Hyperref: PDF Unicode definition (HO)
Now handling font encoding PU ...
... no UTF-8 mapping file for font encoding PU
)
Package hyperref Info: Option `colorlinks' set `true' on input line 4040.


Package hyperref Warning: Option `pagecolor' is not available anymore.

Package hyperref Info: Option `linktocpage' set `true' on input line 4040.
Package hyperref Info: Hyper figures OFF on input line 4157.
Package hyperref Info: Link nesting OFF on input line 4162.
Package hyperref Info: Hyper index ON on input line 4165.
Package hyperref Info: Plain pages OFF on input line 4172.
Package hyperref Info: Backreferencing OFF on input line 4177.
Package hyperref Info: Implicit mode ON; LaTeX internals redefined.
Package hyperref Info: Bookmarks ON on input line 4424.
\c@Hy@tempcnt=\count288

(/opt/homebrew/Cellar/texlive/20250308_2/share/texmf-dist/tex/latex/url/url.sty
\Urlmuskip=\muskip18
Package: url 2013/09/16  ver 3.4  Verb mode for urls, etc.
)
LaTeX Info: Redefining \url on input line 4763.
\XeTeXLinkMargin=\dimen156

(/opt/homebrew/Cellar/texlive/20250308_2/share/texmf-dist/tex/generic/bitset/bi
tset.sty
Package: bitset 2019/12/09 v1.3 Handle bit-vector datatype (HO)

(/opt/homebrew/Cellar/texlive/20250308_2/share/texmf-dist/tex/generic/bigintcal
c/bigintcalc.sty
Package: bigintcalc 2019/12/15 v1.5 Expandable calculations on big integers (HO
)
))
\Fld@menulength=\count289
\Field@Width=\dimen157
\Fld@charsize=\dimen158
Package hyperref Info: Hyper figures OFF on input line 6042.
Package hyperref Info: Link nesting OFF on input line 6047.
Package hyperref Info: Hyper index ON on input line 6050.
Package hyperref Info: backreferencing OFF on input line 6057.
Package hyperref Info: Link coloring ON on input line 6060.
Package hyperref Info: Link coloring with OCG OFF on input line 6067.
Package hyperref Info: PDF/A mode OFF on input line 6072.

(/opt/homebrew/Cellar/texlive/20250308_2/share/texmf-dist/tex/latex/base/atbegs
hi-ltx.sty
Package: atbegshi-ltx 2021/01/10 v1.0c Emulation of the original atbegshi
package with kernel methods
)
\Hy@abspage=\count290
\c@Item=\count291
\c@Hfootnote=\count292
)
Package hyperref Info: Driver (default): hdvips.

(/opt/homebrew/Cellar/texlive/20250308_2/share/texmf-dist/tex/latex/hyperref/hd
vips.def
File: hdvips.def 2024-11-05 v7.01l Hyperref driver for dvips

(/opt/homebrew/Cellar/texlive/20250308_2/share/texmf-dist/tex/latex/hyperref/pd
fmark.def
File: pdfmark.def 2024-11-05 v7.01l Hyperref definitions for pdfmark specials
\pdf@docset=\toks23
\pdf@box=\box54
\pdf@toks=\toks24
\pdf@defaulttoks=\toks25
\HyField@AnnotCount=\count293
\Fld@listcount=\count294
\c@bookmark@seq@number=\count295

(/opt/homebrew/Cellar/texlive/20250308_2/share/texmf-dist/tex/latex/rerunfilech
eck/rerunfilecheck.sty
Package: rerunfilecheck 2022-07-10 v1.10 Rerun checks for auxiliary files (HO)

(/opt/homebrew/Cellar/texlive/20250308_2/share/texmf-dist/tex/latex/base/atvery
end-ltx.sty
Package: atveryend-ltx 2020/08/19 v1.0a Emulation of the original atveryend pac
kage
with kernel methods
)
(/opt/homebrew/Cellar/texlive/20250308_2/share/texmf-dist/tex/generic/uniquecou
nter/uniquecounter.sty
Package: uniquecounter 2019/12/15 v1.4 Provide unlimited unique counter (HO)
)
Package uniquecounter Info: New unique counter `rerunfilecheck' on input line 2
85.
)
\Hy@SectionHShift=\skip56
))
\auth@toks=\toks26
\affil@toks=\toks27
\email@toks=\toks28
\c@email@counter=\count296
\affiliationsSep=\skip57
LaTeX Font Info:    Trying to load font information for OT1+phv on input line 1
40.

(/opt/homebrew/Cellar/texlive/20250308_2/share/texmf-dist/tex/latex/psnfss/ot1p
hv.fd
File: ot1phv.fd 2020/03/25 scalable font definitions for OT1/phv.
))
(/opt/homebrew/Cellar/texlive/20250308_2/share/texmf-dist/tex/latex/base/fonten
c.sty
Package: fontenc 2021/04/29 v2.0v Standard LaTeX package
)
(/opt/homebrew/Cellar/texlive/20250308_2/share/texmf-dist/tex/latex/colortbl/co
lortbl.sty
Package: colortbl 2024/07/06 v1.0i Color table columns (DPC)

(/opt/homebrew/Cellar/texlive/20250308_2/share/texmf-dist/tex/latex/tools/array
.sty
Package: array 2024/10/17 v2.6g Tabular extension package (FMi)
\col@sep=\dimen159
\ar@mcellbox=\box55
\extrarowheight=\dimen160
\NC@list=\toks29
\extratabsurround=\skip58
\backup@length=\skip59
\ar@cellbox=\box56
)
\everycr=\toks30
\minrowclearance=\skip60
\rownum=\count297
)
(/opt/homebrew/Cellar/texlive/20250308_2/share/texmf-dist/tex/latex/xcolor/xcol
or.sty
Package: xcolor 2024/09/29 v3.02 LaTeX color extensions (UK)

(/opt/homebrew/Cellar/texlive/20250308_2/share/texmf-dist/tex/latex/graphics-cf
g/color.cfg
File: color.cfg 2016/01/02 v1.6 sample color configuration
)
Package xcolor Info: Driver file: dvips.def on input line 274.
LaTeX Info: Redefining \color on input line 762.

(/opt/homebrew/Cellar/texlive/20250308_2/share/texmf-dist/tex/latex/graphics/ma
thcolor.ltx)
Package xcolor Info: Model `cmy' substituted by `cmy0' on input line 1349.
Package xcolor Info: Model `RGB' extended on input line 1365.
Package xcolor Info: Model `HTML' substituted by `rgb' on input line 1367.
Package xcolor Info: Model `Hsb' substituted by `hsb' on input line 1368.
Package xcolor Info: Model `tHsb' substituted by `hsb' on input line 1369.
Package xcolor Info: Model `HSB' substituted by `hsb' on input line 1370.
Package xcolor Info: Model `Gray' substituted by `gray' on input line 1371.
Package xcolor Info: Model `wave' substituted by `hsb' on input line 1372.
)
(/opt/homebrew/Cellar/texlive/20250308_2/share/texmf-dist/tex/latex/float/float
.sty
Package: float 2001/11/08 v1.3d Float enhancements (AL)
\c@float@type=\count298
\float@exts=\toks31
\float@box=\box57
\@float@everytoks=\toks32
\@floatcapt=\box58
)
(/opt/homebrew/Cellar/texlive/20250308_2/share/texmf-dist/tex/latex/l3backend/l
3backend-dvips.def
File: l3backend-dvips.def 2024-05-08 L3 backend support: dvips
\l__pdf_internal_box=\box59
\l__pdf_backend_content_box=\box60
\l__pdf_backend_model_box=\box61
\g__pdf_backend_annotation_int=\count299
\g__pdf_backend_link_int=\count300
\g__pdf_backend_link_sf_int=\count301
) (./main.aux)
\openout1 = `main.aux'.

LaTeX Font Info:    Checking defaults for OML/cmm/m/it on input line 37.
LaTeX Font Info:    ... okay on input line 37.
LaTeX Font Info:    Checking defaults for OMS/cmsy/m/n on input line 37.
LaTeX Font Info:    ... okay on input line 37.
LaTeX Font Info:    Checking defaults for OT1/cmr/m/n on input line 37.
LaTeX Font Info:    ... okay on input line 37.
LaTeX Font Info:    Checking defaults for T1/cmr/m/n on input line 37.
LaTeX Font Info:    ... okay on input line 37.
LaTeX Font Info:    Checking defaults for TS1/cmr/m/n on input line 37.
LaTeX Font Info:    ... okay on input line 37.
LaTeX Font Info:    Checking defaults for OMX/cmex/m/n on input line 37.
LaTeX Font Info:    ... okay on input line 37.
LaTeX Font Info:    Checking defaults for U/cmr/m/n on input line 37.
LaTeX Font Info:    ... okay on input line 37.
LaTeX Font Info:    Checking defaults for PD1/pdf/m/n on input line 37.
LaTeX Font Info:    ... okay on input line 37.
LaTeX Font Info:    Checking defaults for PU/pdf/m/n on input line 37.
LaTeX Font Info:    ... okay on input line 37.
Package hyperref Info: Link coloring ON on input line 37.
 (./main.out) (./main.out)
\@outlinefile=\write3
\openout3 = `main.out'.

File: logo.eps Graphic file (type eps)
 <logo.eps>

Package JHEP Warning: E-mails are missing.
(JHEP)                Plese use \emailAdd macro to provide e-mails..

LaTeX Font Info:    Trying to load font information for U+msa on input line 38.


(/opt/homebrew/Cellar/texlive/20250308_2/share/texmf-dist/tex/latex/amsfonts/um
sa.fd
File: umsa.fd 2013/01/14 v3.01 AMS symbols A
)
LaTeX Font Info:    Trying to load font information for U+msb on input line 38.


(/opt/homebrew/Cellar/texlive/20250308_2/share/texmf-dist/tex/latex/amsfonts/um
sb.fd
File: umsb.fd 2013/01/14 v3.01 AMS symbols B
)
Underfull \hbox (badness 10000) in paragraph at lines 38--38

 []


Underfull \hbox (badness 10000) in paragraph at lines 38--38

 []


Underfull \hbox (badness 10000) in paragraph at lines 38--38

 []


Underfull \hbox (badness 10000) in paragraph at lines 38--38

 []


Underfull \hbox (badness 10000) in paragraph at lines 38--38

 []



[0

] (./main.toc

[1])
\tf@toc=\write4
\openout4 = `main.toc'.



[1]
Overfull \hbox (26.4321pt too wide) in paragraph at lines 50--161
\T1/cmtt/m/n/10 ma5>import /-Users/-omattelaer/-Documents/-git_workspace/-versi
on3/-PROC_sm_14/-bin/-internal/-
 []


Overfull \hbox (31.68082pt too wide) in paragraph at lines 50--161
\T1/cmtt/m/n/10 ma5>import /-Users/-omattelaer/-Documents/-git_workspace/-versi
on3/-PROC_sm_14/-Events/-run_01/-
 []


Overfull \hbox (105.16287pt too wide) in paragraph at lines 50--161
\T1/cmtt/m/n/10 ma5>submit /-Users/-omattelaer/-Documents/-git_workspace/-versi
on3/-PROC_sm_14/-MA5_PARTON_ANALYSIS_analysis1 
 []


Underfull \hbox (badness 10000) in paragraph at lines 50--161

 []



[2]

[3]
Underfull \hbox (badness 10000) in paragraph at lines 189--189
[]|\T1/cmr/m/n/10 PROC_sm_14/-Events/-run_01/-
 []


Overfull \hbox (18.13213pt too wide) in paragraph at lines 185--192
 [] 
 []



[4]
Overfull \hbox (55.33208pt too wide) in paragraph at lines 206--213
 [] 
 []


Underfull \hbox (badness 10000) in paragraph at lines 203--214

 []

File: selection_0.eps Graphic file (type eps)
<selection_0.eps>

[5]
Overfull \hbox (55.33208pt too wide) in paragraph at lines 228--235
 [] 
 []


Underfull \hbox (badness 10000) in paragraph at lines 225--236

 []

File: selection_1.eps Graphic file (type eps)
<selection_1.eps>

[6]
Overfull \hbox (55.33208pt too wide) in paragraph at lines 250--257
 [] 
 []


Underfull \hbox (badness 10000) in paragraph at lines 247--258

 []

File: selection_2.eps Graphic file (type eps)
<selection_2.eps>

[7]
Overfull \hbox (55.33208pt too wide) in paragraph at lines 272--279
 [] 
 []


Underfull \hbox (badness 10000) in paragraph at lines 269--280

 []

File: selection_3.eps Graphic file (type eps)
<selection_3.eps>

[8]
Overfull \hbox (55.33208pt too wide) in paragraph at lines 294--301
 [] 
 []


Underfull \hbox (badness 10000) in paragraph at lines 291--302

 []

File: selection_4.eps Graphic file (type eps)
<selection_4.eps>

[9]
Overfull \hbox (55.33208pt too wide) in paragraph at lines 316--323
 [] 
 []


Underfull \hbox (badness 10000) in paragraph at lines 313--324

 []

File: selection_5.eps Graphic file (type eps)
<selection_5.eps>

[10]
Overfull \hbox (55.33208pt too wide) in paragraph at lines 338--345
 [] 
 []


Underfull \hbox (badness 10000) in paragraph at lines 335--346

 []

File: selection_6.eps Graphic file (type eps)
<selection_6.eps>

[11]
Overfull \hbox (55.33208pt too wide) in paragraph at lines 360--367
 [] 
 []


Underfull \hbox (badness 10000) in paragraph at lines 357--368

 []

File: selection_7.eps Graphic file (type eps)
<selection_7.eps>

[12]
Overfull \hbox (55.33208pt too wide) in paragraph at lines 382--389
 [] 
 []


Underfull \hbox (badness 10000) in paragraph at lines 379--390

 []

File: selection_8.eps Graphic file (type eps)
<selection_8.eps>

[13]
Overfull \hbox (55.33208pt too wide) in paragraph at lines 404--411
 [] 
 []


Underfull \hbox (badness 10000) in paragraph at lines 401--412

 []

File: selection_9.eps Graphic file (type eps)
<selection_9.eps>

[14]
Overfull \hbox (55.33208pt too wide) in paragraph at lines 426--433
 [] 
 []


Underfull \hbox (badness 10000) in paragraph at lines 423--434

 []

File: selection_10.eps Graphic file (type eps)
<selection_10.eps>

[15]
Overfull \hbox (55.33208pt too wide) in paragraph at lines 448--455
 [] 
 []


Underfull \hbox (badness 10000) in paragraph at lines 445--456

 []

File: selection_11.eps Graphic file (type eps)
<selection_11.eps>

[16]
Overfull \hbox (55.33208pt too wide) in paragraph at lines 470--477
 [] 
 []


Underfull \hbox (badness 10000) in paragraph at lines 467--478

 []

File: selection_12.eps Graphic file (type eps)
<selection_12.eps>

[17]
Overfull \hbox (55.33208pt too wide) in paragraph at lines 492--499
 [] 
 []


Underfull \hbox (badness 10000) in paragraph at lines 489--500

 []

File: selection_13.eps Graphic file (type eps)
<selection_13.eps>

[18]
Overfull \hbox (55.33208pt too wide) in paragraph at lines 514--521
 [] 
 []


Underfull \hbox (badness 10000) in paragraph at lines 511--522

 []

File: selection_14.eps Graphic file (type eps)
<selection_14.eps>

[19]
Overfull \hbox (55.33208pt too wide) in paragraph at lines 536--543
 [] 
 []


Underfull \hbox (badness 10000) in paragraph at lines 533--544

 []

File: selection_15.eps Graphic file (type eps)
<selection_15.eps>

[20]
Overfull \hbox (55.33208pt too wide) in paragraph at lines 558--565
 [] 
 []


Underfull \hbox (badness 10000) in paragraph at lines 555--566

 []

File: selection_16.eps Graphic file (type eps)
<selection_16.eps>

[21]
Overfull \hbox (55.33208pt too wide) in paragraph at lines 580--587
 [] 
 []


Underfull \hbox (badness 10000) in paragraph at lines 577--588

 []

File: selection_17.eps Graphic file (type eps)
<selection_17.eps>

[22]
Overfull \hbox (55.33208pt too wide) in paragraph at lines 602--609
 [] 
 []


Underfull \hbox (badness 10000) in paragraph at lines 599--610

 []

File: selection_18.eps Graphic file (type eps)
<selection_18.eps>

[23]
Overfull \hbox (55.33208pt too wide) in paragraph at lines 624--631
 [] 
 []


Underfull \hbox (badness 10000) in paragraph at lines 621--632

 []

File: selection_19.eps Graphic file (type eps)
<selection_19.eps>

[24]
Overfull \hbox (55.33208pt too wide) in paragraph at lines 646--653
 [] 
 []


Underfull \hbox (badness 10000) in paragraph at lines 643--654

 []

File: selection_20.eps Graphic file (type eps)
<selection_20.eps>

[25]
Overfull \hbox (55.33208pt too wide) in paragraph at lines 668--675
 [] 
 []


Underfull \hbox (badness 10000) in paragraph at lines 665--676

 []

File: selection_21.eps Graphic file (type eps)
<selection_21.eps>

[26]
Overfull \hbox (55.33208pt too wide) in paragraph at lines 690--697
 [] 
 []


Underfull \hbox (badness 10000) in paragraph at lines 687--698

 []

File: selection_22.eps Graphic file (type eps)
<selection_22.eps>

[27]
Overfull \hbox (55.33208pt too wide) in paragraph at lines 712--719
 [] 
 []


Underfull \hbox (badness 10000) in paragraph at lines 709--720

 []

File: selection_23.eps Graphic file (type eps)
<selection_23.eps>

[28]
Overfull \hbox (55.33208pt too wide) in paragraph at lines 734--741
 [] 
 []


Underfull \hbox (badness 10000) in paragraph at lines 731--742

 []

File: selection_24.eps Graphic file (type eps)
<selection_24.eps>

[29]
Overfull \hbox (55.33208pt too wide) in paragraph at lines 756--763
 [] 
 []


Underfull \hbox (badness 10000) in paragraph at lines 753--764

 []

File: selection_25.eps Graphic file (type eps)
<selection_25.eps>

[30]
Overfull \hbox (55.33208pt too wide) in paragraph at lines 778--785
 [] 
 []


Underfull \hbox (badness 10000) in paragraph at lines 775--786

 []

File: selection_26.eps Graphic file (type eps)
<selection_26.eps>

[31]
Overfull \hbox (55.33208pt too wide) in paragraph at lines 800--807
 [] 
 []


Underfull \hbox (badness 10000) in paragraph at lines 797--808

 []

File: selection_27.eps Graphic file (type eps)
<selection_27.eps>

[32]
Overfull \hbox (55.33208pt too wide) in paragraph at lines 822--829
 [] 
 []


Underfull \hbox (badness 10000) in paragraph at lines 819--830

 []

File: selection_28.eps Graphic file (type eps)
<selection_28.eps>

[33]
Overfull \hbox (55.33208pt too wide) in paragraph at lines 844--851
 [] 
 []


Underfull \hbox (badness 10000) in paragraph at lines 841--852

 []

File: selection_29.eps Graphic file (type eps)
<selection_29.eps>

[34]
Overfull \hbox (55.33208pt too wide) in paragraph at lines 866--873
 [] 
 []


Underfull \hbox (badness 10000) in paragraph at lines 863--874

 []

File: selection_30.eps Graphic file (type eps)
<selection_30.eps>

[35]
Overfull \hbox (55.33208pt too wide) in paragraph at lines 888--895
 [] 
 []


Underfull \hbox (badness 10000) in paragraph at lines 885--896

 []

File: selection_31.eps Graphic file (type eps)
<selection_31.eps>

[36]
Overfull \hbox (55.33208pt too wide) in paragraph at lines 910--917
 [] 
 []


Underfull \hbox (badness 10000) in paragraph at lines 907--918

 []

File: selection_32.eps Graphic file (type eps)
<selection_32.eps>

[37]
Overfull \hbox (55.33208pt too wide) in paragraph at lines 932--939
 [] 
 []


Underfull \hbox (badness 10000) in paragraph at lines 929--940

 []

File: selection_33.eps Graphic file (type eps)
<selection_33.eps>

[38]
Overfull \hbox (55.33208pt too wide) in paragraph at lines 954--961
 [] 
 []


Underfull \hbox (badness 10000) in paragraph at lines 951--962

 []

File: selection_34.eps Graphic file (type eps)
<selection_34.eps>

[39]
Overfull \hbox (55.33208pt too wide) in paragraph at lines 976--983
 [] 
 []


Underfull \hbox (badness 10000) in paragraph at lines 973--984

 []

File: selection_35.eps Graphic file (type eps)
<selection_35.eps>

[40]
Overfull \hbox (55.33208pt too wide) in paragraph at lines 998--1005
 [] 
 []


Underfull \hbox (badness 10000) in paragraph at lines 995--1006

 []

File: selection_36.eps Graphic file (type eps)
<selection_36.eps>

[41]
Overfull \hbox (55.33208pt too wide) in paragraph at lines 1020--1027
 [] 
 []


Underfull \hbox (badness 10000) in paragraph at lines 1017--1028

 []

File: selection_37.eps Graphic file (type eps)
<selection_37.eps>

[42]
Overfull \hbox (55.33208pt too wide) in paragraph at lines 1042--1049
 [] 
 []


Underfull \hbox (badness 10000) in paragraph at lines 1039--1050

 []

File: selection_38.eps Graphic file (type eps)
<selection_38.eps>

[43]
Overfull \hbox (55.33208pt too wide) in paragraph at lines 1064--1071
 [] 
 []


Underfull \hbox (badness 10000) in paragraph at lines 1061--1072

 []

File: selection_39.eps Graphic file (type eps)
<selection_39.eps>

[44]
Overfull \hbox (55.33208pt too wide) in paragraph at lines 1086--1093
 [] 
 []


Underfull \hbox (badness 10000) in paragraph at lines 1083--1094

 []

File: selection_40.eps Graphic file (type eps)
<selection_40.eps>

[45]
Overfull \hbox (55.33208pt too wide) in paragraph at lines 1108--1115
 [] 
 []


Underfull \hbox (badness 10000) in paragraph at lines 1105--1116

 []

File: selection_41.eps Graphic file (type eps)
<selection_41.eps>

[46]
Overfull \hbox (55.33208pt too wide) in paragraph at lines 1130--1137
 [] 
 []


Underfull \hbox (badness 10000) in paragraph at lines 1127--1138

 []

File: selection_42.eps Graphic file (type eps)
<selection_42.eps>

[47]
Overfull \hbox (55.33208pt too wide) in paragraph at lines 1152--1159
 [] 
 []


Underfull \hbox (badness 10000) in paragraph at lines 1149--1160

 []

File: selection_43.eps Graphic file (type eps)
<selection_43.eps>

[48]
Overfull \hbox (55.33208pt too wide) in paragraph at lines 1174--1181
 [] 
 []


Underfull \hbox (badness 10000) in paragraph at lines 1171--1182

 []

File: selection_44.eps Graphic file (type eps)
<selection_44.eps>

[49]
Overfull \hbox (55.33208pt too wide) in paragraph at lines 1196--1203
 [] 
 []


Underfull \hbox (badness 10000) in paragraph at lines 1193--1204

 []

File: selection_45.eps Graphic file (type eps)
<selection_45.eps>

[50]
Overfull \hbox (55.33208pt too wide) in paragraph at lines 1218--1225
 [] 
 []


Underfull \hbox (badness 10000) in paragraph at lines 1215--1226

 []

File: selection_46.eps Graphic file (type eps)
<selection_46.eps>

[51]
Overfull \hbox (55.33208pt too wide) in paragraph at lines 1240--1247
 [] 
 []


Underfull \hbox (badness 10000) in paragraph at lines 1237--1248

 []

File: selection_47.eps Graphic file (type eps)
<selection_47.eps>

[52]
Overfull \hbox (55.33208pt too wide) in paragraph at lines 1262--1269
 [] 
 []


Underfull \hbox (badness 10000) in paragraph at lines 1259--1270

 []

File: selection_48.eps Graphic file (type eps)
<selection_48.eps>

[53] (./main.aux)
 ***********
LaTeX2e <2024-11-01> patch level 2
L3 programming layer <2025-01-18>
 ***********
Package rerunfilecheck Info: File `main.out' has not changed.
(rerunfilecheck)             Checksum: F3A60C3D90FB0D83B8A0EB5D4438336B;6983.
 ) 
Here is how much of TeX's memory you used:
 11161 strings out of 473191
 172340 string characters out of 5704361
 592764 words of memory out of 5000000
 34217 multiletter control sequences out of 15000+600000
 571541 words of font info for 60 fonts, out of 8000000 for 9000
 1141 hyphenation exceptions out of 8191
 90i,12n,93p,341b,479s stack positions out of 10000i,1000n,20000p,200000b,200000s

Output written on main.dvi (55 pages, 175052 bytes).
