Running MG5 in debug mode
using input+file /private/tmp/t62_scratch/tree2/mode_madspin_joint/madspin_card.dat
************************************************************
*                                                          *
*           W E L C O M E  to  M A D S P I N               *
*                                                          *
************************************************************
[1;31mCRITICAL:  set configuration option f2py_compiler to /Users/omattelaer/Documents/git_workspace/version3/py313/.direnv/python-3.13/bin/f2py --python=3.13 [1;30m[madgraph_interface.py at line 7452][0m [0m
[1;31mCRITICAL:  set configuration option f2py_compiler to /Users/omattelaer/Documents/git_workspace/version3/py311/.direnv/python-3.13/bin/f2py --python=3.11 [1;30m[madgraph_interface.py at line 7452][0m [0m
[1;31mCRITICAL:  set configuration option f2py_compiler to /Users/omattelaer/Documents/git_workspace/version3/py312/.direnv/python-3.13/bin/f2py --python=3.12 [1;30m[madgraph_interface.py at line 7452][0m [0m
[1;31mCRITICAL:  set configuration option f2py_compiler to /Users/omattelaer/Documents/git_workspace/version3/py314/.direnv/python-3.13/bin/f2py --python=3.14 [1;30m[madgraph_interface.py at line 7452][0m [0m
[1;31mCRITICAL:  set configuration option lhapdf to /Users/omattelaer/Documents/HEPTools/lhapdf6_py312/bin/lhapdf-config --python=3.12 [1;30m[madgraph_interface.py at line 7452][0m [0m
[1;31mCRITICAL:  set configuration option lhapdf to /Users/omattelaer/Documents/HEPTools/lhapdf6_py313/bin/lhapdf-config --python=3.13 [1;30m[madgraph_interface.py at line 7452][0m [0m
[1;31mCRITICAL:  set configuration option lhapdf to /Users/omattelaer/Documents/HEPTools/lhapdf6_py314/bin/lhapdf-config --python=3.14 [1;30m[madgraph_interface.py at line 7452][0m [0m
set spinmode madspin
set seed 42
set max_running_process 4
set nb_core 8
set unweighting joint
define p = g u d s c u~ d~ s~ c~
define p = g u d s c u~ d~ s~ c~
INFO: Restrict model sm with file ../../../t62/models/sm/restrict_default.dat . 
[1;32mDEBUG: Simplifying conditional expressions [0m
[1;32mDEBUG: remove interactions: u s w+ at order: QED=1 [0m
[1;32mDEBUG: remove interactions: u b w+ at order: QED=1 [0m
[1;32mDEBUG: remove interactions: c d w+ at order: QED=1 [0m
[1;32mDEBUG: remove interactions: c b w+ at order: QED=1 [0m
[1;32mDEBUG: remove interactions: t d w+ at order: QED=1 [0m
[1;32mDEBUG: remove interactions: t s w+ at order: QED=1 [0m
[1;32mDEBUG: remove interactions: s u w+ at order: QED=1 [0m
[1;32mDEBUG: remove interactions: b u w+ at order: QED=1 [0m
[1;32mDEBUG: remove interactions: d c w+ at order: QED=1 [0m
[1;32mDEBUG: remove interactions: b c w+ at order: QED=1 [0m
[1;32mDEBUG: remove interactions: d t w+ at order: QED=1 [0m
[1;32mDEBUG: remove interactions: s t w+ at order: QED=1 [0m
[1;32mDEBUG: remove interactions: c c h at order: QED=1 [0m
[1;32mDEBUG: remove interactions: e- e- h at order: QED=1 [0m
[1;32mDEBUG: remove interactions: mu- mu- h at order: QED=1 [0m
[1;32mDEBUG:  Fuse the Following coupling (they have the same value): ('GC_100', 1), ('GC_104', 1), ('GC_108', 1), ('GC_40', 1), ('GC_41', 1), ('GC_45', 1), ('GC_49', 1)  [0m
[1;32mDEBUG:  Fuse the Following coupling (they have the same value): ('GC_21', 1), ('GC_27', -1)  [0m
[1;32mDEBUG:  Fuse the Following coupling (they have the same value): ('GC_15', 1), ('GC_30', -1)  [0m
[1;32mDEBUG:  Fuse the Following coupling (they have the same value): ('GC_38', 1), ('GC_39', -1)  [0m
[1;32mDEBUG:  Fuse the Following coupling (they have the same value): ('GC_3', 1), ('GC_4', -1)  [0m
[1;32mDEBUG:  Fuse the Following coupling (they have the same value): ('GC_50', 1), ('GC_51', -1)  [0m
[1;32mDEBUG:  Fuse the Following coupling (they have the same value): ('GC_54', 1), ('GC_56', -1)  [0m
[1;32mDEBUG:  Fuse the Following coupling (they have the same value): ('GC_66', 1), ('GC_67', -1)  [0m
[1;32mDEBUG:  Fuse the Following coupling (they have the same value): ('GC_70', 1), ('GC_73', -1)  [0m
[1;32mDEBUG:  Fuse the Following coupling (they have the same value): ('GC_74', 1), ('GC_75', -1)  [0m
[1;32mDEBUG:  Fuse the Following coupling (they have the same value): ('GC_77', 1), ('GC_78', -1)  [0m
[1;32mDEBUG:  Fuse the Following coupling (they have the same value): ('GC_76', 1), ('GC_79', -1)  [0m
[1;32mDEBUG:  Fuse the Following coupling (they have the same value): ('GC_7', 1), ('GC_9', -1)  [0m
[1;32mDEBUG:  Fuse the Following coupling (they have the same value): ('GC_96', 1), ('GC_97', -1)  [0m
[1;32mDEBUG: remove parameters: mdl_lamWS [0m
[1;32mDEBUG: remove parameters: mdl_AWS [0m
[1;32mDEBUG: remove parameters: mdl_rhoWS [0m
[1;32mDEBUG: remove parameters: mdl_etaWS [0m
[1;32mDEBUG: remove parameters: mdl_ymc [0m
[1;32mDEBUG: remove parameters: mdl_yme [0m
[1;32mDEBUG: remove parameters: mdl_ymm [0m
[1;32mDEBUG: remove parameters: mdl_MC [0m
[1;32mDEBUG: remove parameters: mdl_Me [0m
[1;32mDEBUG: remove parameters: mdl_MM [0m
[1;32mDEBUG: remove parameters: mdl_WTau [0m
[1;32mDEBUG: remove parameters: mdl_lamWS__exp__2 [0m
[1;32mDEBUG: remove parameters: mdl_CKM1x2 [0m
[1;32mDEBUG: remove parameters: mdl_lamWS__exp__3 [0m
[1;32mDEBUG: remove parameters: mdl_CKM1x3 [0m
[1;32mDEBUG: remove parameters: mdl_CKM2x1 [0m
[1;32mDEBUG: remove parameters: mdl_CKM2x3 [0m
[1;32mDEBUG: remove parameters: mdl_CKM3x1 [0m
[1;32mDEBUG: remove parameters: mdl_CKM3x2 [0m
[1;32mDEBUG: remove parameters: mdl_conjg__CKM1x3 [0m
[1;32mDEBUG: remove parameters: mdl_conjg__CKM2x3 [0m
[1;32mDEBUG: remove parameters: mdl_conjg__CKM2x1 [0m
[1;32mDEBUG: remove parameters: mdl_conjg__CKM3x1 [0m
[1;32mDEBUG: remove parameters: mdl_conjg__CKM3x2 [0m
[1;32mDEBUG: remove parameters: mdl_conjg__CKM1x2 [0m
[1;32mDEBUG: remove parameters: mdl_yc [0m
[1;32mDEBUG: remove parameters: mdl_ye [0m
[1;32mDEBUG: remove parameters: mdl_ym [0m
[1;32mDEBUG: remove parameters: mdl_I1x31 [0m
[1;32mDEBUG: remove parameters: mdl_I1x32 [0m
[1;32mDEBUG: remove parameters: mdl_I2x12 [0m
[1;32mDEBUG: remove parameters: mdl_I2x13 [0m
[1;32mDEBUG: remove parameters: mdl_I2x22 [0m
[1;32mDEBUG: remove parameters: mdl_I2x23 [0m
[1;32mDEBUG: remove parameters: mdl_I2x32 [0m
[1;32mDEBUG: remove parameters: mdl_I3x21 [0m
[1;32mDEBUG: remove parameters: mdl_I3x22 [0m
[1;32mDEBUG: remove parameters: mdl_I3x23 [0m
[1;32mDEBUG: remove parameters: mdl_I3x31 [0m
[1;32mDEBUG: remove parameters: mdl_I3x32 [0m
[1;32mDEBUG: remove parameters: mdl_I4x13 [0m
[1;32mDEBUG: remove parameters: mdl_I4x23 [0m
[1;32mDEBUG: remove parameters: mdl_CKM1x1 [0m
[1;32mDEBUG: remove parameters: mdl_CKM2x2 [0m
[1;32mDEBUG: fix parameter value: mdl_CKM3x3 [0m
[1;32mDEBUG: fix parameter value: mdl_conjg__CKM3x3 [0m
[1;32mDEBUG: remove parameters: mdl_conjg__CKM2x2 [0m
[1;32mDEBUG: fix parameter value: mdl_conjg__CKM1x1 [0m
INFO: Change particles name to pass to MG5 convention 
Defined multiparticle p = g u c d s u~ c~ d~ s~
Defined multiparticle j = g u c d s u~ c~ d~ s~
Defined multiparticle l+ = e+ mu+
Defined multiparticle l- = e- mu-
Defined multiparticle vl = ve vm vt
Defined multiparticle vl~ = ve~ vm~ vt~
Defined multiparticle all = g u c d s u~ c~ d~ s~ a ve vm vt e- mu- ve~ vm~ vt~ e+ mu+ t b t~ b~ z w+ h w- ta- ta+
Defined multiparticle p = g u d s c u~ d~ s~ c~
define l+ = e+ mu+
define l+ = e+ mu+
Defined multiparticle l+ = e+ mu+
define vl = ve vm
define vl = ve vm
Defined multiparticle vl = ve vm
define l- = e- mu-
define l- = e- mu-
Defined multiparticle l- = e- mu-
define vl~ = ve~ vm~
define vl~ = ve~ vm~
Defined multiparticle vl~ = ve~ vm~
import /tmp/t62_scratch/tree2/mode_madspin_joint/events.lhe.gz
INFO: process: p p > t t~ 
INFO: options:  
Set group_subprocesses to Auto
Note that you need to regenerate all processes
Complex mass already desactivated.
set loop optimized output to True
set loop color flows to False
INFO: detected model: sm. Loading... 
INFO: Restrict model sm with file ../../../t62/models/sm/restrict_default.dat . 
[1;32mDEBUG: Simplifying conditional expressions [0m
[1;32mDEBUG: remove interactions: u s w+ at order: QED=1 [0m
[1;32mDEBUG: remove interactions: u b w+ at order: QED=1 [0m
[1;32mDEBUG: remove interactions: c d w+ at order: QED=1 [0m
[1;32mDEBUG: remove interactions: c b w+ at order: QED=1 [0m
[1;32mDEBUG: remove interactions: t d w+ at order: QED=1 [0m
[1;32mDEBUG: remove interactions: t s w+ at order: QED=1 [0m
[1;32mDEBUG: remove interactions: s u w+ at order: QED=1 [0m
[1;32mDEBUG: remove interactions: b u w+ at order: QED=1 [0m
[1;32mDEBUG: remove interactions: d c w+ at order: QED=1 [0m
[1;32mDEBUG: remove interactions: b c w+ at order: QED=1 [0m
[1;32mDEBUG: remove interactions: d t w+ at order: QED=1 [0m
[1;32mDEBUG: remove interactions: s t w+ at order: QED=1 [0m
[1;32mDEBUG: remove interactions: c c h at order: QED=1 [0m
[1;32mDEBUG: remove interactions: e- e- h at order: QED=1 [0m
[1;32mDEBUG: remove interactions: mu- mu- h at order: QED=1 [0m
[1;32mDEBUG:  Fuse the Following coupling (they have the same value): ('GC_100', 1), ('GC_104', 1), ('GC_108', 1), ('GC_40', 1), ('GC_41', 1), ('GC_45', 1), ('GC_49', 1)  [0m
[1;32mDEBUG:  Fuse the Following coupling (they have the same value): ('GC_21', 1), ('GC_27', -1)  [0m
[1;32mDEBUG:  Fuse the Following coupling (they have the same value): ('GC_15', 1), ('GC_30', -1)  [0m
[1;32mDEBUG:  Fuse the Following coupling (they have the same value): ('GC_38', 1), ('GC_39', -1)  [0m
[1;32mDEBUG:  Fuse the Following coupling (they have the same value): ('GC_3', 1), ('GC_4', -1)  [0m
[1;32mDEBUG:  Fuse the Following coupling (they have the same value): ('GC_50', 1), ('GC_51', -1)  [0m
[1;32mDEBUG:  Fuse the Following coupling (they have the same value): ('GC_54', 1), ('GC_56', -1)  [0m
[1;32mDEBUG:  Fuse the Following coupling (they have the same value): ('GC_66', 1), ('GC_67', -1)  [0m
[1;32mDEBUG:  Fuse the Following coupling (they have the same value): ('GC_70', 1), ('GC_73', -1)  [0m
[1;32mDEBUG:  Fuse the Following coupling (they have the same value): ('GC_74', 1), ('GC_75', -1)  [0m
[1;32mDEBUG:  Fuse the Following coupling (they have the same value): ('GC_77', 1), ('GC_78', -1)  [0m
[1;32mDEBUG:  Fuse the Following coupling (they have the same value): ('GC_76', 1), ('GC_79', -1)  [0m
[1;32mDEBUG:  Fuse the Following coupling (they have the same value): ('GC_7', 1), ('GC_9', -1)  [0m
[1;32mDEBUG:  Fuse the Following coupling (they have the same value): ('GC_96', 1), ('GC_97', -1)  [0m
[1;32mDEBUG: fix parameter value: mdl_lamWS [0m
[1;32mDEBUG: fix parameter value: mdl_AWS [0m
[1;32mDEBUG: fix parameter value: mdl_rhoWS [0m
[1;32mDEBUG: fix parameter value: mdl_etaWS [0m
[1;32mDEBUG: fix parameter value: mdl_ymc [0m
[1;32mDEBUG: fix parameter value: mdl_yme [0m
[1;32mDEBUG: fix parameter value: mdl_ymm [0m
[1;32mDEBUG: fix parameter value: mdl_MC [0m
[1;32mDEBUG: fix parameter value: mdl_Me [0m
[1;32mDEBUG: fix parameter value: mdl_MM [0m
[1;32mDEBUG: fix parameter value: mdl_WTau [0m
[1;32mDEBUG: fix parameter value: mdl_lamWS__exp__2 [0m
[1;32mDEBUG: fix parameter value: mdl_CKM1x2 [0m
[1;32mDEBUG: fix parameter value: mdl_lamWS__exp__3 [0m
[1;32mDEBUG: fix parameter value: mdl_CKM1x3 [0m
[1;32mDEBUG: fix parameter value: mdl_CKM2x1 [0m
[1;32mDEBUG: fix parameter value: mdl_CKM2x3 [0m
[1;32mDEBUG: fix parameter value: mdl_CKM3x1 [0m
[1;32mDEBUG: fix parameter value: mdl_CKM3x2 [0m
[1;32mDEBUG: fix parameter value: mdl_conjg__CKM1x3 [0m
[1;32mDEBUG: fix parameter value: mdl_conjg__CKM2x3 [0m
[1;32mDEBUG: fix parameter value: mdl_conjg__CKM2x1 [0m
[1;32mDEBUG: fix parameter value: mdl_conjg__CKM3x1 [0m
[1;32mDEBUG: fix parameter value: mdl_conjg__CKM3x2 [0m
[1;32mDEBUG: fix parameter value: mdl_conjg__CKM1x2 [0m
[1;32mDEBUG: fix parameter value: mdl_yc [0m
[1;32mDEBUG: fix parameter value: mdl_ye [0m
[1;32mDEBUG: fix parameter value: mdl_ym [0m
[1;32mDEBUG: fix parameter value: mdl_I1x31 [0m
[1;32mDEBUG: fix parameter value: mdl_I1x32 [0m
[1;32mDEBUG: fix parameter value: mdl_I2x12 [0m
[1;32mDEBUG: fix parameter value: mdl_I2x13 [0m
[1;32mDEBUG: fix parameter value: mdl_I2x22 [0m
[1;32mDEBUG: fix parameter value: mdl_I2x23 [0m
[1;32mDEBUG: fix parameter value: mdl_I2x32 [0m
[1;32mDEBUG: fix parameter value: mdl_I3x21 [0m
[1;32mDEBUG: fix parameter value: mdl_I3x22 [0m
[1;32mDEBUG: fix parameter value: mdl_I3x23 [0m
[1;32mDEBUG: fix parameter value: mdl_I3x31 [0m
[1;32mDEBUG: fix parameter value: mdl_I3x32 [0m
[1;32mDEBUG: fix parameter value: mdl_I4x13 [0m
[1;32mDEBUG: fix parameter value: mdl_I4x23 [0m
[1;32mDEBUG: fix parameter value: mdl_CKM1x1 [0m
[1;32mDEBUG: fix parameter value: mdl_CKM2x2 [0m
[1;32mDEBUG: fix parameter value: mdl_CKM3x3 [0m
[1;32mDEBUG: fix parameter value: mdl_conjg__CKM3x3 [0m
[1;32mDEBUG: fix parameter value: mdl_conjg__CKM2x2 [0m
[1;32mDEBUG: fix parameter value: mdl_conjg__CKM1x1 [0m
INFO: Change particles name to pass to MG5 convention 
Kept definitions of multiparticles p / j / l+ / l- / vl / vl~ unchanged
Defined multiparticle all = g u c d s u~ c~ d~ s~ a ve vm vt e- mu- ve~ vm~ vt~ e+ mu+ t b t~ b~ z w+ h w- ta- ta+
Set group_subprocesses to Auto
Note that you need to regenerate all processes
Complex mass already desactivated.
set loop optimized output to True
set loop color flows to False
Defined multiparticle p = g u c d s u~ c~ d~ s~
Defined multiparticle j = g u c d s u~ c~ d~ s~
Defined multiparticle p = g u d s c u~ d~ s~ c~
Defined multiparticle l+ = e+ mu+
Defined multiparticle vl = ve vm
Defined multiparticle l- = e- mu-
Defined multiparticle vl~ = ve~ vm~
decay t > b w+, w+ > l+ vl
decay t~ > b~ w-, w- > l- vl~
launch
INFO: Running MadSpin in spinmode madspin 
INFO: MadSpin: decay_output = unweighted (auto, ordinary run) 
INFO: Will use seed 686579303 
INFO: MadSpin: unweighting = joint (set explicitly) 
INFO: MadSpin: generating the decay events of 2 particles at once, 8 core(s) each 
INFO: generate 304250 decay event for particle t 
INFO: generate 304250 decay event for particle t~ 
stty: stdin isn't a terminal
stty: stdin isn't a terminal
INFO: Time for decay event generation = 101.2 sec 
INFO: Time for decay event generation = 102.2 sec 
INFO: generating the production square matrix element for density 
INFO: generate p p  > t* t~* ;output standalone /private/tmp/t62_scratch/tree2/mode_madspin_joint/madspin_me --prefix=int --density=1 
INFO: generate matrix element for decay only (1 - > N). 
INFO: generate t* >  b w+ , w+ > l+ vl  @0 --no_warning=duplicate --standalone;add process t~* >  b~ w- , w- > l- vl~  @1 --no_warning=duplicate --standalone;output standalone /private/tmp/t62_scratch/tree2/mode_madspin_joint/madspin_decay --prefix=int --density=1 -f 
INFO: Done 3.649 
INFO: Compiling code 
INFO: Compiling code 
INFO: Time ME generation: 11.98 sec 
INFO: Estimating the maximum weight 
INFO: ***************************** 
INFO: Probing the first 144 events with 483 phase space points 
INFO: MadSpin: probing the maximum weight on 8 cores 
INFO: Event 1/18 :  1.236264s 
INFO: Event 6/18 :  2.064499s 
INFO: Event 11/18 :  3.181584s 
INFO: Event 16/18 :  4.366778s 
INFO: Start generating decays 
INFO: MadSpin: unweighting 100000 events on 8 cores 
INFO: decaying event number 10/12500. Trials per event: 3.4 [0.39216113090515137 s] 
INFO: decaying event number 20/12500. Trials per event: 4.35 [0.4138309955596924 s] 
INFO: decaying event number 30/12500. Trials per event: 4.267 [0.42981791496276855 s] 
INFO: decaying event number 40/12500. Trials per event: 4.075 [0.44393396377563477 s] 
INFO: decaying event number 50/12500. Trials per event: 4.2 [0.4613351821899414 s] 
INFO: decaying event number 60/12500. Trials per event: 4.133 [0.47762584686279297 s] 
INFO: decaying event number 70/12500. Trials per event: 4 [0.4904019832611084 s] 
INFO: decaying event number 80/12500. Trials per event: 3.95 [0.5042769908905029 s] 
INFO: decaying event number 90/12500. Trials per event: 4.1 [0.5240068435668945 s] 
INFO: decaying event number 100/12500. Trials per event: 3.99 [0.5364699363708496 s] 
INFO: decaying event number 200/12500. Trials per event: 3.895 [0.6952130794525146 s] 
INFO: decaying event number 300/12500. Trials per event: 3.907 [0.9192378520965576 s] 
INFO: decaying event number 400/12500. Trials per event: 3.95 [1.1484880447387695 s] 
INFO: decaying event number 500/12500. Trials per event: 3.992 [1.3938179016113281 s] 
INFO: decaying event number 600/12500. Trials per event: 4.057 [1.6347029209136963 s] 
INFO: decaying event number 700/12500. Trials per event: 4.106 [1.8730418682098389 s] 
INFO: decaying event number 800/12500. Trials per event: 4.145 [2.1219429969787598 s] 
INFO: decaying event number 900/12500. Trials per event: 4.182 [2.389007806777954 s] 
INFO: decaying event number 1000/12500. Trials per event: 4.177 [2.6449759006500244 s] 
INFO: decaying event number 2000/12500. Trials per event: 4.223 [5.164971113204956 s] 
INFO: decaying event number 3000/12500. Trials per event: 4.327 [7.9028160572052 s] 
INFO: decaying event number 4000/12500. Trials per event: 4.289 [10.279324054718018 s] 
INFO: decaying event number 5000/12500. Trials per event: 4.322 [12.859233140945435 s] 
INFO: decaying event number 6000/12500. Trials per event: 4.335 [15.3628249168396 s] 
INFO: decaying event number 7000/12500. Trials per event: 4.326 [17.911503791809082 s] 
INFO: decaying event number 8000/12500. Trials per event: 4.333 [20.904009103775024 s] 
INFO: decaying event number 9000/12500. Trials per event: 4.334 [23.643576860427856 s] 
INFO: decaying event number 10000/12500. Trials per event: 4.348 [25.753397941589355 s] 
INFO: worker 7 of 8 done. [29.3 s] 
INFO: worker 4 of 8 done. [29.8 s] 
INFO: worker 2 of 8 done. [29.8 s] 
INFO: worker 3 of 8 done. [29.9 s] 
INFO: worker 6 of 8 done. [29.8 s] 
INFO: worker 5 of 8 done. [29.8 s] 
INFO: MadSpin worker 0 OWNS pdg -6: generating gen 1 (8464 events, seed 144183813) for all 8 workers 
INFO: generate 8464 decay event for particle t~ 
INFO: MadSpin worker 1 OWNS pdg 6: generating gen 1 (8000 events, seed 693679429) for all 8 workers 
INFO: generate 8000 decay event for particle t 
stty: stdin isn't a terminal
stty: stdin isn't a terminal
INFO: Time for decay event generation = 12.6 sec 
INFO: worker 1 of 8 done. [42.9 s] 
INFO: Time for decay event generation = 13.1 sec 
INFO: worker 0 of 8 done. [43.5 s] 
INFO: MadSpin unweight efficiency: 0.2330 (100000 written / 429098 trials, 4.29 trials/event) 
[1;34mWARNING: MadSpin overweight safety net: 5/100000 written events (0.005%) carried a non-unit weight because a trial weight exceeded its accept/reject bound; total carried excess 1.71319, i.e. 0.00171% of the sample's normalisation, largest single factor 1.6580 (5 of them from the joint accept/reject). Clipping those to 1 -- what MadSpin did before -- would have silently biased the sample low by that amount. [0m
INFO: Done so far. output written in /private/tmp/t62_scratch/tree2/mode_madspin_joint/events_decayed.lhe 
INFO: Time for decay = 70.33 sec 
quit
