Running MG5 in debug mode
using input+file /private/tmp/t62_scratch/tree2/mode_onshell_sequential/madspin_card.dat
************************************************************
*                                                          *
*           W E L C O M E  to  M A D S P I N               *
*                                                          *
************************************************************
[1;31mCRITICAL:  set configuration option f2py_compiler to /Users/omattelaer/Documents/git_workspace/version3/py313/.direnv/python-3.13/bin/f2py --python=3.13 [1;30m[madgraph_interface.py at line 7452][0m [0m
[1;31mCRITICAL:  set configuration option f2py_compiler to /Users/omattelaer/Documents/git_workspace/version3/py311/.direnv/python-3.13/bin/f2py --python=3.11 [1;30m[madgraph_interface.py at line 7452][0m [0m
[1;31mCRITICAL:  set configuration option f2py_compiler to /Users/omattelaer/Documents/git_workspace/version3/py312/.direnv/python-3.13/bin/f2py --python=3.12 [1;30m[madgraph_interface.py at line 7452][0m [0m
[1;31mCRITICAL:  set configuration option f2py_compiler to /Users/omattelaer/Documents/git_workspace/version3/py314/.direnv/python-3.13/bin/f2py --python=3.14 [1;30m[madgraph_interface.py at line 7452][0m [0m
[1;31mCRITICAL:  set configuration option lhapdf to /Users/omattelaer/Documents/HEPTools/lhapdf6_py312/bin/lhapdf-config --python=3.12 [1;30m[madgraph_interface.py at line 7452][0m [0m
[1;31mCRITICAL:  set configuration option lhapdf to /Users/omattelaer/Documents/HEPTools/lhapdf6_py313/bin/lhapdf-config --python=3.13 [1;30m[madgraph_interface.py at line 7452][0m [0m
[1;31mCRITICAL:  set configuration option lhapdf to /Users/omattelaer/Documents/HEPTools/lhapdf6_py314/bin/lhapdf-config --python=3.14 [1;30m[madgraph_interface.py at line 7452][0m [0m
set spinmode onshell
set seed 42
set max_running_process 4
set nb_core 8
set unweighting sequential
define p = g u d s c u~ d~ s~ c~
define p = g u d s c u~ d~ s~ c~
INFO: Restrict model sm with file ../../../t62/models/sm/restrict_default.dat . 
[1;32mDEBUG: Simplifying conditional expressions [0m
[1;32mDEBUG: remove interactions: u s w+ at order: QED=1 [0m
[1;32mDEBUG: remove interactions: u b w+ at order: QED=1 [0m
[1;32mDEBUG: remove interactions: c d w+ at order: QED=1 [0m
[1;32mDEBUG: remove interactions: c b w+ at order: QED=1 [0m
[1;32mDEBUG: remove interactions: t d w+ at order: QED=1 [0m
[1;32mDEBUG: remove interactions: t s w+ at order: QED=1 [0m
[1;32mDEBUG: remove interactions: s u w+ at order: QED=1 [0m
[1;32mDEBUG: remove interactions: b u w+ at order: QED=1 [0m
[1;32mDEBUG: remove interactions: d c w+ at order: QED=1 [0m
[1;32mDEBUG: remove interactions: b c w+ at order: QED=1 [0m
[1;32mDEBUG: remove interactions: d t w+ at order: QED=1 [0m
[1;32mDEBUG: remove interactions: s t w+ at order: QED=1 [0m
[1;32mDEBUG: remove interactions: c c h at order: QED=1 [0m
[1;32mDEBUG: remove interactions: e- e- h at order: QED=1 [0m
[1;32mDEBUG: remove interactions: mu- mu- h at order: QED=1 [0m
[1;32mDEBUG:  Fuse the Following coupling (they have the same value): ('GC_100', 1), ('GC_104', 1), ('GC_108', 1), ('GC_40', 1), ('GC_41', 1), ('GC_45', 1), ('GC_49', 1)  [0m
[1;32mDEBUG:  Fuse the Following coupling (they have the same value): ('GC_21', 1), ('GC_27', -1)  [0m
[1;32mDEBUG:  Fuse the Following coupling (they have the same value): ('GC_15', 1), ('GC_30', -1)  [0m
[1;32mDEBUG:  Fuse the Following coupling (they have the same value): ('GC_38', 1), ('GC_39', -1)  [0m
[1;32mDEBUG:  Fuse the Following coupling (they have the same value): ('GC_3', 1), ('GC_4', -1)  [0m
[1;32mDEBUG:  Fuse the Following coupling (they have the same value): ('GC_50', 1), ('GC_51', -1)  [0m
[1;32mDEBUG:  Fuse the Following coupling (they have the same value): ('GC_54', 1), ('GC_56', -1)  [0m
[1;32mDEBUG:  Fuse the Following coupling (they have the same value): ('GC_66', 1), ('GC_67', -1)  [0m
[1;32mDEBUG:  Fuse the Following coupling (they have the same value): ('GC_70', 1), ('GC_73', -1)  [0m
[1;32mDEBUG:  Fuse the Following coupling (they have the same value): ('GC_74', 1), ('GC_75', -1)  [0m
[1;32mDEBUG:  Fuse the Following coupling (they have the same value): ('GC_77', 1), ('GC_78', -1)  [0m
[1;32mDEBUG:  Fuse the Following coupling (they have the same value): ('GC_76', 1), ('GC_79', -1)  [0m
[1;32mDEBUG:  Fuse the Following coupling (they have the same value): ('GC_7', 1), ('GC_9', -1)  [0m
[1;32mDEBUG:  Fuse the Following coupling (they have the same value): ('GC_96', 1), ('GC_97', -1)  [0m
[1;32mDEBUG: remove parameters: mdl_lamWS [0m
[1;32mDEBUG: remove parameters: mdl_AWS [0m
[1;32mDEBUG: remove parameters: mdl_rhoWS [0m
[1;32mDEBUG: remove parameters: mdl_etaWS [0m
[1;32mDEBUG: remove parameters: mdl_ymc [0m
[1;32mDEBUG: remove parameters: mdl_yme [0m
[1;32mDEBUG: remove parameters: mdl_ymm [0m
[1;32mDEBUG: remove parameters: mdl_MC [0m
[1;32mDEBUG: remove parameters: mdl_Me [0m
[1;32mDEBUG: remove parameters: mdl_MM [0m
[1;32mDEBUG: remove parameters: mdl_WTau [0m
[1;32mDEBUG: remove parameters: mdl_lamWS__exp__2 [0m
[1;32mDEBUG: remove parameters: mdl_CKM1x2 [0m
[1;32mDEBUG: remove parameters: mdl_lamWS__exp__3 [0m
[1;32mDEBUG: remove parameters: mdl_CKM1x3 [0m
[1;32mDEBUG: remove parameters: mdl_CKM2x1 [0m
[1;32mDEBUG: remove parameters: mdl_CKM2x3 [0m
[1;32mDEBUG: remove parameters: mdl_CKM3x1 [0m
[1;32mDEBUG: remove parameters: mdl_CKM3x2 [0m
[1;32mDEBUG: remove parameters: mdl_conjg__CKM1x3 [0m
[1;32mDEBUG: remove parameters: mdl_conjg__CKM2x3 [0m
[1;32mDEBUG: remove parameters: mdl_conjg__CKM2x1 [0m
[1;32mDEBUG: remove parameters: mdl_conjg__CKM3x1 [0m
[1;32mDEBUG: remove parameters: mdl_conjg__CKM3x2 [0m
[1;32mDEBUG: remove parameters: mdl_conjg__CKM1x2 [0m
[1;32mDEBUG: remove parameters: mdl_yc [0m
[1;32mDEBUG: remove parameters: mdl_ye [0m
[1;32mDEBUG: remove parameters: mdl_ym [0m
[1;32mDEBUG: remove parameters: mdl_I1x31 [0m
[1;32mDEBUG: remove parameters: mdl_I1x32 [0m
[1;32mDEBUG: remove parameters: mdl_I2x12 [0m
[1;32mDEBUG: remove parameters: mdl_I2x13 [0m
[1;32mDEBUG: remove parameters: mdl_I2x22 [0m
[1;32mDEBUG: remove parameters: mdl_I2x23 [0m
[1;32mDEBUG: remove parameters: mdl_I2x32 [0m
[1;32mDEBUG: remove parameters: mdl_I3x21 [0m
[1;32mDEBUG: remove parameters: mdl_I3x22 [0m
[1;32mDEBUG: remove parameters: mdl_I3x23 [0m
[1;32mDEBUG: remove parameters: mdl_I3x31 [0m
[1;32mDEBUG: remove parameters: mdl_I3x32 [0m
[1;32mDEBUG: remove parameters: mdl_I4x13 [0m
[1;32mDEBUG: remove parameters: mdl_I4x23 [0m
[1;32mDEBUG: remove parameters: mdl_CKM1x1 [0m
[1;32mDEBUG: remove parameters: mdl_CKM2x2 [0m
[1;32mDEBUG: fix parameter value: mdl_CKM3x3 [0m
[1;32mDEBUG: fix parameter value: mdl_conjg__CKM3x3 [0m
[1;32mDEBUG: remove parameters: mdl_conjg__CKM2x2 [0m
[1;32mDEBUG: fix parameter value: mdl_conjg__CKM1x1 [0m
INFO: Change particles name to pass to MG5 convention 
Defined multiparticle p = g u c d s u~ c~ d~ s~
Defined multiparticle j = g u c d s u~ c~ d~ s~
Defined multiparticle l+ = e+ mu+
Defined multiparticle l- = e- mu-
Defined multiparticle vl = ve vm vt
Defined multiparticle vl~ = ve~ vm~ vt~
Defined multiparticle all = g u c d s u~ c~ d~ s~ a ve vm vt e- mu- ve~ vm~ vt~ e+ mu+ t b t~ b~ z w+ h w- ta- ta+
Defined multiparticle p = g u d s c u~ d~ s~ c~
define l+ = e+ mu+
define l+ = e+ mu+
Defined multiparticle l+ = e+ mu+
define vl = ve vm
define vl = ve vm
Defined multiparticle vl = ve vm
define l- = e- mu-
define l- = e- mu-
Defined multiparticle l- = e- mu-
define vl~ = ve~ vm~
define vl~ = ve~ vm~
Defined multiparticle vl~ = ve~ vm~
import /tmp/t62_scratch/tree2/mode_onshell_sequential/events.lhe.gz
INFO: process: p p > t t~ 
INFO: options:  
Set group_subprocesses to Auto
Note that you need to regenerate all processes
Complex mass already desactivated.
set loop optimized output to True
set loop color flows to False
INFO: detected model: sm. Loading... 
INFO: Restrict model sm with file ../../../t62/models/sm/restrict_default.dat . 
[1;32mDEBUG: Simplifying conditional expressions [0m
[1;32mDEBUG: remove interactions: u s w+ at order: QED=1 [0m
[1;32mDEBUG: remove interactions: u b w+ at order: QED=1 [0m
[1;32mDEBUG: remove interactions: c d w+ at order: QED=1 [0m
[1;32mDEBUG: remove interactions: c b w+ at order: QED=1 [0m
[1;32mDEBUG: remove interactions: t d w+ at order: QED=1 [0m
[1;32mDEBUG: remove interactions: t s w+ at order: QED=1 [0m
[1;32mDEBUG: remove interactions: s u w+ at order: QED=1 [0m
[1;32mDEBUG: remove interactions: b u w+ at order: QED=1 [0m
[1;32mDEBUG: remove interactions: d c w+ at order: QED=1 [0m
[1;32mDEBUG: remove interactions: b c w+ at order: QED=1 [0m
[1;32mDEBUG: remove interactions: d t w+ at order: QED=1 [0m
[1;32mDEBUG: remove interactions: s t w+ at order: QED=1 [0m
[1;32mDEBUG: remove interactions: c c h at order: QED=1 [0m
[1;32mDEBUG: remove interactions: e- e- h at order: QED=1 [0m
[1;32mDEBUG: remove interactions: mu- mu- h at order: QED=1 [0m
[1;32mDEBUG:  Fuse the Following coupling (they have the same value): ('GC_100', 1), ('GC_104', 1), ('GC_108', 1), ('GC_40', 1), ('GC_41', 1), ('GC_45', 1), ('GC_49', 1)  [0m
[1;32mDEBUG:  Fuse the Following coupling (they have the same value): ('GC_21', 1), ('GC_27', -1)  [0m
[1;32mDEBUG:  Fuse the Following coupling (they have the same value): ('GC_15', 1), ('GC_30', -1)  [0m
[1;32mDEBUG:  Fuse the Following coupling (they have the same value): ('GC_38', 1), ('GC_39', -1)  [0m
[1;32mDEBUG:  Fuse the Following coupling (they have the same value): ('GC_3', 1), ('GC_4', -1)  [0m
[1;32mDEBUG:  Fuse the Following coupling (they have the same value): ('GC_50', 1), ('GC_51', -1)  [0m
[1;32mDEBUG:  Fuse the Following coupling (they have the same value): ('GC_54', 1), ('GC_56', -1)  [0m
[1;32mDEBUG:  Fuse the Following coupling (they have the same value): ('GC_66', 1), ('GC_67', -1)  [0m
[1;32mDEBUG:  Fuse the Following coupling (they have the same value): ('GC_70', 1), ('GC_73', -1)  [0m
[1;32mDEBUG:  Fuse the Following coupling (they have the same value): ('GC_74', 1), ('GC_75', -1)  [0m
[1;32mDEBUG:  Fuse the Following coupling (they have the same value): ('GC_77', 1), ('GC_78', -1)  [0m
[1;32mDEBUG:  Fuse the Following coupling (they have the same value): ('GC_76', 1), ('GC_79', -1)  [0m
[1;32mDEBUG:  Fuse the Following coupling (they have the same value): ('GC_7', 1), ('GC_9', -1)  [0m
[1;32mDEBUG:  Fuse the Following coupling (they have the same value): ('GC_96', 1), ('GC_97', -1)  [0m
[1;32mDEBUG: fix parameter value: mdl_lamWS [0m
[1;32mDEBUG: fix parameter value: mdl_AWS [0m
[1;32mDEBUG: fix parameter value: mdl_rhoWS [0m
[1;32mDEBUG: fix parameter value: mdl_etaWS [0m
[1;32mDEBUG: fix parameter value: mdl_ymc [0m
[1;32mDEBUG: fix parameter value: mdl_yme [0m
[1;32mDEBUG: fix parameter value: mdl_ymm [0m
[1;32mDEBUG: fix parameter value: mdl_MC [0m
[1;32mDEBUG: fix parameter value: mdl_Me [0m
[1;32mDEBUG: fix parameter value: mdl_MM [0m
[1;32mDEBUG: fix parameter value: mdl_WTau [0m
[1;32mDEBUG: fix parameter value: mdl_lamWS__exp__2 [0m
[1;32mDEBUG: fix parameter value: mdl_CKM1x2 [0m
[1;32mDEBUG: fix parameter value: mdl_lamWS__exp__3 [0m
[1;32mDEBUG: fix parameter value: mdl_CKM1x3 [0m
[1;32mDEBUG: fix parameter value: mdl_CKM2x1 [0m
[1;32mDEBUG: fix parameter value: mdl_CKM2x3 [0m
[1;32mDEBUG: fix parameter value: mdl_CKM3x1 [0m
[1;32mDEBUG: fix parameter value: mdl_CKM3x2 [0m
[1;32mDEBUG: fix parameter value: mdl_conjg__CKM1x3 [0m
[1;32mDEBUG: fix parameter value: mdl_conjg__CKM2x3 [0m
[1;32mDEBUG: fix parameter value: mdl_conjg__CKM2x1 [0m
[1;32mDEBUG: fix parameter value: mdl_conjg__CKM3x1 [0m
[1;32mDEBUG: fix parameter value: mdl_conjg__CKM3x2 [0m
[1;32mDEBUG: fix parameter value: mdl_conjg__CKM1x2 [0m
[1;32mDEBUG: fix parameter value: mdl_yc [0m
[1;32mDEBUG: fix parameter value: mdl_ye [0m
[1;32mDEBUG: fix parameter value: mdl_ym [0m
[1;32mDEBUG: fix parameter value: mdl_I1x31 [0m
[1;32mDEBUG: fix parameter value: mdl_I1x32 [0m
[1;32mDEBUG: fix parameter value: mdl_I2x12 [0m
[1;32mDEBUG: fix parameter value: mdl_I2x13 [0m
[1;32mDEBUG: fix parameter value: mdl_I2x22 [0m
[1;32mDEBUG: fix parameter value: mdl_I2x23 [0m
[1;32mDEBUG: fix parameter value: mdl_I2x32 [0m
[1;32mDEBUG: fix parameter value: mdl_I3x21 [0m
[1;32mDEBUG: fix parameter value: mdl_I3x22 [0m
[1;32mDEBUG: fix parameter value: mdl_I3x23 [0m
[1;32mDEBUG: fix parameter value: mdl_I3x31 [0m
[1;32mDEBUG: fix parameter value: mdl_I3x32 [0m
[1;32mDEBUG: fix parameter value: mdl_I4x13 [0m
[1;32mDEBUG: fix parameter value: mdl_I4x23 [0m
[1;32mDEBUG: fix parameter value: mdl_CKM1x1 [0m
[1;32mDEBUG: fix parameter value: mdl_CKM2x2 [0m
[1;32mDEBUG: fix parameter value: mdl_CKM3x3 [0m
[1;32mDEBUG: fix parameter value: mdl_conjg__CKM3x3 [0m
[1;32mDEBUG: fix parameter value: mdl_conjg__CKM2x2 [0m
[1;32mDEBUG: fix parameter value: mdl_conjg__CKM1x1 [0m
INFO: Change particles name to pass to MG5 convention 
Kept definitions of multiparticles p / j / l+ / l- / vl / vl~ unchanged
Defined multiparticle all = g u c d s u~ c~ d~ s~ a ve vm vt e- mu- ve~ vm~ vt~ e+ mu+ t b t~ b~ z w+ h w- ta- ta+
Set group_subprocesses to Auto
Note that you need to regenerate all processes
Complex mass already desactivated.
set loop optimized output to True
set loop color flows to False
Defined multiparticle p = g u c d s u~ c~ d~ s~
Defined multiparticle j = g u c d s u~ c~ d~ s~
Defined multiparticle p = g u d s c u~ d~ s~ c~
Defined multiparticle l+ = e+ mu+
Defined multiparticle vl = ve vm
Defined multiparticle l- = e- mu-
Defined multiparticle vl~ = ve~ vm~
decay t > b w+, w+ > l+ vl
decay t~ > b~ w-, w- > l- vl~
launch
INFO: Running MadSpin in spinmode onshell 
INFO: MadSpin: decay_output = unweighted (auto, ordinary run) 
INFO: Will use seed 686579303 
INFO: MadSpin: unweighting = sequential (set explicitly) 
INFO: MadSpin: generating the decay events of 2 particles at once, 8 core(s) each 
INFO: generate 304250 decay event for particle t 
INFO: generate 254250 decay event for particle t~ 
stty: stdin isn't a terminal
stty: stdin isn't a terminal
INFO: Time for decay event generation = 51.8 sec 
INFO: Time for decay event generation = 53.1 sec 
INFO: generating the production square matrix element for density 
INFO: generate p p > t t~ ;output standalone /private/tmp/t62_scratch/tree2/mode_onshell_sequential/madspin_me --prefix=int --density=1 
INFO: generate matrix element for decay only (1 - > N). 
INFO: generate t > b w+ , w+ > l+ vl  @0 --no_warning=duplicate --standalone;add process t~ > b~ w- , w- > l- vl~  @1 --no_warning=duplicate --standalone;output standalone /private/tmp/t62_scratch/tree2/mode_onshell_sequential/madspin_decay --prefix=int --density=1 -f 
INFO: Done 3.423 
INFO: Compiling code 
INFO: Compiling code 
INFO: Time ME generation: 13.10 sec 
INFO: Estimating the maximum weight of each decaying particle 
INFO: ***************************** 
INFO: Probing the first 144 events with 483 phase space points 
INFO: MadSpin: probing the maximum weight on 8 cores 
INFO: Event 1/18 :  0.667984s 
INFO: Event 6/18 :  0.963552s 
INFO: Event 11/18 :  1.262255s 
INFO: Event 16/18 :  1.580628s 
INFO: Sequential maximum weights: 1.1 1.103 3.192 
INFO: Start generating decays 
INFO: MadSpin: unweighting 100000 events on 8 cores 
INFO: decaying event number 10/12500. Decay events per accepted event, per particle: p0=1.45 p1=3.18 [0.01544809341430664 s] 
INFO: decaying event number 20/12500. Decay events per accepted event, per particle: p0=1.24 p1=3.29 [0.01966381072998047 s] 
INFO: decaying event number 30/12500. Decay events per accepted event, per particle: p0=1.23 p1=2.97 [0.023808956146240234 s] 
INFO: decaying event number 40/12500. Decay events per accepted event, per particle: p0=1.24 p1=2.93 [0.027567148208618164 s] 
INFO: decaying event number 50/12500. Decay events per accepted event, per particle: p0=1.20 p1=2.73 [0.030800819396972656 s] 
INFO: decaying event number 60/12500. Decay events per accepted event, per particle: p0=1.16 p1=2.84 [0.035269975662231445 s] 
INFO: decaying event number 70/12500. Decay events per accepted event, per particle: p0=1.14 p1=2.80 [0.03879094123840332 s] 
INFO: decaying event number 80/12500. Decay events per accepted event, per particle: p0=1.14 p1=2.81 [0.04311394691467285 s] 
INFO: decaying event number 90/12500. Decay events per accepted event, per particle: p0=1.14 p1=2.93 [0.047432899475097656 s] 
INFO: decaying event number 100/12500. Decay events per accepted event, per particle: p0=1.15 p1=2.82 [0.0512089729309082 s] 
INFO: decaying event number 200/12500. Decay events per accepted event, per particle: p0=1.10 p1=3.14 [0.09133791923522949 s] 
INFO: decaying event number 300/12500. Decay events per accepted event, per particle: p0=1.10 p1=3.05 [0.1292858123779297 s] 
INFO: decaying event number 400/12500. Decay events per accepted event, per particle: p0=1.11 p1=3.01 [0.1676950454711914 s] 
INFO: decaying event number 500/12500. Decay events per accepted event, per particle: p0=1.11 p1=3.00 [0.20711994171142578 s] 
INFO: decaying event number 600/12500. Decay events per accepted event, per particle: p0=1.11 p1=3.02 [0.24785900115966797 s] 
INFO: decaying event number 700/12500. Decay events per accepted event, per particle: p0=1.10 p1=2.99 [0.2863948345184326 s] 
INFO: decaying event number 800/12500. Decay events per accepted event, per particle: p0=1.10 p1=3.03 [0.3273289203643799 s] 
INFO: decaying event number 900/12500. Decay events per accepted event, per particle: p0=1.10 p1=3.04 [0.36682796478271484 s] 
INFO: decaying event number 1000/12500. Decay events per accepted event, per particle: p0=1.10 p1=3.08 [0.4070279598236084 s] 
INFO: decaying event number 2000/12500. Decay events per accepted event, per particle: p0=1.10 p1=3.13 [0.8132529258728027 s] 
INFO: decaying event number 3000/12500. Decay events per accepted event, per particle: p0=1.09 p1=3.15 [1.228713035583496 s] 
INFO: decaying event number 4000/12500. Decay events per accepted event, per particle: p0=1.10 p1=3.16 [1.6286778450012207 s] 
INFO: decaying event number 5000/12500. Decay events per accepted event, per particle: p0=1.10 p1=3.17 [2.0382089614868164 s] 
INFO: decaying event number 6000/12500. Decay events per accepted event, per particle: p0=1.10 p1=3.16 [2.436594009399414 s] 
INFO: decaying event number 7000/12500. Decay events per accepted event, per particle: p0=1.10 p1=3.15 [2.8439459800720215 s] 
INFO: decaying event number 8000/12500. Decay events per accepted event, per particle: p0=1.10 p1=3.16 [3.2528960704803467 s] 
INFO: decaying event number 9000/12500. Decay events per accepted event, per particle: p0=1.10 p1=3.17 [3.657654047012329 s] 
INFO: decaying event number 10000/12500. Decay events per accepted event, per particle: p0=1.10 p1=3.17 [4.057891130447388 s] 
INFO: worker 5 of 8 done. [5.0 s] 
INFO: worker 6 of 8 done. [5.0 s] 
INFO: worker 3 of 8 done. [5.0 s] 
INFO: worker 7 of 8 done. [5.0 s] 
INFO: worker 4 of 8 done. [5.0 s] 
INFO: worker 2 of 8 done. [5.1 s] 
INFO: worker 0 of 8 done. [5.0 s] 
INFO: worker 1 of 8 done. [5.1 s] 
INFO: MadSpin unweight efficiency: 0.2329 (100000 written / 429374 trials, 4.29 trials/event) 
INFO: MadSpin sequential slot 0: 1.10 decay events per accepted one (110459 drawn) 
INFO: MadSpin sequential slot 1: 3.19 decay events per accepted one (318915 drawn) 
INFO: MadSpin overweight safety net: 0/100000 written events carried a non-unit weight -- no accept/reject bound was exceeded, so the sample is unweighted and unbiased by clipping. 
INFO: Done so far. output written in /private/tmp/t62_scratch/tree2/mode_onshell_sequential/events_decayed.lhe 
INFO: Time for decay = 25.63 sec 
quit
