\BOOKMARK [1][-]{section.1}{\376\377\000\040\000S\000e\000t\000u\000p}{}% 1
\BOOKMARK [2][-]{subsection.1.1}{\376\377\000\040\000C\000o\000m\000m\000a\000n\000d\000\040\000h\000i\000s\000t\000o\000r\000y}{section.1}% 2
\BOOKMARK [2][-]{subsection.1.2}{\376\377\000\040\000C\000o\000n\000f\000i\000g\000u\000r\000a\000t\000i\000o\000n}{section.1}% 3
\BOOKMARK [1][-]{section.2}{\376\377\000\040\000D\000a\000t\000a\000s\000e\000t\000s}{}% 4
\BOOKMARK [2][-]{subsection.2.1}{\376\377\000\040\000r\000u\000n\000\137\0000\0001}{section.2}% 5
\BOOKMARK [1][-]{section.3}{\376\377\000\040\000H\000i\000s\000t\000o\000s\000\040\000a\000n\000d\000\040\000c\000u\000t\000s}{}% 6
\BOOKMARK [2][-]{subsection.3.1}{\376\377\000\040\000H\000i\000s\000t\000o\000g\000r\000a\000m\000\040\0001}{section.3}% 7
\BOOKMARK [2][-]{subsection.3.2}{\376\377\000\040\000H\000i\000s\000t\000o\000g\000r\000a\000m\000\040\0002}{section.3}% 8
\BOOKMARK [2][-]{subsection.3.3}{\376\377\000\040\000H\000i\000s\000t\000o\000g\000r\000a\000m\000\040\0003}{section.3}% 9
\BOOKMARK [2][-]{subsection.3.4}{\376\377\000\040\000H\000i\000s\000t\000o\000g\000r\000a\000m\000\040\0004}{section.3}% 10
\BOOKMARK [2][-]{subsection.3.5}{\376\377\000\040\000H\000i\000s\000t\000o\000g\000r\000a\000m\000\040\0005}{section.3}% 11
\BOOKMARK [2][-]{subsection.3.6}{\376\377\000\040\000H\000i\000s\000t\000o\000g\000r\000a\000m\000\040\0006}{section.3}% 12
\BOOKMARK [2][-]{subsection.3.7}{\376\377\000\040\000H\000i\000s\000t\000o\000g\000r\000a\000m\000\040\0007}{section.3}% 13
\BOOKMARK [2][-]{subsection.3.8}{\376\377\000\040\000H\000i\000s\000t\000o\000g\000r\000a\000m\000\040\0008}{section.3}% 14
\BOOKMARK [2][-]{subsection.3.9}{\376\377\000\040\000H\000i\000s\000t\000o\000g\000r\000a\000m\000\040\0009}{section.3}% 15
\BOOKMARK [2][-]{subsection.3.10}{\376\377\000\040\000H\000i\000s\000t\000o\000g\000r\000a\000m\000\040\0001\0000}{section.3}% 16
\BOOKMARK [2][-]{subsection.3.11}{\376\377\000\040\000H\000i\000s\000t\000o\000g\000r\000a\000m\000\040\0001\0001}{section.3}% 17
\BOOKMARK [2][-]{subsection.3.12}{\376\377\000\040\000H\000i\000s\000t\000o\000g\000r\000a\000m\000\040\0001\0002}{section.3}% 18
\BOOKMARK [2][-]{subsection.3.13}{\376\377\000\040\000H\000i\000s\000t\000o\000g\000r\000a\000m\000\040\0001\0003}{section.3}% 19
\BOOKMARK [2][-]{subsection.3.14}{\376\377\000\040\000H\000i\000s\000t\000o\000g\000r\000a\000m\000\040\0001\0004}{section.3}% 20
\BOOKMARK [2][-]{subsection.3.15}{\376\377\000\040\000H\000i\000s\000t\000o\000g\000r\000a\000m\000\040\0001\0005}{section.3}% 21
\BOOKMARK [2][-]{subsection.3.16}{\376\377\000\040\000H\000i\000s\000t\000o\000g\000r\000a\000m\000\040\0001\0006}{section.3}% 22
\BOOKMARK [2][-]{subsection.3.17}{\376\377\000\040\000H\000i\000s\000t\000o\000g\000r\000a\000m\000\040\0001\0007}{section.3}% 23
\BOOKMARK [2][-]{subsection.3.18}{\376\377\000\040\000H\000i\000s\000t\000o\000g\000r\000a\000m\000\040\0001\0008}{section.3}% 24
\BOOKMARK [2][-]{subsection.3.19}{\376\377\000\040\000H\000i\000s\000t\000o\000g\000r\000a\000m\000\040\0001\0009}{section.3}% 25
\BOOKMARK [2][-]{subsection.3.20}{\376\377\000\040\000H\000i\000s\000t\000o\000g\000r\000a\000m\000\040\0002\0000}{section.3}% 26
\BOOKMARK [2][-]{subsection.3.21}{\376\377\000\040\000H\000i\000s\000t\000o\000g\000r\000a\000m\000\040\0002\0001}{section.3}% 27
\BOOKMARK [2][-]{subsection.3.22}{\376\377\000\040\000H\000i\000s\000t\000o\000g\000r\000a\000m\000\040\0002\0002}{section.3}% 28
\BOOKMARK [2][-]{subsection.3.23}{\376\377\000\040\000H\000i\000s\000t\000o\000g\000r\000a\000m\000\040\0002\0003}{section.3}% 29
\BOOKMARK [2][-]{subsection.3.24}{\376\377\000\040\000H\000i\000s\000t\000o\000g\000r\000a\000m\000\040\0002\0004}{section.3}% 30
\BOOKMARK [2][-]{subsection.3.25}{\376\377\000\040\000H\000i\000s\000t\000o\000g\000r\000a\000m\000\040\0002\0005}{section.3}% 31
\BOOKMARK [2][-]{subsection.3.26}{\376\377\000\040\000H\000i\000s\000t\000o\000g\000r\000a\000m\000\040\0002\0006}{section.3}% 32
\BOOKMARK [2][-]{subsection.3.27}{\376\377\000\040\000H\000i\000s\000t\000o\000g\000r\000a\000m\000\040\0002\0007}{section.3}% 33
\BOOKMARK [2][-]{subsection.3.28}{\376\377\000\040\000H\000i\000s\000t\000o\000g\000r\000a\000m\000\040\0002\0008}{section.3}% 34
\BOOKMARK [2][-]{subsection.3.29}{\376\377\000\040\000H\000i\000s\000t\000o\000g\000r\000a\000m\000\040\0002\0009}{section.3}% 35
\BOOKMARK [2][-]{subsection.3.30}{\376\377\000\040\000H\000i\000s\000t\000o\000g\000r\000a\000m\000\040\0003\0000}{section.3}% 36
\BOOKMARK [2][-]{subsection.3.31}{\376\377\000\040\000H\000i\000s\000t\000o\000g\000r\000a\000m\000\040\0003\0001}{section.3}% 37
\BOOKMARK [2][-]{subsection.3.32}{\376\377\000\040\000H\000i\000s\000t\000o\000g\000r\000a\000m\000\040\0003\0002}{section.3}% 38
\BOOKMARK [2][-]{subsection.3.33}{\376\377\000\040\000H\000i\000s\000t\000o\000g\000r\000a\000m\000\040\0003\0003}{section.3}% 39
\BOOKMARK [2][-]{subsection.3.34}{\376\377\000\040\000H\000i\000s\000t\000o\000g\000r\000a\000m\000\040\0003\0004}{section.3}% 40
\BOOKMARK [2][-]{subsection.3.35}{\376\377\000\040\000H\000i\000s\000t\000o\000g\000r\000a\000m\000\040\0003\0005}{section.3}% 41
\BOOKMARK [2][-]{subsection.3.36}{\376\377\000\040\000H\000i\000s\000t\000o\000g\000r\000a\000m\000\040\0003\0006}{section.3}% 42
\BOOKMARK [2][-]{subsection.3.37}{\376\377\000\040\000H\000i\000s\000t\000o\000g\000r\000a\000m\000\040\0003\0007}{section.3}% 43
\BOOKMARK [2][-]{subsection.3.38}{\376\377\000\040\000H\000i\000s\000t\000o\000g\000r\000a\000m\000\040\0003\0008}{section.3}% 44
\BOOKMARK [2][-]{subsection.3.39}{\376\377\000\040\000H\000i\000s\000t\000o\000g\000r\000a\000m\000\040\0003\0009}{section.3}% 45
\BOOKMARK [2][-]{subsection.3.40}{\376\377\000\040\000H\000i\000s\000t\000o\000g\000r\000a\000m\000\040\0004\0000}{section.3}% 46
\BOOKMARK [2][-]{subsection.3.41}{\376\377\000\040\000H\000i\000s\000t\000o\000g\000r\000a\000m\000\040\0004\0001}{section.3}% 47
\BOOKMARK [2][-]{subsection.3.42}{\376\377\000\040\000H\000i\000s\000t\000o\000g\000r\000a\000m\000\040\0004\0002}{section.3}% 48
\BOOKMARK [2][-]{subsection.3.43}{\376\377\000\040\000H\000i\000s\000t\000o\000g\000r\000a\000m\000\040\0004\0003}{section.3}% 49
\BOOKMARK [2][-]{subsection.3.44}{\376\377\000\040\000H\000i\000s\000t\000o\000g\000r\000a\000m\000\040\0004\0004}{section.3}% 50
\BOOKMARK [2][-]{subsection.3.45}{\376\377\000\040\000H\000i\000s\000t\000o\000g\000r\000a\000m\000\040\0004\0005}{section.3}% 51
\BOOKMARK [2][-]{subsection.3.46}{\376\377\000\040\000H\000i\000s\000t\000o\000g\000r\000a\000m\000\040\0004\0006}{section.3}% 52
\BOOKMARK [2][-]{subsection.3.47}{\376\377\000\040\000H\000i\000s\000t\000o\000g\000r\000a\000m\000\040\0004\0007}{section.3}% 53
\BOOKMARK [2][-]{subsection.3.48}{\376\377\000\040\000H\000i\000s\000t\000o\000g\000r\000a\000m\000\040\0004\0008}{section.3}% 54
\BOOKMARK [2][-]{subsection.3.49}{\376\377\000\040\000H\000i\000s\000t\000o\000g\000r\000a\000m\000\040\0004\0009}{section.3}% 55
