 Process in group number            1
 A PDF is used, so alpha_s(MZ) is going to be modified
 Old value of alpha_s from param_card:   0.13000000000000003     
  ****************************************
 
       NNPDFDriver version 1.0.3
   Grid: NNPDF23_lo_as_0130_qed_mem0.grid
  ****************************************
 New value of alpha_s from PDF nn23lo1:  0.13000000000000000     
 Warning! ptj set to xqcut=   15.000000000000000       to improve integration efficiency
 Note that this might affect non-radiated jets,
 e.g. from decays. Use cut_decays=F in run_card.
 Warning! mmjj set to xqcut=   15.000000000000000       to improve integration efficiency
 Note that this might affect non-radiated jets,
 e.g. from decays. Use cut_decays=F in run_card.
 Define smin to   2425.0000000000000     
 Define smin to   2425.0000000000000     
 Define smin to   2425.0000000000000     
 Define smin to   2425.0000000000000     
 Define smin to   2425.0000000000000     
 Define smin to   2425.0000000000000     
 Define smin to   2425.0000000000000     
 Define smin to   2425.0000000000000     
 Define smin to   2425.0000000000000     
 Define smin to   2425.0000000000000     
 Define smin to   2425.0000000000000     
 Define smin to   2425.0000000000000     
 Define smin to   2425.0000000000000     
 Define smin to   2425.0000000000000     
 Define smin to   2425.0000000000000     
 Define smin to   2425.0000000000000     
 Define smin to   2425.0000000000000     
 Define smin to   2425.0000000000000     
 Define smin to   2425.0000000000000     
 Define smin to   2425.0000000000000     
 *****************************************************
 *               MadGraph/MadEvent                   *
 *        --------------------------------           *
 *          http://madgraph.hep.uiuc.edu             *
 *          http://madgraph.phys.ucl.ac.be           *
 *          http://madgraph.roma2.infn.it            *
 *        --------------------------------           *
 *                                                   *
 *          PARAMETER AND COUPLING VALUES            *
 *                                                   *
 *****************************************************

  External Params
  ---------------------------------
  
 mdl_MB =    4.7000000000000002     
 mdl_MT =    173.00000000000000     
 mdl_MTA =    1.7769999999999999     
 mdl_MZ =    91.188000000000002     
 mdl_MH =    125.00000000000000     
 aEWM1 =    132.50700000000001     
 mdl_Gf =    1.1663900000000000E-005
 aS =   0.13000000000000003     
 mdl_ymb =    4.7000000000000002     
 mdl_ymt =    173.00000000000000     
 mdl_ymtau =    1.7769999999999999     
 mdl_WT =    1.4915000000000000     
 mdl_WZ =    2.4414039999999999     
 mdl_WW =    2.0476000000000001     
 mdl_WH =    6.3823389999999999E-003
  Internal Params
  ---------------------------------
  
 mdl_conjg__CKM3x3 =    1.0000000000000000     
 mdl_conjg__CKM1x1 =    1.0000000000000000     
 mdl_CKM3x3 =    1.0000000000000000     
 mdl_complexi =                (0.0000000000000000,1.0000000000000000)
 mdl_MZ__exp__2 =    8315.2513440000002     
 mdl_MZ__exp__4 =    69143404.913893804     
 mdl_sqrt__2 =    1.4142135623730951     
 mdl_MH__exp__2 =    15625.000000000000     
 mdl_aEW =    7.5467711139788835E-003
 mdl_MW =    80.419002445756163     
 mdl_sqrt__aEW =    8.6872153846781555E-002
 mdl_ee =   0.30795376724436879     
 mdl_MW__exp__2 =    6467.2159543705357     
 mdl_sw2 =   0.22224648578577766     
 mdl_cw =   0.88190334743339216     
 mdl_sqrt__sw2 =   0.47143025548407230     
 mdl_sw =   0.47143025548407230     
 mdl_g1 =   0.34919219678733299     
 mdl_gw =   0.65323293034757990     
 mdl_vev =    246.21845810181637     
 mdl_vev__exp__2 =    60623.529110035903     
 mdl_lam =   0.12886910601690263     
 mdl_yb =    2.6995554250465490E-002
 mdl_yt =   0.99366614581500623     
 mdl_ytau =    1.0206617000654717E-002
 mdl_muH =    88.388347648318430     
 mdl_I1x33 =          (2.69955542504654901E-002,0.0000000000000000)
 mdl_I2x33 =               (0.99366614581500623,0.0000000000000000)
 mdl_I3x33 =               (0.99366614581500623,0.0000000000000000)
 mdl_I4x33 =          (2.69955542504654901E-002,0.0000000000000000)
 mdl_ee__exp__2 =    9.4835522759998875E-002
 mdl_sw__exp__2 =   0.22224648578577769     
 mdl_cw__exp__2 =   0.77775351421422245     
  Internal Params evaluated point by point
  ----------------------------------------
  
 mdl_sqrt__aS =   0.36055512754639896     
 mdl_G__exp__2 =    1.6336281798666927     
  Couplings of sm
  ---------------------------------
  
        GC_10 =  -0.12781E+01   0.00000E+00
        GC_11 =   0.00000E+00   0.12781E+01
        GC_12 =   0.00000E+00   0.16336E+01
         GC_1 =  -0.00000E+00  -0.10265E+00
         GC_2 =   0.00000E+00   0.20530E+00
         GC_3 =  -0.00000E+00  -0.30795E+00
        GC_50 =  -0.00000E+00  -0.28804E+00
        GC_58 =  -0.00000E+00  -0.27437E-01
        GC_59 =   0.00000E+00   0.82310E-01

 Collider parameters:
 --------------------

 Running at P P   machine @    13000.000000000000       GeV
 PDF set = nn23lo1
 alpha_s(Mz)= 0.1300 running at 2 loops.
 alpha_s(Mz)= 0.1300 running at 2 loops.
 Renormalization scale set on event-by-event basis
 Factorization   scale set on event-by-event basis


 getting user params
Enter number of events and max and min iterations: 
 Number of events and iterations         1000           5           3
Enter desired fractional accuracy: 
 Desired fractional accuracy:   0.10000000000000001     
Enter 0 for fixed, 2 for adjustable grid: 
Suppress amplitude (0 no, 1 yes)? 
 Using suppressed amplitude.
Exact helicity sum (0 yes, n = number/event)? 
 Explicitly summing over helicities
Enter Configuration Number: 
Running Configuration Number:   22
 Not subdividing B.W.
 Attempting mappinvarients           1           7
 Determine nb_t
 T-channel found:            2
 Completed mapping           7
 about to integrate           13        1000           7           3          13           1
 Using non-zero grid deformation.
 13 dimensions   1000 events 13 invarients  7 iterations  1 config(s),  (0.99)
 Using h-tuple random number sequence.
 Error opening grid
 Using Uniform Grid!          28
 Using uniform alpha   1.0000000000000000     
 Grid defined OK
 Masses: 0.000E+00 0.000E+00 0.000E+00 0.000E+00 0.000E+00 0.000E+00 0.000E+00
 Set CM energy to      13000.00
 Mapping Graph          22  to config          22
 Determine nb_t
 T-channel found:            2
Setting grid   1    0.13314E-05   1
Setting grid   2    0.75740E-07   1
Setting grid   3    0.13314E-05   1
Setting grid   4    0.23669E-05   1
 Transforming s_hat 1/s           12   2.5000000000000005E-005   2425.0000000000000        168999999.99999997     
Using random seed offsets    22 :      5
  with seed                   24
 Ranmar initialization seeds       31080        9402
  Particle       3       4       5       6       7
      Et >    10.0    10.0    15.0    15.0    15.0
       E >     0.0     0.0     0.0     0.0     0.0
     Eta <     2.5     2.5     5.0     5.0     5.0
   xqcut:      0.0     0.0    15.0    15.0    15.0
d R # 3  >    -0.0     0.4     0.0     0.0     0.0
d R # 4  >    -0.0    -0.0     0.0     0.0     0.0
d R # 5  >    -0.0    -0.0    -0.0     0.0     0.0
d R # 6  >    -0.0    -0.0    -0.0    -0.0     0.0
s min # 3>     0.0     0.0     0.0     0.0     0.0
s min # 4>     0.0     0.0     0.0     0.0     0.0
s min # 5>     0.0     0.0     0.0   225.0   225.0
s min # 6>     0.0     0.0     0.0     0.0   225.0
xqcutij # 3>     0.0     0.0     0.0     0.0     0.0
xqcutij # 4>     0.0     0.0     0.0     0.0     0.0
xqcutij # 5>     0.0     0.0     0.0    15.0    15.0
xqcutij # 6>     0.0     0.0    15.0     0.0    15.0
 
 ********************************************
 * You are using the DiscreteSampler module *
 *      part of the MG5_aMC framework       *
 *         Author: Valentin Hirschi         *
 ********************************************
 
 RESET CUMULATIVE VARIABLE
 Iteration  1   Mean: 0.5940E+00 Abs mean: 0.5940E+00   Fluctuation:  0.205E+00   0.162E+03     1.5%
  1    0.5940E+00 0.5940E+00 +- 0.2053E+00     10.93
 Writing out events   5.6605303704159744E-003   10.928754052070600     
 Relative summed weights:
  0.3419E+00  0.0000E+00  0.1397E-01  0.2271E-01  0.3584E-03  0.0000E+00  0.4829E-02  0.7314E-02  0.5230E-02  0.0000E+00  0.1457E-03  0.0000E+00  0.1678E+00  0.1075E-01  0.3592E-01  0.1224E-01  0.0000E+00  0.0000E+00  0.0000E+00  0.0000E+00  0.1218E-01  0.7603E-02  0.1907E-02  0.9106E-01  0.1346E-03  0.4267E-02  0.5936E-01  0.1553E+00  0.0000E+00  0.0000E+00  0.0000E+00  0.0000E+00  0.2756E-02  0.2804E-02  0.2037E-02  0.1530E-02  0.4539E-04  0.1085E-02  0.1086E-02  0.2940E-03
  0.2700E-01  0.0000E+00  0.0000E+00  0.0000E+00  0.8733E-04  0.0000E+00  0.0000E+00  0.0000E+00  0.6063E-02  0.0000E+00  0.1416E-03  0.0000E+00  0.0000E+00  0.0000E+00  0.0000E+00  0.0000E+00  0.0000E+00  0.0000E+00  0.0000E+00  0.0000E+00  0.0000E+00  0.0000E+00  0.0000E+00  0.0000E+00  0.0000E+00  0.0000E+00  0.0000E+00  0.0000E+00  0.0000E+00  0.0000E+00  0.0000E+00  0.0000E+00  0.0000E+00  0.0000E+00  0.0000E+00  0.0000E+00  0.0000E+00  0.0000E+00  0.0000E+00  0.0000E+00
 Relative number of events:
  0.8226E-01  0.0000E+00  0.7037E-01  0.8523E-01  0.9911E-02  0.0000E+00  0.1189E-01  0.1982E-01  0.7929E-02  0.0000E+00  0.1982E-02  0.0000E+00  0.4262E-01  0.3964E-01  0.4262E-01  0.4460E-01  0.0000E+00  0.0000E+00  0.0000E+00  0.0000E+00  0.6046E-01  0.5154E-01  0.2279E-01  0.2478E-01  0.3964E-02  0.7929E-02  0.8722E-01  0.1169E+00  0.0000E+00  0.0000E+00  0.0000E+00  0.0000E+00  0.1288E-01  0.1685E-01  0.1090E-01  0.4955E-02  0.2973E-02  0.8920E-02  0.3964E-02  0.3964E-02
  0.7730E-01  0.0000E+00  0.0000E+00  0.0000E+00  0.4955E-02  0.0000E+00  0.0000E+00  0.0000E+00  0.1288E-01  0.0000E+00  0.4955E-02  0.0000E+00  0.0000E+00  0.0000E+00  0.0000E+00  0.0000E+00  0.0000E+00  0.0000E+00  0.0000E+00  0.0000E+00  0.0000E+00  0.0000E+00  0.0000E+00  0.0000E+00  0.0000E+00  0.0000E+00  0.0000E+00  0.0000E+00  0.0000E+00  0.0000E+00  0.0000E+00  0.0000E+00  0.0000E+00  0.0000E+00  0.0000E+00  0.0000E+00  0.0000E+00  0.0000E+00  0.0000E+00  0.0000E+00
 Events:
          83           0          71          86          10           0          12          20           8           0           2           0          43          40          43          45           0           0           0           0          61          52          23          25           4           8          88         118           0           0           0           0          13          17          11           5           3           9           4           4
          78           0           0           0           5           0           0           0          13           0           5           0           0           0           0           0           0           0           0           0           0           0           0           0           0           0           0           0           0           0           0           0           0           0           0           0           0           0           0           0
 Iteration  2   Mean: 0.2799E+00 Abs mean: 0.2799E+00   Fluctuation:  0.664E-01   0.118E+03     5.0%
  2    0.2799E+00 0.2799E+00 +- 0.6641E-01     10.61
 Relative summed weights:
  0.1214E+00  0.0000E+00  0.1093E+00  0.8132E-01  0.9596E-03  0.0000E+00  0.4903E-02  0.3687E-02  0.4615E-03  0.0000E+00  0.4192E-03  0.0000E+00  0.1975E-01  0.2659E-01  0.3410E-01  0.2403E-01  0.0000E+00  0.0000E+00  0.0000E+00  0.0000E+00  0.3899E-01  0.3845E-01  0.1202E-01  0.2329E-01  0.1858E-02  0.1664E-03  0.2730E+00  0.5209E-01  0.0000E+00  0.0000E+00  0.0000E+00  0.0000E+00  0.1165E-01  0.4070E-01  0.2524E-03  0.7911E-02  0.2842E-02  0.1435E-02  0.5992E-02  0.2081E-02
  0.5912E-01  0.0000E+00  0.0000E+00  0.0000E+00  0.9207E-04  0.0000E+00  0.0000E+00  0.0000E+00  0.8911E-03  0.0000E+00  0.3037E-03  0.0000E+00  0.0000E+00  0.0000E+00  0.0000E+00  0.0000E+00  0.0000E+00  0.0000E+00  0.0000E+00  0.0000E+00  0.0000E+00  0.0000E+00  0.0000E+00  0.0000E+00  0.0000E+00  0.0000E+00  0.0000E+00  0.0000E+00  0.0000E+00  0.0000E+00  0.0000E+00  0.0000E+00  0.0000E+00  0.0000E+00  0.0000E+00  0.0000E+00  0.0000E+00  0.0000E+00  0.0000E+00  0.0000E+00
 Relative number of events:
  0.6650E-01  0.0000E+00  0.8450E-01  0.9450E-01  0.7500E-02  0.0000E+00  0.1500E-01  0.1750E-01  0.5500E-02  0.0000E+00  0.3000E-02  0.0000E+00  0.4200E-01  0.4150E-01  0.4350E-01  0.4200E-01  0.0000E+00  0.0000E+00  0.0000E+00  0.0000E+00  0.4850E-01  0.5800E-01  0.2050E-01  0.1700E-01  0.1100E-01  0.6500E-02  0.1245E+00  0.1130E+00  0.0000E+00  0.0000E+00  0.0000E+00  0.0000E+00  0.1550E-01  0.1300E-01  0.8000E-02  0.6000E-02  0.4000E-02  0.7500E-02  0.3500E-02  0.1500E-02
  0.6600E-01  0.0000E+00  0.0000E+00  0.0000E+00  0.4000E-02  0.0000E+00  0.0000E+00  0.0000E+00  0.6000E-02  0.0000E+00  0.3000E-02  0.0000E+00  0.0000E+00  0.0000E+00  0.0000E+00  0.0000E+00  0.0000E+00  0.0000E+00  0.0000E+00  0.0000E+00  0.0000E+00  0.0000E+00  0.0000E+00  0.0000E+00  0.0000E+00  0.0000E+00  0.0000E+00  0.0000E+00  0.0000E+00  0.0000E+00  0.0000E+00  0.0000E+00  0.0000E+00  0.0000E+00  0.0000E+00  0.0000E+00  0.0000E+00  0.0000E+00  0.0000E+00  0.0000E+00
 Events:
         133           0         169         189          15           0          30          35          11           0           6           0          84          83          87          84           0           0           0           0          97         116          41          34          22          13         249         226           0           0           0           0          31          26          16          12           8          15           7           3
         132           0           0           0           8           0           0           0          12           0           6           0           0           0           0           0           0           0           0           0           0           0           0           0           0           0           0           0           0           0           0           0           0           0           0           0           0           0           0           0
 Iteration  3   Mean: 0.4364E+00 Abs mean: 0.4364E+00   Fluctuation:  0.808E-01   0.205E+03     5.5%
  3    0.4364E+00 0.4364E+00 +- 0.8081E-01     11.71
 Relative summed weights:
  0.1305E+00  0.0000E+00  0.2272E+00  0.4536E-01  0.9275E-03  0.0000E+00  0.1322E-01  0.7693E-01  0.1236E-01  0.0000E+00  0.1714E-03  0.0000E+00  0.2940E-01  0.3018E-01  0.8244E-01  0.1712E-01  0.0000E+00  0.0000E+00  0.0000E+00  0.0000E+00  0.1101E+00  0.2029E-01  0.9772E-02  0.3659E-02  0.2210E-02  0.8520E-03  0.5830E-01  0.6563E-01  0.0000E+00  0.0000E+00  0.0000E+00  0.0000E+00  0.5141E-02  0.3168E-02  0.1290E-02  0.1459E-02  0.7885E-02  0.3472E-02  0.7374E-03  0.2766E-04
  0.3631E-01  0.0000E+00  0.0000E+00  0.0000E+00  0.1436E-02  0.0000E+00  0.0000E+00  0.0000E+00  0.2305E-02  0.0000E+00  0.1874E-03  0.0000E+00  0.0000E+00  0.0000E+00  0.0000E+00  0.0000E+00  0.0000E+00  0.0000E+00  0.0000E+00  0.0000E+00  0.0000E+00  0.0000E+00  0.0000E+00  0.0000E+00  0.0000E+00  0.0000E+00  0.0000E+00  0.0000E+00  0.0000E+00  0.0000E+00  0.0000E+00  0.0000E+00  0.0000E+00  0.0000E+00  0.0000E+00  0.0000E+00  0.0000E+00  0.0000E+00  0.0000E+00  0.0000E+00
 Relative number of events:
  0.6425E-01  0.0000E+00  0.9600E-01  0.1015E+00  0.9750E-02  0.0000E+00  0.2050E-01  0.1800E-01  0.8250E-02  0.0000E+00  0.1500E-02  0.0000E+00  0.3750E-01  0.4325E-01  0.4225E-01  0.3075E-01  0.0000E+00  0.0000E+00  0.0000E+00  0.0000E+00  0.6050E-01  0.5925E-01  0.1475E-01  0.1500E-01  0.6500E-02  0.9250E-02  0.1045E+00  0.1047E+00  0.0000E+00  0.0000E+00  0.0000E+00  0.0000E+00  0.1150E-01  0.1425E-01  0.7750E-02  0.7000E-02  0.1125E-01  0.8000E-02  0.3500E-02  0.2000E-02
  0.6350E-01  0.0000E+00  0.0000E+00  0.0000E+00  0.1075E-01  0.0000E+00  0.0000E+00  0.0000E+00  0.9500E-02  0.0000E+00  0.3000E-02  0.0000E+00  0.0000E+00  0.0000E+00  0.0000E+00  0.0000E+00  0.0000E+00  0.0000E+00  0.0000E+00  0.0000E+00  0.0000E+00  0.0000E+00  0.0000E+00  0.0000E+00  0.0000E+00  0.0000E+00  0.0000E+00  0.0000E+00  0.0000E+00  0.0000E+00  0.0000E+00  0.0000E+00  0.0000E+00  0.0000E+00  0.0000E+00  0.0000E+00  0.0000E+00  0.0000E+00  0.0000E+00  0.0000E+00
 Events:
         257           0         384         406          39           0          82          72          33           0           6           0         150         173         169         123           0           0           0           0         242         237          59          60          26          37         418         419           0           0           0           0          46          57          31          28          45          32          14           8
         254           0           0           0          43           0           0           0          38           0          12           0           0           0           0           0           0           0           0           0           0           0           0           0           0           0           0           0           0           0           0           0           0           0           0           0           0           0           0           0
 Accuracy:    0.180   0.100   0.134   1.797
 Found          162  events.
 Wrote           12  events.
 Actual xsec   0.41001420792330279     
 Correct abs xsec   0.41001420792330279     
 Event xsec   0.41001420792330273     
 Events wgts > 1:            0
 % Cross section > 1:    0.0000000000000000        0.0000000000000000     
 Iteration  4   Mean: 0.4357E+00 Abs mean: 0.4357E+00   Fluctuation:  0.655E-01   0.407E+03     6.1%
  4    0.4357E+00 0.4357E+00 +- 0.6549E-01     13.44
 Relative summed weights:
  0.3194E-01  0.0000E+00  0.1193E+00  0.1814E+00  0.4268E-02  0.0000E+00  0.1708E-01  0.9977E-02  0.2363E-02  0.0000E+00  0.4098E-03  0.0000E+00  0.2946E-01  0.3655E-01  0.4505E-01  0.7729E-01  0.0000E+00  0.0000E+00  0.0000E+00  0.0000E+00  0.7710E-01  0.3317E-01  0.1421E-01  0.2974E-01  0.1713E-02  0.1096E-02  0.9602E-01  0.7092E-01  0.0000E+00  0.0000E+00  0.0000E+00  0.0000E+00  0.1021E-01  0.1873E-01  0.3056E-02  0.4278E-02  0.1186E-01  0.6068E-02  0.4988E-02  0.7592E-03
  0.5183E-01  0.0000E+00  0.0000E+00  0.0000E+00  0.5793E-02  0.0000E+00  0.0000E+00  0.0000E+00  0.2430E-02  0.0000E+00  0.1001E-02  0.0000E+00  0.0000E+00  0.0000E+00  0.0000E+00  0.0000E+00  0.0000E+00  0.0000E+00  0.0000E+00  0.0000E+00  0.0000E+00  0.0000E+00  0.0000E+00  0.0000E+00  0.0000E+00  0.0000E+00  0.0000E+00  0.0000E+00  0.0000E+00  0.0000E+00  0.0000E+00  0.0000E+00  0.0000E+00  0.0000E+00  0.0000E+00  0.0000E+00  0.0000E+00  0.0000E+00  0.0000E+00  0.0000E+00
 Relative number of events:
  0.6061E-01  0.0000E+00  0.9885E-01  0.9185E-01  0.8373E-02  0.0000E+00  0.1362E-01  0.1612E-01  0.7248E-02  0.0000E+00  0.2999E-02  0.0000E+00  0.4336E-01  0.4349E-01  0.3937E-01  0.4036E-01  0.0000E+00  0.0000E+00  0.0000E+00  0.0000E+00  0.6373E-01  0.6123E-01  0.1762E-01  0.1925E-01  0.8748E-02  0.6498E-02  0.1090E+00  0.1038E+00  0.0000E+00  0.0000E+00  0.0000E+00  0.0000E+00  0.9998E-02  0.9498E-02  0.8248E-02  0.8498E-02  0.5499E-02  0.8248E-02  0.3749E-02  0.2999E-02
  0.6836E-01  0.0000E+00  0.0000E+00  0.0000E+00  0.7623E-02  0.0000E+00  0.0000E+00  0.0000E+00  0.8248E-02  0.0000E+00  0.2874E-02  0.0000E+00  0.0000E+00  0.0000E+00  0.0000E+00  0.0000E+00  0.0000E+00  0.0000E+00  0.0000E+00  0.0000E+00  0.0000E+00  0.0000E+00  0.0000E+00  0.0000E+00  0.0000E+00  0.0000E+00  0.0000E+00  0.0000E+00  0.0000E+00  0.0000E+00  0.0000E+00  0.0000E+00  0.0000E+00  0.0000E+00  0.0000E+00  0.0000E+00  0.0000E+00  0.0000E+00  0.0000E+00  0.0000E+00
 Events:
         485           0         791         735          67           0         109         129          58           0          24           0         347         348         315         323           0           0           0           0         510         490         141         154          70          52         872         831           0           0           0           0          80          76          66          68          44          66          30          24
         547           0           0           0          61           0           0           0          66           0          23           0           0           0           0           0           0           0           0           0           0           0           0           0           0           0           0           0           0           0           0           0           0           0           0           0           0           0           0           0
 Accuracy:    0.108   0.100   0.100   1.165
 Found          164  events.
 Wrote            9  events.
 Actual xsec   0.40560249488548922     
 Correct abs xsec   0.40560249488548922     
 Event xsec   0.40560249488548927     
 Events wgts > 1:            1
 % Cross section > 1:    7.9162063293392038E-009   1.9517153935589394E-006
 Iteration  5   Mean: 0.4111E+00 Abs mean: 0.4111E+00   Fluctuation:  0.281E-01   0.224E+03     6.2%
  5    0.4111E+00 0.4111E+00 +- 0.2808E-01      8.64
 Relative summed weights:
  0.5674E-01  0.0000E+00  0.8656E-01  0.1062E+00  0.1441E-01  0.0000E+00  0.1286E-01  0.2597E-01  0.4964E-02  0.0000E+00  0.1426E-02  0.0000E+00  0.5647E-01  0.2302E-01  0.4864E-01  0.2781E-01  0.0000E+00  0.0000E+00  0.0000E+00  0.0000E+00  0.3881E-01  0.8688E-01  0.1692E-01  0.1574E-01  0.4184E-02  0.2679E-02  0.1005E+00  0.8143E-01  0.0000E+00  0.0000E+00  0.0000E+00  0.0000E+00  0.1010E-01  0.2814E-01  0.6558E-02  0.3879E-02  0.3972E-01  0.7861E-02  0.1562E-02  0.2773E-02
  0.7621E-01  0.0000E+00  0.0000E+00  0.0000E+00  0.6327E-02  0.0000E+00  0.0000E+00  0.0000E+00  0.3834E-02  0.0000E+00  0.7845E-03  0.0000E+00  0.0000E+00  0.0000E+00  0.0000E+00  0.0000E+00  0.0000E+00  0.0000E+00  0.0000E+00  0.0000E+00  0.0000E+00  0.0000E+00  0.0000E+00  0.0000E+00  0.0000E+00  0.0000E+00  0.0000E+00  0.0000E+00  0.0000E+00  0.0000E+00  0.0000E+00  0.0000E+00  0.0000E+00  0.0000E+00  0.0000E+00  0.0000E+00  0.0000E+00  0.0000E+00  0.0000E+00  0.0000E+00
 Relative number of events:
  0.6849E-01  0.0000E+00  0.1020E+00  0.9818E-01  0.7874E-02  0.0000E+00  0.1731E-01  0.1600E-01  0.7687E-02  0.0000E+00  0.2375E-02  0.0000E+00  0.4418E-01  0.4149E-01  0.3700E-01  0.3506E-01  0.0000E+00  0.0000E+00  0.0000E+00  0.0000E+00  0.5868E-01  0.5837E-01  0.1587E-01  0.1619E-01  0.6999E-02  0.7249E-02  0.1125E+00  0.1023E+00  0.0000E+00  0.0000E+00  0.0000E+00  0.0000E+00  0.1250E-01  0.1112E-01  0.7812E-02  0.7312E-02  0.7937E-02  0.6249E-02  0.2062E-02  0.3625E-02
  0.6580E-01  0.0000E+00  0.0000E+00  0.0000E+00  0.9311E-02  0.0000E+00  0.0000E+00  0.0000E+00  0.7749E-02  0.0000E+00  0.2687E-02  0.0000E+00  0.0000E+00  0.0000E+00  0.0000E+00  0.0000E+00  0.0000E+00  0.0000E+00  0.0000E+00  0.0000E+00  0.0000E+00  0.0000E+00  0.0000E+00  0.0000E+00  0.0000E+00  0.0000E+00  0.0000E+00  0.0000E+00  0.0000E+00  0.0000E+00  0.0000E+00  0.0000E+00  0.0000E+00  0.0000E+00  0.0000E+00  0.0000E+00  0.0000E+00  0.0000E+00  0.0000E+00  0.0000E+00
 Events:
        1096           0        1633        1571         126           0         277         256         123           0          38           0         707         664         592         561           0           0           0           0         939         934         254         259         112         116        1800        1637           0           0           0           0         200         178         125         117         127         100          33          58
        1053           0           0           0         149           0           0           0         124           0          43           0           0           0           0           0           0           0           0           0           0           0           0           0           0           0           0           0           0           0           0           0           0           0           0           0           0           0           0           0
 Accuracy:    0.054   0.100   0.056   0.914
 Finished due to accuracy    5.3958429979867356E-002  0.10000000000000001     

 -------------------------------------------------------------------------------
 Accumulated results:   Integral =  0.4144E+00
                        Std dev  =  0.2339E-01
                       Cross sec =  0.4144E+00
             Chi**2 per DoF.     =      0.9139
 -------------------------------------------------------------------------------
 Found          617  events.
 Wrote           31  events.
 Actual xsec   0.41748577893759214     
 Correct abs xsec   0.41748577893759214     
 Event xsec   0.41748577893759203     
 Events wgts > 1:            2
 % Cross section > 1:    2.0024584686513663E-003  0.47964710887809775     
-------------------------------------------------
---------------------------
 Results Last   3 iters: Integral =   0.4175E+00
                     Abs integral =   0.4175E+00
                          Std dev =   0.2461E-01
                  Chi**2 per DoF. =      0.0918
-------------------------------------------------
---------------------------
 Status  0.10000000000000001                6           7

ls status:
events.lhe
ftn26
input_app.txt
results.dat
run1_app.log
