 Process in group number            1
 A PDF is used, so alpha_s(MZ) is going to be modified
 Old value of alpha_s from param_card:   0.13000000000000003     
  ****************************************
 
       NNPDFDriver version 1.0.3
   Grid: NNPDF23_lo_as_0130_qed_mem0.grid
  ****************************************
 New value of alpha_s from PDF nn23lo1:  0.13000000000000000     
 Warning! ptj set to xqcut=   15.000000000000000       to improve integration efficiency
 Note that this might affect non-radiated jets,
 e.g. from decays. Use cut_decays=F in run_card.
 Warning! mmjj set to xqcut=   15.000000000000000       to improve integration efficiency
 Note that this might affect non-radiated jets,
 e.g. from decays. Use cut_decays=F in run_card.
 Define smin to   2425.0000000000000     
 Define smin to   2425.0000000000000     
 Define smin to   2425.0000000000000     
 Define smin to   2425.0000000000000     
 *****************************************************
 *               MadGraph/MadEvent                   *
 *        --------------------------------           *
 *          http://madgraph.hep.uiuc.edu             *
 *          http://madgraph.phys.ucl.ac.be           *
 *          http://madgraph.roma2.infn.it            *
 *        --------------------------------           *
 *                                                   *
 *          PARAMETER AND COUPLING VALUES            *
 *                                                   *
 *****************************************************

  External Params
  ---------------------------------
  
 mdl_MB =    4.7000000000000002     
 mdl_MT =    173.00000000000000     
 mdl_MTA =    1.7769999999999999     
 mdl_MZ =    91.188000000000002     
 mdl_MH =    125.00000000000000     
 aEWM1 =    132.50700000000001     
 mdl_Gf =    1.1663900000000000E-005
 aS =   0.13000000000000003     
 mdl_ymb =    4.7000000000000002     
 mdl_ymt =    173.00000000000000     
 mdl_ymtau =    1.7769999999999999     
 mdl_WT =    1.4915000000000000     
 mdl_WZ =    2.4414039999999999     
 mdl_WW =    2.0476000000000001     
 mdl_WH =    6.3823389999999999E-003
  Internal Params
  ---------------------------------
  
 mdl_conjg__CKM3x3 =    1.0000000000000000     
 mdl_conjg__CKM1x1 =    1.0000000000000000     
 mdl_CKM3x3 =    1.0000000000000000     
 mdl_complexi =                (0.0000000000000000,1.0000000000000000)
 mdl_MZ__exp__2 =    8315.2513440000002     
 mdl_MZ__exp__4 =    69143404.913893804     
 mdl_sqrt__2 =    1.4142135623730951     
 mdl_MH__exp__2 =    15625.000000000000     
 mdl_aEW =    7.5467711139788835E-003
 mdl_MW =    80.419002445756163     
 mdl_sqrt__aEW =    8.6872153846781555E-002
 mdl_ee =   0.30795376724436879     
 mdl_MW__exp__2 =    6467.2159543705357     
 mdl_sw2 =   0.22224648578577766     
 mdl_cw =   0.88190334743339216     
 mdl_sqrt__sw2 =   0.47143025548407230     
 mdl_sw =   0.47143025548407230     
 mdl_g1 =   0.34919219678733299     
 mdl_gw =   0.65323293034757990     
 mdl_vev =    246.21845810181637     
 mdl_vev__exp__2 =    60623.529110035903     
 mdl_lam =   0.12886910601690263     
 mdl_yb =    2.6995554250465490E-002
 mdl_yt =   0.99366614581500623     
 mdl_ytau =    1.0206617000654717E-002
 mdl_muH =    88.388347648318430     
 mdl_I1x33 =          (2.69955542504654901E-002,0.0000000000000000)
 mdl_I2x33 =               (0.99366614581500623,0.0000000000000000)
 mdl_I3x33 =               (0.99366614581500623,0.0000000000000000)
 mdl_I4x33 =          (2.69955542504654901E-002,0.0000000000000000)
 mdl_ee__exp__2 =    9.4835522759998875E-002
 mdl_sw__exp__2 =   0.22224648578577769     
 mdl_cw__exp__2 =   0.77775351421422245     
  Internal Params evaluated point by point
  ----------------------------------------
  
 mdl_sqrt__aS =   0.36055512754639896     
 mdl_G__exp__2 =    1.6336281798666927     
  Couplings of sm
  ---------------------------------
  
        GC_10 =  -0.12781E+01   0.00000E+00
        GC_11 =   0.00000E+00   0.12781E+01
        GC_12 =   0.00000E+00   0.16336E+01
         GC_1 =  -0.00000E+00  -0.10265E+00
         GC_2 =   0.00000E+00   0.20530E+00
         GC_3 =  -0.00000E+00  -0.30795E+00
        GC_50 =  -0.00000E+00  -0.28804E+00
        GC_58 =  -0.00000E+00  -0.27437E-01
        GC_59 =   0.00000E+00   0.82310E-01

 Collider parameters:
 --------------------

 Running at P P   machine @    13000.000000000000       GeV
 PDF set = nn23lo1
 alpha_s(Mz)= 0.1300 running at 2 loops.
 alpha_s(Mz)= 0.1300 running at 2 loops.
 Renormalization scale set on event-by-event basis
 Factorization   scale set on event-by-event basis


 getting user params
Enter number of events and max and min iterations: 
 Number of events and iterations         1000           5           3
Enter desired fractional accuracy: 
 Desired fractional accuracy:   0.10000000000000001     
Enter 0 for fixed, 2 for adjustable grid: 
Suppress amplitude (0 no, 1 yes)? 
 Using suppressed amplitude.
Exact helicity sum (0 yes, n = number/event)? 
 Explicitly summing over helicities
Enter Configuration Number: 
Running Configuration Number:   70
 Not subdividing B.W.
 Attempting mappinvarients           1           7
 Determine nb_t
 T-channel found:            2
 Completed mapping           7
 about to integrate           13        1000           7           3          13           1
 Using non-zero grid deformation.
 13 dimensions   1000 events 13 invarients  7 iterations  1 config(s),  (0.99)
 Using h-tuple random number sequence.
 Error opening grid
 Using Uniform Grid!          28
 Using uniform alpha   1.0000000000000000     
 Grid defined OK
 Masses: 0.000E+00 0.000E+00 0.000E+00 0.000E+00 0.000E+00 0.000E+00 0.000E+00
 Set CM energy to      13000.00
 Mapping Graph          70  to config          70
 Determine nb_t
 T-channel found:            2
Setting grid   1    0.13314E-05   1
 Setting BW          -2           1   91.188000000000002     
Setting grid   3    0.13314E-05   1
Setting grid   4    0.23669E-05   1
 Transforming s_hat 1/s           12   3.3642919012365896E-005   2425.0000000000000        168999999.99999997     
Using random seed offsets    70 :      2
  with seed                   24
 Ranmar initialization seeds       31128        9399
  Particle       3       4       5       6       7
      Et >    10.0    10.0    15.0    15.0    15.0
       E >     0.0     0.0     0.0     0.0     0.0
     Eta <     2.5     2.5     5.0     5.0     5.0
   xqcut:      0.0     0.0    15.0    15.0    15.0
d R # 3  >    -0.0     0.4     0.0     0.0     0.0
d R # 4  >    -0.0    -0.0     0.0     0.0     0.0
d R # 5  >    -0.0    -0.0    -0.0     0.0     0.0
d R # 6  >    -0.0    -0.0    -0.0    -0.0     0.0
s min # 3>     0.0     0.0     0.0     0.0     0.0
s min # 4>     0.0     0.0     0.0     0.0     0.0
s min # 5>     0.0     0.0     0.0   225.0   225.0
s min # 6>     0.0     0.0     0.0     0.0   225.0
xqcutij # 3>     0.0     0.0     0.0     0.0     0.0
xqcutij # 4>     0.0     0.0     0.0     0.0     0.0
xqcutij # 5>     0.0     0.0     0.0    15.0    15.0
xqcutij # 6>     0.0     0.0    15.0     0.0    15.0
 No cut BW           -2           1
 
 ********************************************
 * You are using the DiscreteSampler module *
 *      part of the MG5_aMC framework       *
 *         Author: Valentin Hirschi         *
 ********************************************
 
 RESET CUMULATIVE VARIABLE
 Iteration  1   Mean: 0.1322E+02 Abs mean: 0.1322E+02   Fluctuation:  0.219E+01   0.107E+04     2.7%
  1    0.1322E+02 0.1322E+02 +- 0.2186E+01      5.23
 Writing out events   6.8740983809202072E-002   5.2277063351677349     
 Relative summed weights:
  0.1727E+00  0.1050E+00  0.1894E+00  0.1916E+00  0.3099E-01  0.1342E+00  0.7707E-01  0.9894E-01
 Relative number of events:
  0.1300E+00  0.1300E+00  0.1577E+00  0.1389E+00  0.8829E-01  0.9127E-01  0.1280E+00  0.1359E+00
 Events:
         131         131         159         140          89          92         129         137
 Iteration  2   Mean: 0.7888E+01 Abs mean: 0.7888E+01   Fluctuation:  0.109E+01   0.172E+04    15.6%
  2    0.7888E+01 0.7888E+01 +- 0.1092E+01      6.19
 Relative summed weights:
  0.1721E+00  0.1197E+00  0.1472E+00  0.2634E+00  0.9766E-01  0.3490E-01  0.8631E-01  0.7869E-01
 Relative number of events:
  0.1545E+00  0.1675E+00  0.1340E+00  0.1360E+00  0.8000E-01  0.7350E-01  0.1315E+00  0.1230E+00
 Events:
         309         335         268         272         160         147         263         246
 Iteration  3   Mean: 0.9729E+01 Abs mean: 0.9729E+01   Fluctuation:  0.729E+00   0.130E+04    16.5%
  3    0.9729E+01 0.9729E+01 +- 0.7294E+00      4.74
 Relative summed weights:
  0.1742E+00  0.1929E+00  0.1974E+00  0.1568E+00  0.4971E-01  0.6258E-01  0.9942E-01  0.6682E-01
 Relative number of events:
  0.1480E+00  0.1520E+00  0.1470E+00  0.1422E+00  0.8900E-01  0.8875E-01  0.1148E+00  0.1182E+00
 Events:
         592         608         588         569         356         355         459         473
 Accuracy:    0.109   0.100   0.061   3.195
 Found          371  events.
 Wrote           35  events.
 Actual xsec    9.8483780251140800     
 Correct abs xsec    9.8483780251140800     
 Event xsec    9.8483780251140693     
 Events wgts > 1:            2
 % Cross section > 1:    1.0357182995511360E-002  0.10516638342983790     
 Iteration  4   Mean: 0.1110E+02 Abs mean: 0.1110E+02   Fluctuation:  0.594E+00   0.209E+04    16.2%
  4    0.1110E+02 0.1110E+02 +- 0.5937E+00      4.78
 Relative summed weights:
  0.1746E+00  0.1890E+00  0.1849E+00  0.1659E+00  0.4860E-01  0.5635E-01  0.1020E+00  0.7867E-01
 Relative number of events:
  0.1462E+00  0.1579E+00  0.1439E+00  0.1450E+00  0.8475E-01  0.7950E-01  0.1227E+00  0.1200E+00
 Events:
        1170        1263        1151        1160         678         636         982         960
 Accuracy:    0.064   0.100   0.040   2.561
 Finished due to accuracy    6.4476074020753532E-002  0.10000000000000001     

 -------------------------------------------------------------------------------
 Accumulated results:   Integral =  0.1056E+02
                        Std dev  =  0.4254E+00
                       Cross sec =  0.1056E+02
             Chi**2 per DoF.     =      2.5614
 -------------------------------------------------------------------------------
 Found          567  events.
 Wrote           59  events.
 Actual xsec    10.389941456385159     
 Correct abs xsec    10.389941456385159     
 Event xsec    10.389941456385174     
 Events wgts > 1:            3
 % Cross section > 1:    6.7727817532768186E-002  0.65185947213538753     
-------------------------------------------------
---------------------------
 Results Last   3 iters: Integral =   0.1039E+02
                     Abs integral =   0.1039E+02
                          Std dev =   0.4316E+00
                  Chi**2 per DoF. =      3.7495
-------------------------------------------------
---------------------------
 Status  0.10000000000000001                5           7

ls status:
events.lhe
ftn26
input_app.txt
results.dat
run1_app.log
