 Process in group number            1
 A PDF is used, so alpha_s(MZ) is going to be modified
 Old value of alpha_s from param_card:   0.13000000000000003     
  ****************************************
 
       NNPDFDriver version 1.0.3
   Grid: NNPDF23_lo_as_0130_qed_mem0.grid
  ****************************************
 New value of alpha_s from PDF nn23lo1:  0.13000000000000000     
 Warning! ptj set to xqcut=   15.000000000000000       to improve integration efficiency
 Note that this might affect non-radiated jets,
 e.g. from decays. Use cut_decays=F in run_card.
 Warning! mmjj set to xqcut=   15.000000000000000       to improve integration efficiency
 Note that this might affect non-radiated jets,
 e.g. from decays. Use cut_decays=F in run_card.
 Define smin to   2425.0000000000000     
 Define smin to   2425.0000000000000     
 Define smin to   2425.0000000000000     
 Define smin to   2425.0000000000000     
 *****************************************************
 *               MadGraph/MadEvent                   *
 *        --------------------------------           *
 *          http://madgraph.hep.uiuc.edu             *
 *          http://madgraph.phys.ucl.ac.be           *
 *          http://madgraph.roma2.infn.it            *
 *        --------------------------------           *
 *                                                   *
 *          PARAMETER AND COUPLING VALUES            *
 *                                                   *
 *****************************************************

  External Params
  ---------------------------------
  
 mdl_MB =    4.7000000000000002     
 mdl_MT =    173.00000000000000     
 mdl_MTA =    1.7769999999999999     
 mdl_MZ =    91.188000000000002     
 mdl_MH =    125.00000000000000     
 aEWM1 =    132.50700000000001     
 mdl_Gf =    1.1663900000000000E-005
 aS =   0.13000000000000003     
 mdl_ymb =    4.7000000000000002     
 mdl_ymt =    173.00000000000000     
 mdl_ymtau =    1.7769999999999999     
 mdl_WT =    1.4915000000000000     
 mdl_WZ =    2.4414039999999999     
 mdl_WW =    2.0476000000000001     
 mdl_WH =    6.3823389999999999E-003
  Internal Params
  ---------------------------------
  
 mdl_conjg__CKM3x3 =    1.0000000000000000     
 mdl_conjg__CKM1x1 =    1.0000000000000000     
 mdl_CKM3x3 =    1.0000000000000000     
 mdl_complexi =                (0.0000000000000000,1.0000000000000000)
 mdl_MZ__exp__2 =    8315.2513440000002     
 mdl_MZ__exp__4 =    69143404.913893804     
 mdl_sqrt__2 =    1.4142135623730951     
 mdl_MH__exp__2 =    15625.000000000000     
 mdl_aEW =    7.5467711139788835E-003
 mdl_MW =    80.419002445756163     
 mdl_sqrt__aEW =    8.6872153846781555E-002
 mdl_ee =   0.30795376724436879     
 mdl_MW__exp__2 =    6467.2159543705357     
 mdl_sw2 =   0.22224648578577766     
 mdl_cw =   0.88190334743339216     
 mdl_sqrt__sw2 =   0.47143025548407230     
 mdl_sw =   0.47143025548407230     
 mdl_g1 =   0.34919219678733299     
 mdl_gw =   0.65323293034757990     
 mdl_vev =    246.21845810181637     
 mdl_vev__exp__2 =    60623.529110035903     
 mdl_lam =   0.12886910601690263     
 mdl_yb =    2.6995554250465490E-002
 mdl_yt =   0.99366614581500623     
 mdl_ytau =    1.0206617000654717E-002
 mdl_muH =    88.388347648318430     
 mdl_I1x33 =          (2.69955542504654901E-002,0.0000000000000000)
 mdl_I2x33 =               (0.99366614581500623,0.0000000000000000)
 mdl_I3x33 =               (0.99366614581500623,0.0000000000000000)
 mdl_I4x33 =          (2.69955542504654901E-002,0.0000000000000000)
 mdl_ee__exp__2 =    9.4835522759998875E-002
 mdl_sw__exp__2 =   0.22224648578577769     
 mdl_cw__exp__2 =   0.77775351421422245     
  Internal Params evaluated point by point
  ----------------------------------------
  
 mdl_sqrt__aS =   0.36055512754639896     
 mdl_G__exp__2 =    1.6336281798666927     
  Couplings of sm
  ---------------------------------
  
        GC_10 =  -0.12781E+01   0.00000E+00
        GC_11 =   0.00000E+00   0.12781E+01
        GC_12 =   0.00000E+00   0.16336E+01
         GC_1 =  -0.00000E+00  -0.10265E+00
         GC_2 =   0.00000E+00   0.20530E+00
         GC_3 =  -0.00000E+00  -0.30795E+00
        GC_50 =  -0.00000E+00  -0.28804E+00
        GC_58 =  -0.00000E+00  -0.27437E-01
        GC_59 =   0.00000E+00   0.82310E-01

 Collider parameters:
 --------------------

 Running at P P   machine @    13000.000000000000       GeV
 PDF set = nn23lo1
 alpha_s(Mz)= 0.1300 running at 2 loops.
 alpha_s(Mz)= 0.1300 running at 2 loops.
 Renormalization scale set on event-by-event basis
 Factorization   scale set on event-by-event basis


 getting user params
Enter number of events and max and min iterations: 
 Number of events and iterations         1000           5           3
Enter desired fractional accuracy: 
 Desired fractional accuracy:   0.10000000000000001     
Enter 0 for fixed, 2 for adjustable grid: 
Suppress amplitude (0 no, 1 yes)? 
 Using suppressed amplitude.
Exact helicity sum (0 yes, n = number/event)? 
 Explicitly summing over helicities
Enter Configuration Number: 
Running Configuration Number:   84
 Not subdividing B.W.
 Attempting mappinvarients           1           7
 Determine nb_t
 T-channel found:            2
 Completed mapping           7
 about to integrate           13        1000           7           3          13           1
 Using non-zero grid deformation.
 13 dimensions   1000 events 13 invarients  7 iterations  1 config(s),  (0.99)
 Using h-tuple random number sequence.
 Error opening grid
 Using Uniform Grid!          28
 Using uniform alpha   1.0000000000000000     
 Grid defined OK
 Masses: 0.000E+00 0.000E+00 0.000E+00 0.000E+00 0.000E+00 0.000E+00 0.000E+00
 Set CM energy to      13000.00
 Mapping Graph          84  to config          84
 Determine nb_t
 T-channel found:            2
 Setting BW          -1           1   91.188000000000002     
Setting grid   2    0.75740E-07   1
Setting grid   3    0.13314E-05   1
Setting grid   4    0.13314E-05   1
 Transforming s_hat 1/s           12   3.3642919012365896E-005   2425.0000000000000        168999999.99999997     
Using random seed offsets    84 :      2
  with seed                   24
 Ranmar initialization seeds       31142        9399
  Particle       3       4       5       6       7
      Et >    10.0    10.0    15.0    15.0    15.0
       E >     0.0     0.0     0.0     0.0     0.0
     Eta <     2.5     2.5     5.0     5.0     5.0
   xqcut:      0.0     0.0    15.0    15.0    15.0
d R # 3  >    -0.0     0.4     0.0     0.0     0.0
d R # 4  >    -0.0    -0.0     0.0     0.0     0.0
d R # 5  >    -0.0    -0.0    -0.0     0.0     0.0
d R # 6  >    -0.0    -0.0    -0.0    -0.0     0.0
s min # 3>     0.0     0.0     0.0     0.0     0.0
s min # 4>     0.0     0.0     0.0     0.0     0.0
s min # 5>     0.0     0.0     0.0   225.0   225.0
s min # 6>     0.0     0.0     0.0     0.0   225.0
xqcutij # 3>     0.0     0.0     0.0     0.0     0.0
xqcutij # 4>     0.0     0.0     0.0     0.0     0.0
xqcutij # 5>     0.0     0.0     0.0    15.0    15.0
xqcutij # 6>     0.0     0.0    15.0     0.0    15.0
 No cut BW           -1           1
 
 ********************************************
 * You are using the DiscreteSampler module *
 *      part of the MG5_aMC framework       *
 *         Author: Valentin Hirschi         *
 ********************************************
 
 RESET CUMULATIVE VARIABLE
 Iteration  1   Mean: 0.7229E+00 Abs mean: 0.7229E+00   Fluctuation:  0.558E-01   0.187E+02     1.9%
  1    0.7229E+00 0.7229E+00 +- 0.5579E-01      2.44
 Writing out events   5.4090431556835525E-003   2.4407873734591981     
 Relative summed weights:
  0.9643E-01  0.8136E-01  0.9216E-01  0.1077E+00  0.1152E-01  0.2755E-01  0.3846E-01  0.4735E-01
  0.1339E+00  0.1019E+00  0.5046E-01  0.7558E-01  0.3585E-01  0.2618E-01  0.5222E-01  0.2136E-01
 Relative number of events:
  0.8952E-01  0.8952E-01  0.8857E-01  0.8952E-01  0.2476E-01  0.3143E-01  0.4762E-01  0.3619E-01
  0.1057E+00  0.8476E-01  0.8381E-01  0.8000E-01  0.3524E-01  0.2381E-01  0.4190E-01  0.4762E-01
 Events:
          94          94          93          94          26          33          50          38
         111          89          88          84          37          25          44          50
 Iteration  2   Mean: 0.7333E+00 Abs mean: 0.7333E+00   Fluctuation:  0.436E-01   0.391E+02    13.3%
  2    0.7333E+00 0.7333E+00 +- 0.4363E-01      2.66
 Relative summed weights:
  0.1389E+00  0.1281E+00  0.1127E+00  0.9134E-01  0.1692E-01  0.2588E-01  0.2507E-01  0.3859E-01
  0.9167E-01  0.8123E-01  0.8046E-01  0.6207E-01  0.2405E-01  0.1781E-01  0.2813E-01  0.3717E-01
 Relative number of events:
  0.9616E-01  0.1080E+00  0.9143E-01  0.8385E-01  0.2132E-01  0.3458E-01  0.2795E-01  0.4927E-01
  0.1042E+00  0.9664E-01  0.8243E-01  0.7911E-01  0.3269E-01  0.1990E-01  0.3600E-01  0.3648E-01
 Events:
         203         228         193         177          45          73          59         104
         220         204         174         167          69          42          76          77
 Iteration  3   Mean: 0.7201E+00 Abs mean: 0.7201E+00   Fluctuation:  0.198E-01   0.151E+02    15.4%
  3    0.7201E+00 0.7201E+00 +- 0.1975E-01      1.73
 Relative summed weights:
  0.1137E+00  0.1016E+00  0.9445E-01  0.8515E-01  0.1903E-01  0.2950E-01  0.4002E-01  0.4629E-01
  0.9334E-01  0.9809E-01  0.7282E-01  0.7761E-01  0.2392E-01  0.2910E-01  0.3725E-01  0.3813E-01
 Relative number of events:
  0.1040E+00  0.1035E+00  0.9069E-01  0.8501E-01  0.2060E-01  0.2581E-01  0.3741E-01  0.3883E-01
  0.9898E-01  0.9922E-01  0.7341E-01  0.8856E-01  0.2652E-01  0.2794E-01  0.3741E-01  0.4215E-01
 Events:
         439         437         383         359          87         109         158         164
         418         419         310         374         112         118         158         178
 Accuracy:    0.005   0.100   0.024   0.039
 Finished due to accuracy    4.6532054411773513E-003  0.10000000000000001     

 -------------------------------------------------------------------------------
 Accumulated results:   Integral =  0.7225E+00
                        Std dev  =  0.1713E-01
                       Cross sec =  0.7225E+00
             Chi**2 per DoF.     =      0.0385
 -------------------------------------------------------------------------------
 Found         1587  events.
 Wrote          364  events.
 Actual xsec   0.72248520790960269     
 Correct abs xsec   0.72248520790960269     
 Event xsec   0.72248520790960724     
 Events wgts > 1:            7
 % Cross section > 1:    6.0505090928334986E-003  0.83745785056827060     
-------------------------------------------------
---------------------------
 Results Last   3 iters: Integral =   0.7225E+00
                     Abs integral =   0.7225E+00
                          Std dev =   0.1713E-01
                  Chi**2 per DoF. =      0.0377
-------------------------------------------------
---------------------------
 Status  0.10000000000000001                4           7

ls status:
events.lhe
ftn26
input_app.txt
results.dat
run1_app.log
