 Process in group number            1
 A PDF is used, so alpha_s(MZ) is going to be modified
 Old value of alpha_s from param_card:   0.13000000000000003     
  ****************************************
 
       NNPDFDriver version 1.0.3
   Grid: NNPDF23_lo_as_0130_qed_mem0.grid
  ****************************************
 New value of alpha_s from PDF nn23lo1:  0.13000000000000000     
 Warning! ptj set to xqcut=   15.000000000000000       to improve integration efficiency
 Note that this might affect non-radiated jets,
 e.g. from decays. Use cut_decays=F in run_card.
 Warning! mmjj set to xqcut=   15.000000000000000       to improve integration efficiency
 Note that this might affect non-radiated jets,
 e.g. from decays. Use cut_decays=F in run_card.
 Define smin to   2425.0000000000000     
 Define smin to   2425.0000000000000     
 *****************************************************
 *               MadGraph/MadEvent                   *
 *        --------------------------------           *
 *          http://madgraph.hep.uiuc.edu             *
 *          http://madgraph.phys.ucl.ac.be           *
 *          http://madgraph.roma2.infn.it            *
 *        --------------------------------           *
 *                                                   *
 *          PARAMETER AND COUPLING VALUES            *
 *                                                   *
 *****************************************************

  External Params
  ---------------------------------
  
 mdl_MB =    4.7000000000000002     
 mdl_MT =    173.00000000000000     
 mdl_MTA =    1.7769999999999999     
 mdl_MZ =    91.188000000000002     
 mdl_MH =    125.00000000000000     
 aEWM1 =    132.50700000000001     
 mdl_Gf =    1.1663900000000000E-005
 aS =   0.13000000000000003     
 mdl_ymb =    4.7000000000000002     
 mdl_ymt =    173.00000000000000     
 mdl_ymtau =    1.7769999999999999     
 mdl_WT =    1.4915000000000000     
 mdl_WZ =    2.4414039999999999     
 mdl_WW =    2.0476000000000001     
 mdl_WH =    6.3823389999999999E-003
  Internal Params
  ---------------------------------
  
 mdl_conjg__CKM3x3 =    1.0000000000000000     
 mdl_conjg__CKM1x1 =    1.0000000000000000     
 mdl_CKM3x3 =    1.0000000000000000     
 mdl_complexi =                (0.0000000000000000,1.0000000000000000)
 mdl_MZ__exp__2 =    8315.2513440000002     
 mdl_MZ__exp__4 =    69143404.913893804     
 mdl_sqrt__2 =    1.4142135623730951     
 mdl_MH__exp__2 =    15625.000000000000     
 mdl_aEW =    7.5467711139788835E-003
 mdl_MW =    80.419002445756163     
 mdl_sqrt__aEW =    8.6872153846781555E-002
 mdl_ee =   0.30795376724436879     
 mdl_MW__exp__2 =    6467.2159543705357     
 mdl_sw2 =   0.22224648578577766     
 mdl_cw =   0.88190334743339216     
 mdl_sqrt__sw2 =   0.47143025548407230     
 mdl_sw =   0.47143025548407230     
 mdl_g1 =   0.34919219678733299     
 mdl_gw =   0.65323293034757990     
 mdl_vev =    246.21845810181637     
 mdl_vev__exp__2 =    60623.529110035903     
 mdl_lam =   0.12886910601690263     
 mdl_yb =    2.6995554250465490E-002
 mdl_yt =   0.99366614581500623     
 mdl_ytau =    1.0206617000654717E-002
 mdl_muH =    88.388347648318430     
 mdl_I1x33 =          (2.69955542504654901E-002,0.0000000000000000)
 mdl_I2x33 =               (0.99366614581500623,0.0000000000000000)
 mdl_I3x33 =               (0.99366614581500623,0.0000000000000000)
 mdl_I4x33 =          (2.69955542504654901E-002,0.0000000000000000)
 mdl_ee__exp__2 =    9.4835522759998875E-002
 mdl_sw__exp__2 =   0.22224648578577769     
 mdl_cw__exp__2 =   0.77775351421422245     
  Internal Params evaluated point by point
  ----------------------------------------
  
 mdl_sqrt__aS =   0.36055512754639896     
 mdl_G__exp__2 =    1.6336281798666927     
  Couplings of sm
  ---------------------------------
  
        GC_10 =  -0.12781E+01   0.00000E+00
        GC_11 =   0.00000E+00   0.12781E+01
        GC_12 =   0.00000E+00   0.16336E+01
         GC_1 =  -0.00000E+00  -0.10265E+00
         GC_2 =   0.00000E+00   0.20530E+00
         GC_3 =  -0.00000E+00  -0.30795E+00
        GC_50 =  -0.00000E+00  -0.28804E+00
        GC_58 =  -0.00000E+00  -0.27437E-01
        GC_59 =   0.00000E+00   0.82310E-01

 Collider parameters:
 --------------------

 Running at P P   machine @    13000.000000000000       GeV
 PDF set = nn23lo1
 alpha_s(Mz)= 0.1300 running at 2 loops.
 alpha_s(Mz)= 0.1300 running at 2 loops.
 Renormalization scale set on event-by-event basis
 Factorization   scale set on event-by-event basis


 getting user params
Enter number of events and max and min iterations: 
 Number of events and iterations         1000           5           3
Enter desired fractional accuracy: 
 Desired fractional accuracy:   0.10000000000000001     
Enter 0 for fixed, 2 for adjustable grid: 
Suppress amplitude (0 no, 1 yes)? 
 Using suppressed amplitude.
Exact helicity sum (0 yes, n = number/event)? 
 Explicitly summing over helicities
Enter Configuration Number: 
Running Configuration Number:   67
 Not subdividing B.W.
 Attempting mappinvarients           1           7
 Determine nb_t
 T-channel found:            2
 Completed mapping           7
 about to integrate           13        1000           7           3          13           1
 Using non-zero grid deformation.
 13 dimensions   1000 events 13 invarients  7 iterations  1 config(s),  (0.99)
 Using h-tuple random number sequence.
 Error opening grid
 Using Uniform Grid!          28
 Using uniform alpha   1.0000000000000000     
 Grid defined OK
 Masses: 0.000E+00 0.000E+00 0.000E+00 0.000E+00 0.000E+00 0.000E+00 0.000E+00
 Set CM energy to      13000.00
 Mapping Graph          67  to config          67
 Determine nb_t
 T-channel found:            2
Setting grid   1    0.75740E-07   1
Setting grid   2    0.75740E-07   1
Setting grid   3    0.13314E-05   1
Setting grid   4    0.13314E-05   1
 Transforming s_hat 1/s           12   2.5000000000000005E-005   2425.0000000000000        168999999.99999997     
Using random seed offsets    67 :      1
  with seed                   24
 Ranmar initialization seeds       31125        9398
  Particle       3       4       5       6       7
      Et >    10.0    10.0    15.0    15.0    15.0
       E >     0.0     0.0     0.0     0.0     0.0
     Eta <     2.5     2.5     5.0     5.0     5.0
   xqcut:      0.0     0.0    15.0    15.0    15.0
d R # 3  >    -0.0     0.4     0.0     0.0     0.0
d R # 4  >    -0.0    -0.0     0.0     0.0     0.0
d R # 5  >    -0.0    -0.0    -0.0     0.0     0.0
d R # 6  >    -0.0    -0.0    -0.0    -0.0     0.0
s min # 3>     0.0     0.0     0.0     0.0     0.0
s min # 4>     0.0     0.0     0.0     0.0     0.0
s min # 5>     0.0     0.0     0.0   225.0   225.0
s min # 6>     0.0     0.0     0.0     0.0   225.0
xqcutij # 3>     0.0     0.0     0.0     0.0     0.0
xqcutij # 4>     0.0     0.0     0.0     0.0     0.0
xqcutij # 5>     0.0     0.0     0.0    15.0    15.0
xqcutij # 6>     0.0     0.0    15.0     0.0     0.0
 
 ********************************************
 * You are using the DiscreteSampler module *
 *      part of the MG5_aMC framework       *
 *         Author: Valentin Hirschi         *
 ********************************************
 
 RESET CUMULATIVE VARIABLE
 Iteration  1   Mean: 0.7526E+00 Abs mean: 0.7526E+00   Fluctuation:  0.334E+00   0.319E+03     1.0%
  1    0.7526E+00 0.7526E+00 +- 0.3343E+00     14.05
 Writing out events   1.0983223813077385E-002   14.048804733287339     
 Relative summed weights:
  0.6138E+00  0.0000E+00  0.2167E-01  0.0000E+00
  0.3212E+00  0.0000E+00  0.4330E-01  0.0000E+00
 Relative number of events:
  0.4272E+00  0.0000E+00  0.9482E-01  0.0000E+00
  0.3763E+00  0.0000E+00  0.1017E+00  0.0000E+00
 Events:
         437           0          97           0
         385           0         104           0
 Iteration  2   Mean: 0.2930E+00 Abs mean: 0.2930E+00   Fluctuation:  0.411E-01   0.722E+02     2.7%
  2    0.2930E+00 0.2930E+00 +- 0.4114E-01      6.28
 Relative summed weights:
  0.4962E+00  0.0000E+00  0.6986E-01  0.0000E+00
  0.3736E+00  0.0000E+00  0.6037E-01  0.0000E+00
 Relative number of events:
  0.4170E+00  0.0000E+00  0.1024E+00  0.0000E+00
  0.3817E+00  0.0000E+00  0.9897E-01  0.0000E+00
 Events:
         851           0         209           0
         779           0         202           0
 Iteration  3   Mean: 0.5275E+00 Abs mean: 0.5275E+00   Fluctuation:  0.101E+00   0.314E+03     3.7%
  3    0.5275E+00 0.5275E+00 +- 0.1010E+00     12.10
 Relative summed weights:
  0.5590E+00  0.0000E+00  0.4678E-01  0.0000E+00
  0.3338E+00  0.0000E+00  0.6042E-01  0.0000E+00
 Relative number of events:
  0.4104E+00  0.0000E+00  0.1041E+00  0.0000E+00
  0.3993E+00  0.0000E+00  0.8616E-01  0.0000E+00
 Events:
        1667           0         423           0
        1622           0         350           0
 Accuracy:    0.251   0.100   0.110   5.218
 Found          209  events.
 Wrote            8  events.
 Actual xsec   0.39807726647887748     
 Correct abs xsec   0.39807726647887748     
 Event xsec   0.39807726647887748     
 Events wgts > 1:            1
 % Cross section > 1:    3.0559742514313371E-009   7.6768369077250251E-007
 Iteration  4   Mean: 0.3652E+00 Abs mean: 0.3652E+00   Fluctuation:  0.204E-01   0.900E+02     3.4%
  4    0.3652E+00 0.3652E+00 +- 0.2045E-01      5.01
 Relative summed weights:
  0.3779E+00  0.0000E+00  0.1386E+00  0.0000E+00
  0.3875E+00  0.0000E+00  0.9604E-01  0.0000E+00
 Relative number of events:
  0.4143E+00  0.0000E+00  0.1067E+00  0.0000E+00
  0.3859E+00  0.0000E+00  0.9313E-01  0.0000E+00
 Events:
        3363           0         866           0
        3133           0         756           0
 Accuracy:    0.102   0.100   0.050   4.156
 Found          519  events.
 Wrote           34  events.
 Actual xsec   0.36710741132342900     
 Correct abs xsec   0.36710741132342900     
 Event xsec   0.36710741132342833     
 Events wgts > 1:            0
 % Cross section > 1:    0.0000000000000000        0.0000000000000000     
 Iteration  5   Mean: 0.3609E+00 Abs mean: 0.3609E+00   Fluctuation:  0.104E-01   0.515E+02     3.1%
  5    0.3609E+00 0.3609E+00 +- 0.1039E-01      3.64
 Relative summed weights:
  0.4216E+00  0.0000E+00  0.9913E-01  0.0000E+00
  0.4049E+00  0.0000E+00  0.7437E-01  0.0000E+00
 Relative number of events:
  0.4167E+00  0.0000E+00  0.1062E+00  0.0000E+00
  0.3849E+00  0.0000E+00  0.9212E-01  0.0000E+00
 Events:
        6767           0        1725           0
        6251           0        1496           0
 Accuracy:    0.046   0.100   0.025   3.330
 Finished due to accuracy    4.5505000743176156E-002  0.10000000000000001     

 -------------------------------------------------------------------------------
 Accumulated results:   Integral =  0.3637E+00
                        Std dev  =  0.9068E-02
                       Cross sec =  0.3637E+00
             Chi**2 per DoF.     =      3.3304
 -------------------------------------------------------------------------------
 Found         1428  events.
 Wrote          183  events.
 Actual xsec   0.36471638461334338     
 Correct abs xsec   0.36471638461334338     
 Event xsec   0.36471638461334283     
 Events wgts > 1:            5
 % Cross section > 1:    3.5718766755681460E-003  0.97935733799151947     
-------------------------------------------------
---------------------------
 Results Last   3 iters: Integral =   0.3647E+00
                     Abs integral =   0.3647E+00
                          Std dev =   0.9256E-02
                  Chi**2 per DoF. =      1.3668
-------------------------------------------------
---------------------------
 Status  0.10000000000000001                6           7

ls status:
events.lhe
ftn26
input_app.txt
results.dat
run1_app.log
