 Process in group number            1
 A PDF is used, so alpha_s(MZ) is going to be modified
 Old value of alpha_s from param_card:   0.13000000000000003     
  ****************************************
 
       NNPDFDriver version 1.0.3
   Grid: NNPDF23_lo_as_0130_qed_mem0.grid
  ****************************************
 New value of alpha_s from PDF nn23lo1:  0.13000000000000000     
 Warning! ptj set to xqcut=   15.000000000000000       to improve integration efficiency
 Note that this might affect non-radiated jets,
 e.g. from decays. Use cut_decays=F in run_card.
 Warning! mmjj set to xqcut=   15.000000000000000       to improve integration efficiency
 Note that this might affect non-radiated jets,
 e.g. from decays. Use cut_decays=F in run_card.
 Define smin to   2425.0000000000000     
 Define smin to   2425.0000000000000     
 Define smin to   2425.0000000000000     
 Define smin to   2425.0000000000000     
 Define smin to   2425.0000000000000     
 Define smin to   2425.0000000000000     
 Define smin to   2425.0000000000000     
 Define smin to   2425.0000000000000     
 Define smin to   2425.0000000000000     
 Define smin to   2425.0000000000000     
 Define smin to   2425.0000000000000     
 Define smin to   2425.0000000000000     
 *****************************************************
 *               MadGraph/MadEvent                   *
 *        --------------------------------           *
 *          http://madgraph.hep.uiuc.edu             *
 *          http://madgraph.phys.ucl.ac.be           *
 *          http://madgraph.roma2.infn.it            *
 *        --------------------------------           *
 *                                                   *
 *          PARAMETER AND COUPLING VALUES            *
 *                                                   *
 *****************************************************

  External Params
  ---------------------------------
  
 mdl_MB =    4.7000000000000002     
 mdl_MT =    173.00000000000000     
 mdl_MTA =    1.7769999999999999     
 mdl_MZ =    91.188000000000002     
 mdl_MH =    125.00000000000000     
 aEWM1 =    132.50700000000001     
 mdl_Gf =    1.1663900000000000E-005
 aS =   0.13000000000000003     
 mdl_ymb =    4.7000000000000002     
 mdl_ymt =    173.00000000000000     
 mdl_ymtau =    1.7769999999999999     
 mdl_WT =    1.4915000000000000     
 mdl_WZ =    2.4414039999999999     
 mdl_WW =    2.0476000000000001     
 mdl_WH =    6.3823389999999999E-003
  Internal Params
  ---------------------------------
  
 mdl_conjg__CKM3x3 =    1.0000000000000000     
 mdl_conjg__CKM1x1 =    1.0000000000000000     
 mdl_CKM3x3 =    1.0000000000000000     
 mdl_complexi =                (0.0000000000000000,1.0000000000000000)
 mdl_MZ__exp__2 =    8315.2513440000002     
 mdl_MZ__exp__4 =    69143404.913893804     
 mdl_sqrt__2 =    1.4142135623730951     
 mdl_MH__exp__2 =    15625.000000000000     
 mdl_aEW =    7.5467711139788835E-003
 mdl_MW =    80.419002445756163     
 mdl_sqrt__aEW =    8.6872153846781555E-002
 mdl_ee =   0.30795376724436879     
 mdl_MW__exp__2 =    6467.2159543705357     
 mdl_sw2 =   0.22224648578577766     
 mdl_cw =   0.88190334743339216     
 mdl_sqrt__sw2 =   0.47143025548407230     
 mdl_sw =   0.47143025548407230     
 mdl_g1 =   0.34919219678733299     
 mdl_gw =   0.65323293034757990     
 mdl_vev =    246.21845810181637     
 mdl_vev__exp__2 =    60623.529110035903     
 mdl_lam =   0.12886910601690263     
 mdl_yb =    2.6995554250465490E-002
 mdl_yt =   0.99366614581500623     
 mdl_ytau =    1.0206617000654717E-002
 mdl_muH =    88.388347648318430     
 mdl_I1x33 =          (2.69955542504654901E-002,0.0000000000000000)
 mdl_I2x33 =               (0.99366614581500623,0.0000000000000000)
 mdl_I3x33 =               (0.99366614581500623,0.0000000000000000)
 mdl_I4x33 =          (2.69955542504654901E-002,0.0000000000000000)
 mdl_ee__exp__2 =    9.4835522759998875E-002
 mdl_sw__exp__2 =   0.22224648578577769     
 mdl_cw__exp__2 =   0.77775351421422245     
  Internal Params evaluated point by point
  ----------------------------------------
  
 mdl_sqrt__aS =   0.36055512754639896     
 mdl_G__exp__2 =    1.6336281798666927     
  Couplings of sm
  ---------------------------------
  
        GC_10 =  -0.12781E+01   0.00000E+00
        GC_11 =   0.00000E+00   0.12781E+01
        GC_12 =   0.00000E+00   0.16336E+01
         GC_1 =  -0.00000E+00  -0.10265E+00
         GC_2 =   0.00000E+00   0.20530E+00
         GC_3 =  -0.00000E+00  -0.30795E+00
        GC_50 =  -0.00000E+00  -0.28804E+00
        GC_58 =  -0.00000E+00  -0.27437E-01
        GC_59 =   0.00000E+00   0.82310E-01

 Collider parameters:
 --------------------

 Running at P P   machine @    13000.000000000000       GeV
 PDF set = nn23lo1
 alpha_s(Mz)= 0.1300 running at 2 loops.
 alpha_s(Mz)= 0.1300 running at 2 loops.
 Renormalization scale set on event-by-event basis
 Factorization   scale set on event-by-event basis


 getting user params
Enter number of events and max and min iterations: 
 Number of events and iterations         1000           5           3
Enter desired fractional accuracy: 
 Desired fractional accuracy:   0.10000000000000001     
Enter 0 for fixed, 2 for adjustable grid: 
Suppress amplitude (0 no, 1 yes)? 
 Using suppressed amplitude.
Exact helicity sum (0 yes, n = number/event)? 
 Explicitly summing over helicities
Enter Configuration Number: 
Running Configuration Number:   23
 Not subdividing B.W.
 Attempting mappinvarients           1           7
 Determine nb_t
 T-channel found:            3
 Completed mapping           7
 about to integrate           13        1000           7           3          13           1
 Using non-zero grid deformation.
 13 dimensions   1000 events 13 invarients  7 iterations  1 config(s),  (0.99)
 Using h-tuple random number sequence.
 Error opening grid
 Using Uniform Grid!          28
 Using uniform alpha   1.0000000000000000     
 Grid defined OK
 Masses: 0.000E+00 0.000E+00 0.000E+00 0.000E+00 0.000E+00 0.000E+00 0.000E+00
 Set CM energy to      13000.00
 Mapping Graph          23  to config          23
 Determine nb_t
 T-channel found:            3
Setting grid   1    0.75740E-07   1
Setting grid   2    0.13314E-05   1
Setting grid   3    0.13314E-05   1
Setting grid   4    0.13314E-05   1
 Transforming s_hat 1/s           12   2.5000000000000005E-005   2425.0000000000000        168999999.99999997     
Using random seed offsets    23 :      4
  with seed                   24
 Ranmar initialization seeds       31081        9401
  Particle       3       4       5       6       7
      Et >    10.0    10.0    15.0    15.0    15.0
       E >     0.0     0.0     0.0     0.0     0.0
     Eta <     2.5     2.5     5.0     5.0     5.0
   xqcut:      0.0     0.0    15.0    15.0    15.0
d R # 3  >    -0.0     0.4     0.0     0.0     0.0
d R # 4  >    -0.0    -0.0     0.0     0.0     0.0
d R # 5  >    -0.0    -0.0    -0.0     0.0     0.0
d R # 6  >    -0.0    -0.0    -0.0    -0.0     0.0
s min # 3>     0.0     0.0     0.0     0.0     0.0
s min # 4>     0.0     0.0     0.0     0.0     0.0
s min # 5>     0.0     0.0     0.0   225.0   225.0
s min # 6>     0.0     0.0     0.0     0.0   225.0
xqcutij # 3>     0.0     0.0     0.0     0.0     0.0
xqcutij # 4>     0.0     0.0     0.0     0.0     0.0
xqcutij # 5>     0.0     0.0     0.0    15.0    15.0
xqcutij # 6>     0.0     0.0    15.0     0.0    15.0
 
 ********************************************
 * You are using the DiscreteSampler module *
 *      part of the MG5_aMC framework       *
 *         Author: Valentin Hirschi         *
 ********************************************
 
 RESET CUMULATIVE VARIABLE
 Iteration  1   Mean: 0.5912E+00 Abs mean: 0.5912E+00   Fluctuation:  0.184E+00   0.154E+03     1.2%
  1    0.5912E+00 0.5912E+00 +- 0.1835E+00      9.82
 Writing out events   6.9518762918558390E-003   9.8176047502100463     
 Relative summed weights:
  0.8443E-02  0.1043E-02  0.0000E+00  0.4845E-03  0.3325E-02  0.4387E-01  0.5750E-04  0.1213E-03  0.0000E+00  0.0000E+00  0.0000E+00  0.0000E+00  0.1459E-01  0.5092E-01  0.0000E+00  0.0000E+00  0.2064E-01  0.5199E-03  0.2530E-01  0.1209E-01  0.0000E+00  0.0000E+00  0.4707E-04  0.1423E-01
  0.6582E-02  0.1309E-01  0.1389E-02  0.5160E-03  0.0000E+00  0.0000E+00  0.0000E+00  0.0000E+00  0.1129E-01  0.9105E-02  0.8143E-01  0.2171E-01  0.0000E+00  0.0000E+00  0.2236E-02  0.1953E-02  0.0000E+00  0.0000E+00  0.0000E+00  0.0000E+00  0.0000E+00  0.0000E+00  0.0000E+00  0.0000E+00
  0.1730E-02  0.1089E-01  0.1437E-03  0.7088E-04  0.3702E-02  0.1711E-03  0.4029E-03  0.4900E-03  0.0000E+00  0.0000E+00  0.0000E+00  0.0000E+00  0.2183E-01  0.2407E-03  0.0000E+00  0.0000E+00  0.5088E-02  0.3383E-02  0.2609E-01  0.7738E-02  0.0000E+00  0.0000E+00  0.6922E-02  0.1160E-03
  0.4040E-02  0.5800E-02  0.5928E-03  0.9973E-05  0.0000E+00  0.0000E+00  0.0000E+00  0.0000E+00  0.6147E-02  0.2693E+00  0.4460E-01  0.2279E-01  0.0000E+00  0.0000E+00  0.7076E-01  0.1665E-05  0.0000E+00  0.0000E+00  0.0000E+00  0.0000E+00  0.0000E+00  0.0000E+00  0.0000E+00  0.0000E+00
  0.0000E+00  0.0000E+00  0.0000E+00  0.0000E+00  0.7807E-02  0.1727E-02  0.1141E+00  0.5902E-03  0.0000E+00  0.0000E+00  0.0000E+00  0.0000E+00  0.0000E+00  0.0000E+00  0.0000E+00  0.0000E+00  0.0000E+00  0.0000E+00  0.0000E+00  0.0000E+00  0.1340E-03  0.5198E-03  0.0000E+00  0.0000E+00
  0.0000E+00  0.0000E+00  0.0000E+00  0.0000E+00  0.2068E-02  0.5277E-02  0.2333E-03  0.1351E-02  0.0000E+00  0.0000E+00  0.0000E+00  0.0000E+00  0.0000E+00  0.0000E+00  0.0000E+00  0.0000E+00  0.0000E+00  0.0000E+00  0.0000E+00  0.0000E+00  0.7143E-02  0.1072E-02  0.0000E+00  0.0000E+00
 Relative number of events:
  0.1433E-01  0.7641E-02  0.0000E+00  0.2865E-02  0.4776E-02  0.7641E-02  0.9551E-03  0.9551E-03  0.0000E+00  0.0000E+00  0.0000E+00  0.0000E+00  0.6686E-02  0.2865E-02  0.0000E+00  0.0000E+00  0.1624E-01  0.8596E-02  0.5922E-01  0.6781E-01  0.0000E+00  0.0000E+00  0.1910E-02  0.4776E-02
  0.1242E-01  0.1528E-01  0.4776E-02  0.1910E-02  0.0000E+00  0.0000E+00  0.0000E+00  0.0000E+00  0.2961E-01  0.3247E-01  0.9169E-01  0.8978E-01  0.0000E+00  0.0000E+00  0.5731E-02  0.4776E-02  0.0000E+00  0.0000E+00  0.0000E+00  0.0000E+00  0.0000E+00  0.0000E+00  0.0000E+00  0.0000E+00
  0.5731E-02  0.9551E-02  0.1910E-02  0.9551E-03  0.5731E-02  0.7641E-02  0.9551E-03  0.3820E-02  0.0000E+00  0.0000E+00  0.0000E+00  0.0000E+00  0.4776E-02  0.9551E-03  0.0000E+00  0.0000E+00  0.1910E-01  0.1624E-01  0.5540E-01  0.4107E-01  0.0000E+00  0.0000E+00  0.6686E-02  0.1910E-02
  0.1433E-01  0.8596E-02  0.9551E-03  0.3820E-02  0.0000E+00  0.0000E+00  0.0000E+00  0.0000E+00  0.2006E-01  0.2101E-01  0.8978E-01  0.9360E-01  0.0000E+00  0.0000E+00  0.5731E-02  0.9551E-03  0.0000E+00  0.0000E+00  0.0000E+00  0.0000E+00  0.0000E+00  0.0000E+00  0.0000E+00  0.0000E+00
  0.0000E+00  0.0000E+00  0.0000E+00  0.0000E+00  0.1528E-01  0.9551E-02  0.4776E-02  0.3820E-02  0.0000E+00  0.0000E+00  0.0000E+00  0.0000E+00  0.0000E+00  0.0000E+00  0.0000E+00  0.0000E+00  0.0000E+00  0.0000E+00  0.0000E+00  0.0000E+00  0.2865E-02  0.1910E-02  0.0000E+00  0.0000E+00
  0.0000E+00  0.0000E+00  0.0000E+00  0.0000E+00  0.3820E-02  0.5731E-02  0.1910E-02  0.9551E-03  0.0000E+00  0.0000E+00  0.0000E+00  0.0000E+00  0.0000E+00  0.0000E+00  0.0000E+00  0.0000E+00  0.0000E+00  0.0000E+00  0.0000E+00  0.0000E+00  0.7641E-02  0.4776E-02  0.0000E+00  0.0000E+00
 Events:
          15           8           0           3           5           8           1           1           0           0           0           0           7           3           0           0          17           9          62          71           0           0           2           5
          13          16           5           2           0           0           0           0          31          34          96          94           0           0           6           5           0           0           0           0           0           0           0           0
           6          10           2           1           6           8           1           4           0           0           0           0           5           1           0           0          20          17          58          43           0           0           7           2
          15           9           1           4           0           0           0           0          21          22          94          98           0           0           6           1           0           0           0           0           0           0           0           0
           0           0           0           0          16          10           5           4           0           0           0           0           0           0           0           0           0           0           0           0           3           2           0           0
           0           0           0           0           4           6           2           1           0           0           0           0           0           0           0           0           0           0           0           0           8           5           0           0
 Iteration  2   Mean: 0.2999E+00 Abs mean: 0.2999E+00   Fluctuation:  0.344E-01   0.484E+02     4.0%
  2    0.2999E+00 0.2999E+00 +- 0.3439E-01      5.13
 Relative summed weights:
  0.7888E-02  0.1573E-01  0.3000E-02  0.1325E-01  0.9322E-02  0.1063E-01  0.0000E+00  0.4687E-03  0.0000E+00  0.0000E+00  0.0000E+00  0.0000E+00  0.7643E-03  0.1178E-01  0.0000E+00  0.0000E+00  0.5066E-02  0.1344E-02  0.1412E-01  0.3696E-01  0.0000E+00  0.0000E+00  0.4165E-02  0.4932E-02
  0.7460E-01  0.8877E-02  0.1618E-01  0.6760E-03  0.0000E+00  0.0000E+00  0.0000E+00  0.0000E+00  0.5191E-01  0.4493E-01  0.7756E-01  0.1267E+00  0.0000E+00  0.0000E+00  0.6626E-02  0.5123E-02  0.0000E+00  0.0000E+00  0.0000E+00  0.0000E+00  0.0000E+00  0.0000E+00  0.0000E+00  0.0000E+00
  0.3754E-01  0.8903E-02  0.3728E-02  0.9146E-03  0.4492E-02  0.3987E-02  0.6268E-04  0.2758E-03  0.0000E+00  0.0000E+00  0.0000E+00  0.0000E+00  0.1409E-01  0.1976E-02  0.0000E+00  0.0000E+00  0.1244E-01  0.1572E-01  0.1519E-01  0.2390E-01  0.0000E+00  0.0000E+00  0.2355E-02  0.2267E-02
  0.1173E-01  0.8133E-02  0.3472E-05  0.1840E-02  0.0000E+00  0.0000E+00  0.0000E+00  0.0000E+00  0.1311E-01  0.3818E-01  0.1059E+00  0.4041E-01  0.0000E+00  0.0000E+00  0.3945E-03  0.3145E-02  0.0000E+00  0.0000E+00  0.0000E+00  0.0000E+00  0.0000E+00  0.0000E+00  0.0000E+00  0.0000E+00
  0.0000E+00  0.0000E+00  0.0000E+00  0.0000E+00  0.1898E-01  0.3409E-02  0.1249E-03  0.6933E-03  0.0000E+00  0.0000E+00  0.0000E+00  0.0000E+00  0.0000E+00  0.0000E+00  0.0000E+00  0.0000E+00  0.0000E+00  0.0000E+00  0.0000E+00  0.0000E+00  0.1543E-01  0.2833E-03  0.0000E+00  0.0000E+00
  0.0000E+00  0.0000E+00  0.0000E+00  0.0000E+00  0.1296E-01  0.1203E-01  0.3411E-02  0.1785E-03  0.0000E+00  0.0000E+00  0.0000E+00  0.0000E+00  0.0000E+00  0.0000E+00  0.0000E+00  0.0000E+00  0.0000E+00  0.0000E+00  0.0000E+00  0.0000E+00  0.2299E-03  0.8985E-02  0.0000E+00  0.0000E+00
 Relative number of events:
  0.1775E-01  0.1679E-01  0.1919E-02  0.2879E-02  0.4319E-02  0.5278E-02  0.0000E+00  0.9597E-03  0.0000E+00  0.0000E+00  0.0000E+00  0.0000E+00  0.1919E-02  0.3839E-02  0.0000E+00  0.0000E+00  0.7198E-02  0.6238E-02  0.5854E-01  0.4750E-01  0.0000E+00  0.0000E+00  0.4319E-02  0.1919E-02
  0.2207E-01  0.1104E-01  0.4798E-02  0.2399E-02  0.0000E+00  0.0000E+00  0.0000E+00  0.0000E+00  0.2639E-01  0.3407E-01  0.1036E+00  0.7917E-01  0.0000E+00  0.0000E+00  0.5758E-02  0.4319E-02  0.0000E+00  0.0000E+00  0.0000E+00  0.0000E+00  0.0000E+00  0.0000E+00  0.0000E+00  0.0000E+00
  0.1104E-01  0.1104E-01  0.1440E-02  0.1440E-02  0.8637E-02  0.4319E-02  0.4798E-03  0.1440E-02  0.0000E+00  0.0000E+00  0.0000E+00  0.0000E+00  0.4319E-02  0.2879E-02  0.0000E+00  0.0000E+00  0.1344E-01  0.1440E-01  0.4367E-01  0.4655E-01  0.0000E+00  0.0000E+00  0.3359E-02  0.5758E-02
  0.1679E-01  0.1488E-01  0.4798E-03  0.4319E-02  0.0000E+00  0.0000E+00  0.0000E+00  0.0000E+00  0.1967E-01  0.2783E-01  0.1056E+00  0.1060E+00  0.0000E+00  0.0000E+00  0.2399E-02  0.6718E-02  0.0000E+00  0.0000E+00  0.0000E+00  0.0000E+00  0.0000E+00  0.0000E+00  0.0000E+00  0.0000E+00
  0.0000E+00  0.0000E+00  0.0000E+00  0.0000E+00  0.1008E-01  0.5758E-02  0.9597E-03  0.2399E-02  0.0000E+00  0.0000E+00  0.0000E+00  0.0000E+00  0.0000E+00  0.0000E+00  0.0000E+00  0.0000E+00  0.0000E+00  0.0000E+00  0.0000E+00  0.0000E+00  0.2399E-02  0.9597E-03  0.0000E+00  0.0000E+00
  0.0000E+00  0.0000E+00  0.0000E+00  0.0000E+00  0.5758E-02  0.6718E-02  0.2879E-02  0.4798E-03  0.0000E+00  0.0000E+00  0.0000E+00  0.0000E+00  0.0000E+00  0.0000E+00  0.0000E+00  0.0000E+00  0.0000E+00  0.0000E+00  0.0000E+00  0.0000E+00  0.2879E-02  0.4798E-02  0.0000E+00  0.0000E+00
 Events:
          37          35           4           6           9          11           0           2           0           0           0           0           4           8           0           0          15          13         122          99           0           0           9           4
          46          23          10           5           0           0           0           0          55          71         216         165           0           0          12           9           0           0           0           0           0           0           0           0
          23          23           3           3          18           9           1           3           0           0           0           0           9           6           0           0          28          30          91          97           0           0           7          12
          35          31           1           9           0           0           0           0          41          58         220         221           0           0           5          14           0           0           0           0           0           0           0           0
           0           0           0           0          21          12           2           5           0           0           0           0           0           0           0           0           0           0           0           0           5           2           0           0
           0           0           0           0          12          14           6           1           0           0           0           0           0           0           0           0           0           0           0           0           6          10           0           0
 Iteration  3   Mean: 0.2842E+00 Abs mean: 0.2842E+00   Fluctuation:  0.211E-01   0.474E+02     5.1%
  3    0.2842E+00 0.2842E+00 +- 0.2108E-01      4.69
 Relative summed weights:
  0.2928E-01  0.5133E-01  0.3560E-02  0.9125E-03  0.8194E-02  0.4393E-02  0.1056E-02  0.7351E-03  0.0000E+00  0.0000E+00  0.0000E+00  0.0000E+00  0.2894E-02  0.9088E-02  0.0000E+00  0.0000E+00  0.3243E-01  0.8463E-02  0.3306E-01  0.2635E-01  0.0000E+00  0.0000E+00  0.1834E-02  0.2406E-02
  0.1409E-01  0.1286E-01  0.9511E-02  0.6105E-02  0.0000E+00  0.0000E+00  0.0000E+00  0.0000E+00  0.4933E-01  0.3336E-01  0.5944E-01  0.5624E-01  0.0000E+00  0.0000E+00  0.5845E-02  0.3912E-02  0.0000E+00  0.0000E+00  0.0000E+00  0.0000E+00  0.0000E+00  0.0000E+00  0.0000E+00  0.0000E+00
  0.1074E-01  0.6796E-01  0.2036E-02  0.2466E-02  0.2771E-02  0.6740E-02  0.4386E-03  0.1623E-02  0.0000E+00  0.0000E+00  0.0000E+00  0.0000E+00  0.2019E-01  0.1850E-01  0.0000E+00  0.0000E+00  0.1076E-01  0.1365E-01  0.2132E-01  0.2307E-01  0.0000E+00  0.0000E+00  0.3660E-02  0.3325E-02
  0.1906E-01  0.1424E-01  0.2131E-02  0.8430E-03  0.0000E+00  0.0000E+00  0.0000E+00  0.0000E+00  0.5241E-01  0.2972E-01  0.5767E-01  0.5163E-01  0.0000E+00  0.0000E+00  0.6554E-02  0.4428E-02  0.0000E+00  0.0000E+00  0.0000E+00  0.0000E+00  0.0000E+00  0.0000E+00  0.0000E+00  0.0000E+00
  0.0000E+00  0.0000E+00  0.0000E+00  0.0000E+00  0.2788E-02  0.9892E-02  0.6743E-03  0.6866E-03  0.0000E+00  0.0000E+00  0.0000E+00  0.0000E+00  0.0000E+00  0.0000E+00  0.0000E+00  0.0000E+00  0.0000E+00  0.0000E+00  0.0000E+00  0.0000E+00  0.5058E-02  0.3579E-01  0.0000E+00  0.0000E+00
  0.0000E+00  0.0000E+00  0.0000E+00  0.0000E+00  0.1599E-02  0.4348E-02  0.5030E-02  0.8294E-04  0.0000E+00  0.0000E+00  0.0000E+00  0.0000E+00  0.0000E+00  0.0000E+00  0.0000E+00  0.0000E+00  0.0000E+00  0.0000E+00  0.0000E+00  0.0000E+00  0.1030E-01  0.9157E-02  0.0000E+00  0.0000E+00
 Relative number of events:
  0.1790E-01  0.1741E-01  0.3144E-02  0.1935E-02  0.5562E-02  0.5320E-02  0.1451E-02  0.1209E-02  0.0000E+00  0.0000E+00  0.0000E+00  0.0000E+00  0.3144E-02  0.3869E-02  0.0000E+00  0.0000E+00  0.9674E-02  0.1112E-01  0.5200E-01  0.4837E-01  0.0000E+00  0.0000E+00  0.3628E-02  0.3386E-02
  0.1524E-01  0.1693E-01  0.4353E-02  0.2902E-02  0.0000E+00  0.0000E+00  0.0000E+00  0.0000E+00  0.3362E-01  0.3482E-01  0.9674E-01  0.9287E-01  0.0000E+00  0.0000E+00  0.4837E-02  0.5562E-02  0.0000E+00  0.0000E+00  0.0000E+00  0.0000E+00  0.0000E+00  0.0000E+00  0.0000E+00  0.0000E+00
  0.9190E-02  0.9432E-02  0.3144E-02  0.3628E-02  0.7739E-02  0.7739E-02  0.2902E-02  0.2418E-02  0.0000E+00  0.0000E+00  0.0000E+00  0.0000E+00  0.7497E-02  0.5079E-02  0.0000E+00  0.0000E+00  0.1330E-01  0.1572E-01  0.3773E-01  0.4595E-01  0.0000E+00  0.0000E+00  0.3386E-02  0.4353E-02
  0.1040E-01  0.1306E-01  0.2177E-02  0.2902E-02  0.0000E+00  0.0000E+00  0.0000E+00  0.0000E+00  0.1838E-01  0.2031E-01  0.9722E-01  0.1052E+00  0.0000E+00  0.0000E+00  0.5079E-02  0.2902E-02  0.0000E+00  0.0000E+00  0.0000E+00  0.0000E+00  0.0000E+00  0.0000E+00  0.0000E+00  0.0000E+00
  0.0000E+00  0.0000E+00  0.0000E+00  0.0000E+00  0.7981E-02  0.9190E-02  0.1935E-02  0.1451E-02  0.0000E+00  0.0000E+00  0.0000E+00  0.0000E+00  0.0000E+00  0.0000E+00  0.0000E+00  0.0000E+00  0.0000E+00  0.0000E+00  0.0000E+00  0.0000E+00  0.2418E-02  0.2418E-02  0.0000E+00  0.0000E+00
  0.0000E+00  0.0000E+00  0.0000E+00  0.0000E+00  0.4353E-02  0.5562E-02  0.1693E-02  0.9674E-03  0.0000E+00  0.0000E+00  0.0000E+00  0.0000E+00  0.0000E+00  0.0000E+00  0.0000E+00  0.0000E+00  0.0000E+00  0.0000E+00  0.0000E+00  0.0000E+00  0.4353E-02  0.3869E-02  0.0000E+00  0.0000E+00
 Events:
          74          72          13           8          23          22           6           5           0           0           0           0          13          16           0           0          40          46         215         200           0           0          15          14
          63          70          18          12           0           0           0           0         139         144         400         384           0           0          20          23           0           0           0           0           0           0           0           0
          38          39          13          15          32          32          12          10           0           0           0           0          31          21           0           0          55          65         156         190           0           0          14          18
          43          54           9          12           0           0           0           0          76          84         402         435           0           0          21          12           0           0           0           0           0           0           0           0
           0           0           0           0          33          38           8           6           0           0           0           0           0           0           0           0           0           0           0           0          10          10           0           0
           0           0           0           0          18          23           7           4           0           0           0           0           0           0           0           0           0           0           0           0          18          16           0           0
 Accuracy:    0.138   0.100   0.061   5.121
 Found          478  events.
 Wrote           28  events.
 Actual xsec   0.30051805475292775     
 Correct abs xsec   0.30051805475292775     
 Event xsec   0.30051805475292759     
 Events wgts > 1:            0
 % Cross section > 1:    0.0000000000000000        0.0000000000000000     
 Iteration  4   Mean: 0.3667E+00 Abs mean: 0.3667E+00   Fluctuation:  0.697E-01   0.533E+03     4.8%
  4    0.3667E+00 0.3667E+00 +- 0.6967E-01     16.99
 Relative summed weights:
  0.1810E-01  0.1823E-01  0.2040E-02  0.3789E-02  0.5086E-02  0.2727E-02  0.5616E-03  0.1099E-02  0.0000E+00  0.0000E+00  0.0000E+00  0.0000E+00  0.1029E-01  0.9842E-02  0.0000E+00  0.0000E+00  0.5034E-01  0.9192E-02  0.2004E-01  0.2202E-01  0.0000E+00  0.0000E+00  0.1680E-02  0.1977E-02
  0.1109E-01  0.1633E-01  0.1494E-02  0.3405E-02  0.0000E+00  0.0000E+00  0.0000E+00  0.0000E+00  0.3765E-01  0.3617E-01  0.5563E-01  0.5649E-01  0.0000E+00  0.0000E+00  0.5459E-02  0.5229E-02  0.0000E+00  0.0000E+00  0.0000E+00  0.0000E+00  0.0000E+00  0.0000E+00  0.0000E+00  0.0000E+00
  0.2462E-01  0.1838E-01  0.1861E-02  0.9385E-03  0.4933E-02  0.5667E-02  0.5600E-03  0.3647E-03  0.0000E+00  0.0000E+00  0.0000E+00  0.0000E+00  0.1075E-01  0.2590E-01  0.0000E+00  0.0000E+00  0.1162E-01  0.6726E-02  0.1849E-01  0.2187E-01  0.0000E+00  0.0000E+00  0.2375E-02  0.2016E-02
  0.1951E+00  0.6362E-02  0.1787E-02  0.1548E-02  0.0000E+00  0.0000E+00  0.0000E+00  0.0000E+00  0.3041E-01  0.1635E-01  0.6567E-01  0.5477E-01  0.0000E+00  0.0000E+00  0.3309E-02  0.3450E-02  0.0000E+00  0.0000E+00  0.0000E+00  0.0000E+00  0.0000E+00  0.0000E+00  0.0000E+00  0.0000E+00
  0.0000E+00  0.0000E+00  0.0000E+00  0.0000E+00  0.4269E-02  0.7867E-02  0.1110E-02  0.3086E-02  0.0000E+00  0.0000E+00  0.0000E+00  0.0000E+00  0.0000E+00  0.0000E+00  0.0000E+00  0.0000E+00  0.0000E+00  0.0000E+00  0.0000E+00  0.0000E+00  0.5790E-02  0.4283E-02  0.0000E+00  0.0000E+00
  0.0000E+00  0.0000E+00  0.0000E+00  0.0000E+00  0.1557E-01  0.4879E-02  0.1094E-02  0.4486E-03  0.0000E+00  0.0000E+00  0.0000E+00  0.0000E+00  0.0000E+00  0.0000E+00  0.0000E+00  0.0000E+00  0.0000E+00  0.0000E+00  0.0000E+00  0.0000E+00  0.4412E-02  0.5373E-02  0.0000E+00  0.0000E+00
 Relative number of events:
  0.1678E-01  0.1497E-01  0.2777E-02  0.3139E-02  0.5071E-02  0.3743E-02  0.1569E-02  0.1932E-02  0.0000E+00  0.0000E+00  0.0000E+00  0.0000E+00  0.2898E-02  0.2777E-02  0.0000E+00  0.0000E+00  0.1062E-01  0.1026E-01  0.4491E-01  0.5191E-01  0.0000E+00  0.0000E+00  0.3863E-02  0.3743E-02
  0.1642E-01  0.1666E-01  0.2294E-02  0.2294E-02  0.0000E+00  0.0000E+00  0.0000E+00  0.0000E+00  0.3368E-01  0.3187E-01  0.8765E-01  0.9043E-01  0.0000E+00  0.0000E+00  0.7968E-02  0.7485E-02  0.0000E+00  0.0000E+00  0.0000E+00  0.0000E+00  0.0000E+00  0.0000E+00  0.0000E+00  0.0000E+00
  0.1280E-01  0.1183E-01  0.1449E-02  0.1811E-02  0.7244E-02  0.6882E-02  0.2173E-02  0.1932E-02  0.0000E+00  0.0000E+00  0.0000E+00  0.0000E+00  0.5916E-02  0.4588E-02  0.0000E+00  0.0000E+00  0.1400E-01  0.1437E-01  0.4117E-01  0.4189E-01  0.0000E+00  0.0000E+00  0.4708E-02  0.3380E-02
  0.1292E-01  0.9779E-02  0.2052E-02  0.2173E-02  0.0000E+00  0.0000E+00  0.0000E+00  0.0000E+00  0.2246E-01  0.2294E-01  0.1108E+00  0.1099E+00  0.0000E+00  0.0000E+00  0.4226E-02  0.5071E-02  0.0000E+00  0.0000E+00  0.0000E+00  0.0000E+00  0.0000E+00  0.0000E+00  0.0000E+00  0.0000E+00
  0.0000E+00  0.0000E+00  0.0000E+00  0.0000E+00  0.6761E-02  0.7123E-02  0.2173E-02  0.2173E-02  0.0000E+00  0.0000E+00  0.0000E+00  0.0000E+00  0.0000E+00  0.0000E+00  0.0000E+00  0.0000E+00  0.0000E+00  0.0000E+00  0.0000E+00  0.0000E+00  0.2052E-02  0.2656E-02  0.0000E+00  0.0000E+00
  0.0000E+00  0.0000E+00  0.0000E+00  0.0000E+00  0.4950E-02  0.5916E-02  0.2052E-02  0.1207E-02  0.0000E+00  0.0000E+00  0.0000E+00  0.0000E+00  0.0000E+00  0.0000E+00  0.0000E+00  0.0000E+00  0.0000E+00  0.0000E+00  0.0000E+00  0.0000E+00  0.3863E-02  0.2898E-02  0.0000E+00  0.0000E+00
 Events:
         139         124          23          26          42          31          13          16           0           0           0           0          24          23           0           0          88          85         372         430           0           0          32          31
         136         138          19          19           0           0           0           0         279         264         726         749           0           0          66          62           0           0           0           0           0           0           0           0
         106          98          12          15          60          57          18          16           0           0           0           0          49          38           0           0         116         119         341         347           0           0          39          28
         107          81          17          18           0           0           0           0         186         190         918         910           0           0          35          42           0           0           0           0           0           0           0           0
           0           0           0           0          56          59          18          18           0           0           0           0           0           0           0           0           0           0           0           0          17          22           0           0
           0           0           0           0          41          49          17          10           0           0           0           0           0           0           0           0           0           0           0           0          32          24           0           0
 Accuracy:    0.111   0.100   0.058   3.667
 Found          609  events.
 Wrote            3  events.
 Actual xsec   0.29637797998669940     
 Correct abs xsec   0.29637797998669940     
 Event xsec   0.29637797998669935     
 Events wgts > 1:            1
 % Cross section > 1:    6.1168190512717047E-009   2.0638574605124885E-006
 Iteration  5   Mean: 0.2842E+00 Abs mean: 0.2842E+00   Fluctuation:  0.105E-01   0.737E+02     4.5%
  5    0.2842E+00 0.2842E+00 +- 0.1053E-01      4.69
 Relative summed weights:
  0.2898E-01  0.3287E-01  0.2389E-02  0.2912E-02  0.3197E-02  0.4821E-02  0.2347E-02  0.3195E-02  0.0000E+00  0.0000E+00  0.0000E+00  0.0000E+00  0.8142E-02  0.9380E-02  0.0000E+00  0.0000E+00  0.1534E-01  0.1383E-01  0.3003E-01  0.2341E-01  0.0000E+00  0.0000E+00  0.3831E-02  0.6247E-02
  0.1844E-01  0.1649E-01  0.2886E-02  0.3256E-02  0.0000E+00  0.0000E+00  0.0000E+00  0.0000E+00  0.6470E-01  0.4764E-01  0.7149E-01  0.5933E-01  0.0000E+00  0.0000E+00  0.9209E-02  0.5976E-02  0.0000E+00  0.0000E+00  0.0000E+00  0.0000E+00  0.0000E+00  0.0000E+00  0.0000E+00  0.0000E+00
  0.1644E-01  0.1473E-01  0.1435E-02  0.1303E-02  0.1049E-01  0.1101E-01  0.9337E-03  0.1038E-02  0.0000E+00  0.0000E+00  0.0000E+00  0.0000E+00  0.1684E-01  0.1656E-01  0.0000E+00  0.0000E+00  0.1702E-01  0.1585E-01  0.2812E-01  0.3045E-01  0.0000E+00  0.0000E+00  0.4471E-02  0.2860E-02
  0.8887E-02  0.1108E-01  0.1703E-02  0.1370E-02  0.0000E+00  0.0000E+00  0.0000E+00  0.0000E+00  0.3294E-01  0.3586E-01  0.7120E-01  0.6398E-01  0.0000E+00  0.0000E+00  0.1450E-01  0.8409E-02  0.0000E+00  0.0000E+00  0.0000E+00  0.0000E+00  0.0000E+00  0.0000E+00  0.0000E+00  0.0000E+00
  0.0000E+00  0.0000E+00  0.0000E+00  0.0000E+00  0.9481E-02  0.7201E-02  0.1051E-01  0.1306E-02  0.0000E+00  0.0000E+00  0.0000E+00  0.0000E+00  0.0000E+00  0.0000E+00  0.0000E+00  0.0000E+00  0.0000E+00  0.0000E+00  0.0000E+00  0.0000E+00  0.4851E-02  0.8584E-02  0.0000E+00  0.0000E+00
  0.0000E+00  0.0000E+00  0.0000E+00  0.0000E+00  0.5461E-02  0.6121E-02  0.1151E-02  0.1052E-02  0.0000E+00  0.0000E+00  0.0000E+00  0.0000E+00  0.0000E+00  0.0000E+00  0.0000E+00  0.0000E+00  0.0000E+00  0.0000E+00  0.0000E+00  0.0000E+00  0.7662E-02  0.6803E-02  0.0000E+00  0.0000E+00
 Relative number of events:
  0.1654E-01  0.1557E-01  0.2716E-02  0.3139E-02  0.5251E-02  0.5010E-02  0.1871E-02  0.1750E-02  0.0000E+00  0.0000E+00  0.0000E+00  0.0000E+00  0.3501E-02  0.2716E-02  0.0000E+00  0.0000E+00  0.9657E-02  0.1092E-01  0.4744E-01  0.4623E-01  0.0000E+00  0.0000E+00  0.3320E-02  0.2776E-02
  0.1430E-01  0.1593E-01  0.2535E-02  0.2837E-02  0.0000E+00  0.0000E+00  0.0000E+00  0.0000E+00  0.3289E-01  0.3102E-01  0.9380E-01  0.9102E-01  0.0000E+00  0.0000E+00  0.6820E-02  0.5975E-02  0.0000E+00  0.0000E+00  0.0000E+00  0.0000E+00  0.0000E+00  0.0000E+00  0.0000E+00  0.0000E+00
  0.1153E-01  0.1165E-01  0.1569E-02  0.1811E-02  0.8450E-02  0.6458E-02  0.2233E-02  0.1750E-02  0.0000E+00  0.0000E+00  0.0000E+00  0.0000E+00  0.5553E-02  0.4527E-02  0.0000E+00  0.0000E+00  0.1479E-01  0.1310E-01  0.4134E-01  0.4080E-01  0.0000E+00  0.0000E+00  0.4466E-02  0.3742E-02
  0.1099E-01  0.1298E-01  0.2414E-02  0.2716E-02  0.0000E+00  0.0000E+00  0.0000E+00  0.0000E+00  0.2269E-01  0.2420E-01  0.1134E+00  0.1100E+00  0.0000E+00  0.0000E+00  0.4949E-02  0.4768E-02  0.0000E+00  0.0000E+00  0.0000E+00  0.0000E+00  0.0000E+00  0.0000E+00  0.0000E+00  0.0000E+00
  0.0000E+00  0.0000E+00  0.0000E+00  0.0000E+00  0.6881E-02  0.6519E-02  0.2173E-02  0.1871E-02  0.0000E+00  0.0000E+00  0.0000E+00  0.0000E+00  0.0000E+00  0.0000E+00  0.0000E+00  0.0000E+00  0.0000E+00  0.0000E+00  0.0000E+00  0.0000E+00  0.2294E-02  0.2837E-02  0.0000E+00  0.0000E+00
  0.0000E+00  0.0000E+00  0.0000E+00  0.0000E+00  0.3984E-02  0.5070E-02  0.1630E-02  0.1449E-02  0.0000E+00  0.0000E+00  0.0000E+00  0.0000E+00  0.0000E+00  0.0000E+00  0.0000E+00  0.0000E+00  0.0000E+00  0.0000E+00  0.0000E+00  0.0000E+00  0.2958E-02  0.3984E-02  0.0000E+00  0.0000E+00
 Events:
         274         258          45          52          87          83          31          29           0           0           0           0          58          45           0           0         160         181         786         766           0           0          55          46
         237         264          42          47           0           0           0           0         545         514        1554        1508           0           0         113          99           0           0           0           0           0           0           0           0
         191         193          26          30         140         107          37          29           0           0           0           0          92          75           0           0         245         217         685         676           0           0          74          62
         182         215          40          45           0           0           0           0         376         401        1878        1822           0           0          82          79           0           0           0           0           0           0           0           0
           0           0           0           0         114         108          36          31           0           0           0           0           0           0           0           0           0           0           0           0          38          47           0           0
           0           0           0           0          66          84          27          24           0           0           0           0           0           0           0           0           0           0           0           0          49          66           0           0
 Accuracy:    0.057   0.100   0.031   3.377
 Finished due to accuracy    5.7417442435348763E-002  0.10000000000000001     

 -------------------------------------------------------------------------------
 Accumulated results:   Integral =  0.2907E+00
                        Std dev  =  0.9083E-02
                       Cross sec =  0.2907E+00
             Chi**2 per DoF.     =      3.3772
 -------------------------------------------------------------------------------
 Found          941  events.
 Wrote           79  events.
 Actual xsec   0.28663723562812049     
 Correct abs xsec   0.28663723562812049     
 Event xsec   0.28663723562812116     
 Events wgts > 1:            2
 % Cross section > 1:    4.5055155245946011E-004  0.15718528385614175     
-------------------------------------------------
---------------------------
 Results Last   3 iters: Integral =   0.2866E+00
                     Abs integral =   0.2866E+00
                          Std dev =   0.9359E-02
                  Chi**2 per DoF. =      0.6938
-------------------------------------------------
---------------------------
 Status  0.10000000000000001                6           7

ls status:
events.lhe
ftn26
input_app.txt
results.dat
run1_app.log
