 Process in group number            1
 A PDF is used, so alpha_s(MZ) is going to be modified
 Old value of alpha_s from param_card:   0.13000000000000003     
  ****************************************
 
       NNPDFDriver version 1.0.3
   Grid: NNPDF23_lo_as_0130_qed_mem0.grid
  ****************************************
 New value of alpha_s from PDF nn23lo1:  0.13000000000000000     
 Warning! ptj set to xqcut=   15.000000000000000       to improve integration efficiency
 Note that this might affect non-radiated jets,
 e.g. from decays. Use cut_decays=F in run_card.
 Warning! mmjj set to xqcut=   15.000000000000000       to improve integration efficiency
 Note that this might affect non-radiated jets,
 e.g. from decays. Use cut_decays=F in run_card.
 Define smin to   2425.0000000000000     
 Define smin to   2425.0000000000000     
 Define smin to   2425.0000000000000     
 Define smin to   2425.0000000000000     
 *****************************************************
 *               MadGraph/MadEvent                   *
 *        --------------------------------           *
 *          http://madgraph.hep.uiuc.edu             *
 *          http://madgraph.phys.ucl.ac.be           *
 *          http://madgraph.roma2.infn.it            *
 *        --------------------------------           *
 *                                                   *
 *          PARAMETER AND COUPLING VALUES            *
 *                                                   *
 *****************************************************

  External Params
  ---------------------------------
  
 mdl_MB =    4.7000000000000002     
 mdl_MT =    173.00000000000000     
 mdl_MTA =    1.7769999999999999     
 mdl_MZ =    91.188000000000002     
 mdl_MH =    125.00000000000000     
 aEWM1 =    132.50700000000001     
 mdl_Gf =    1.1663900000000000E-005
 aS =   0.13000000000000003     
 mdl_ymb =    4.7000000000000002     
 mdl_ymt =    173.00000000000000     
 mdl_ymtau =    1.7769999999999999     
 mdl_WT =    1.4915000000000000     
 mdl_WZ =    2.4414039999999999     
 mdl_WW =    2.0476000000000001     
 mdl_WH =    6.3823389999999999E-003
  Internal Params
  ---------------------------------
  
 mdl_conjg__CKM3x3 =    1.0000000000000000     
 mdl_conjg__CKM1x1 =    1.0000000000000000     
 mdl_CKM3x3 =    1.0000000000000000     
 mdl_complexi =                (0.0000000000000000,1.0000000000000000)
 mdl_MZ__exp__2 =    8315.2513440000002     
 mdl_MZ__exp__4 =    69143404.913893804     
 mdl_sqrt__2 =    1.4142135623730951     
 mdl_MH__exp__2 =    15625.000000000000     
 mdl_aEW =    7.5467711139788835E-003
 mdl_MW =    80.419002445756163     
 mdl_sqrt__aEW =    8.6872153846781555E-002
 mdl_ee =   0.30795376724436879     
 mdl_MW__exp__2 =    6467.2159543705357     
 mdl_sw2 =   0.22224648578577766     
 mdl_cw =   0.88190334743339216     
 mdl_sqrt__sw2 =   0.47143025548407230     
 mdl_sw =   0.47143025548407230     
 mdl_g1 =   0.34919219678733299     
 mdl_gw =   0.65323293034757990     
 mdl_vev =    246.21845810181637     
 mdl_vev__exp__2 =    60623.529110035903     
 mdl_lam =   0.12886910601690263     
 mdl_yb =    2.6995554250465490E-002
 mdl_yt =   0.99366614581500623     
 mdl_ytau =    1.0206617000654717E-002
 mdl_muH =    88.388347648318430     
 mdl_I1x33 =          (2.69955542504654901E-002,0.0000000000000000)
 mdl_I2x33 =               (0.99366614581500623,0.0000000000000000)
 mdl_I3x33 =               (0.99366614581500623,0.0000000000000000)
 mdl_I4x33 =          (2.69955542504654901E-002,0.0000000000000000)
 mdl_ee__exp__2 =    9.4835522759998875E-002
 mdl_sw__exp__2 =   0.22224648578577769     
 mdl_cw__exp__2 =   0.77775351421422245     
  Internal Params evaluated point by point
  ----------------------------------------
  
 mdl_sqrt__aS =   0.36055512754639896     
 mdl_G__exp__2 =    1.6336281798666927     
  Couplings of sm
  ---------------------------------
  
        GC_10 =  -0.12781E+01   0.00000E+00
        GC_11 =   0.00000E+00   0.12781E+01
        GC_12 =   0.00000E+00   0.16336E+01
         GC_1 =  -0.00000E+00  -0.10265E+00
         GC_2 =   0.00000E+00   0.20530E+00
         GC_3 =  -0.00000E+00  -0.30795E+00
        GC_50 =  -0.00000E+00  -0.28804E+00
        GC_58 =  -0.00000E+00  -0.27437E-01
        GC_59 =   0.00000E+00   0.82310E-01

 Collider parameters:
 --------------------

 Running at P P   machine @    13000.000000000000       GeV
 PDF set = nn23lo1
 alpha_s(Mz)= 0.1300 running at 2 loops.
 alpha_s(Mz)= 0.1300 running at 2 loops.
 Renormalization scale set on event-by-event basis
 Factorization   scale set on event-by-event basis


 getting user params
Enter number of events and max and min iterations: 
 Number of events and iterations         1000           5           3
Enter desired fractional accuracy: 
 Desired fractional accuracy:   0.10000000000000001     
Enter 0 for fixed, 2 for adjustable grid: 
Suppress amplitude (0 no, 1 yes)? 
 Using suppressed amplitude.
Exact helicity sum (0 yes, n = number/event)? 
 Explicitly summing over helicities
Enter Configuration Number: 
Running Configuration Number:   10
 Not subdividing B.W.
 Attempting mappinvarients           1           7
 Determine nb_t
 T-channel found:            1
 Completed mapping           7
 about to integrate           13        1000           5           3          13           1
 Using non-zero grid deformation.
 13 dimensions   1000 events 13 invarients  5 iterations  1 config(s),  (0.99)
 Using h-tuple random number sequence.
 Error opening grid
 Using Uniform Grid!          28
 Using uniform alpha   1.0000000000000000     
 Grid defined OK
 Masses: 0.000E+00 0.000E+00 0.000E+00 0.000E+00 0.000E+00 0.000E+00 0.000E+00
 Set CM energy to      13000.00
 Mapping Graph          10  to config          10
 Determine nb_t
 T-channel found:            1
Setting grid   1    0.13314E-05   1
Setting grid   2    0.75740E-07   1
Setting grid   3    0.20422E-05   1
Setting grid   4    0.13314E-05   1
 Transforming s_hat 1/s           12   2.5000000000000005E-005   2425.0000000000000        168999999.99999997     
Using random seed offsets    10 :      2
  with seed                   24
 Ranmar initialization seeds       31068        9399
  Particle       3       4       5       6       7
      Et >    10.0    10.0    15.0    15.0    15.0
       E >     0.0     0.0     0.0     0.0     0.0
     Eta <     2.5     2.5     5.0     5.0     5.0
   xqcut:      0.0     0.0    15.0    15.0    15.0
d R # 3  >    -0.0     0.4     0.0     0.0     0.0
d R # 4  >    -0.0    -0.0     0.0     0.0     0.0
d R # 5  >    -0.0    -0.0    -0.0     0.0     0.0
d R # 6  >    -0.0    -0.0    -0.0    -0.0     0.0
s min # 3>     0.0     0.0     0.0     0.0     0.0
s min # 4>     0.0     0.0     0.0     0.0     0.0
s min # 5>     0.0     0.0     0.0   225.0   225.0
s min # 6>     0.0     0.0     0.0     0.0   225.0
xqcutij # 3>     0.0     0.0     0.0     0.0     0.0
xqcutij # 4>     0.0     0.0     0.0     0.0     0.0
xqcutij # 5>     0.0     0.0     0.0    15.0    15.0
xqcutij # 6>     0.0     0.0    15.0     0.0    15.0
 
 ********************************************
 * You are using the DiscreteSampler module *
 *      part of the MG5_aMC framework       *
 *         Author: Valentin Hirschi         *
 ********************************************
 
 RESET CUMULATIVE VARIABLE
 Iteration  1   Mean: 0.1721E+01 Abs mean: 0.1721E+01   Fluctuation:  0.145E+00   0.539E+02     1.2%
  1    0.1721E+01 0.1721E+01 +- 0.1454E+00      2.67
 Writing out events   2.7806694916320877E-002   2.6715542773301482     
 Relative summed weights:
  0.1425E+00  0.1281E+00  0.5339E-02  0.2064E-01  0.4441E-01  0.5275E-01  0.8187E-02  0.7609E-02
  0.1184E+00  0.2199E+00  0.2093E-01  0.3911E-01  0.7388E-01  0.9928E-01  0.9578E-02  0.9408E-02
 Relative number of events:
  0.1088E+00  0.1276E+00  0.1978E-01  0.2770E-01  0.6429E-01  0.6528E-01  0.1583E-01  0.1879E-01
  0.1286E+00  0.1662E+00  0.3264E-01  0.3660E-01  0.6924E-01  0.8111E-01  0.1484E-01  0.2275E-01
 Events:
         110         129          20          28          65          66          16          19
         130         168          33          37          70          82          15          23
 Iteration  2   Mean: 0.1879E+01 Abs mean: 0.1879E+01   Fluctuation:  0.912E-01   0.417E+02     4.0%
  2    0.1879E+01 0.1879E+01 +- 0.9119E-01      2.17
 Relative summed weights:
  0.1570E+00  0.1490E+00  0.2772E-01  0.1354E-01  0.6931E-01  0.5229E-01  0.3336E-01  0.1487E-01
  0.1471E+00  0.1540E+00  0.3151E-01  0.2866E-01  0.4691E-01  0.4733E-01  0.1608E-01  0.1129E-01
 Relative number of events:
  0.1532E+00  0.1457E+00  0.2337E-01  0.2188E-01  0.7459E-01  0.6415E-01  0.2486E-01  0.1740E-01
  0.1233E+00  0.1348E+00  0.2536E-01  0.2735E-01  0.6166E-01  0.6415E-01  0.1989E-01  0.1840E-01
 Events:
         308         293          47          44         150         129          50          35
         248         271          51          55         124         129          40          37
 Iteration  3   Mean: 0.1938E+01 Abs mean: 0.1938E+01   Fluctuation:  0.633E-01   0.710E+02     5.0%
  3    0.1938E+01 0.1938E+01 +- 0.6331E-01      2.07
 Relative summed weights:
  0.1350E+00  0.1644E+00  0.1999E-01  0.3386E-01  0.5700E-01  0.7313E-01  0.1589E-01  0.1885E-01
  0.1398E+00  0.1516E+00  0.2235E-01  0.3711E-01  0.5085E-01  0.5520E-01  0.1239E-01  0.1257E-01
 Relative number of events:
  0.1402E+00  0.1337E+00  0.2067E-01  0.2540E-01  0.6823E-01  0.7296E-01  0.1967E-01  0.1768E-01
  0.1312E+00  0.1434E+00  0.2764E-01  0.3137E-01  0.6175E-01  0.7047E-01  0.1619E-01  0.1942E-01
 Events:
         563         537          83         102         274         293          79          71
         527         576         111         126         248         283          65          78
 Accuracy:    0.024   0.100   0.026   0.835
 Finished due to accuracy    2.3574454694946852E-002  0.10000000000000001     

 -------------------------------------------------------------------------------
 Accumulated results:   Integral =  0.1901E+01
                        Std dev  =  0.4906E-01
                       Cross sec =  0.1901E+01
             Chi**2 per DoF.     =      0.8347
 -------------------------------------------------------------------------------
 Found         1138  events.
 Wrote          126  events.
 Actual xsec    1.9012062489143822     
 Correct abs xsec    1.9012062489143822     
 Event xsec    1.9012062489143799     
 Events wgts > 1:            3
 % Cross section > 1:    2.2303494882557912E-003  0.11731233734001019     
-------------------------------------------------
---------------------------
 Results Last   3 iters: Integral =   0.1901E+01
                     Abs integral =   0.1901E+01
                          Std dev =   0.4906E-01
                  Chi**2 per DoF. =      0.9679
-------------------------------------------------
---------------------------
 Status  0.10000000000000001                4           5

ls status:
events.lhe
ftn26
input_app.txt
results.dat
run1_app.log
