/Users/omattelaer/Documents/git_workspace/version3/PROC_sm_14/MA5_PARTON_ANALYSIS_analysis1/Output/Histos/MadAnalysis5job_0/selection_0.py:29: SyntaxWarning: invalid escape sequence '\_'
  label="$run\_01$", histtype="stepfilled", rwidth=1.0,\
/Users/omattelaer/Documents/git_workspace/version3/PROC_sm_14/MA5_PARTON_ANALYSIS_analysis1/Output/Histos/MadAnalysis5job_0/selection_1.py:29: SyntaxWarning: invalid escape sequence '\_'
  label="$run\_01$", histtype="stepfilled", rwidth=1.0,\
/Users/omattelaer/Documents/git_workspace/version3/PROC_sm_14/MA5_PARTON_ANALYSIS_analysis1/Output/Histos/MadAnalysis5job_0/selection_2.py:29: SyntaxWarning: invalid escape sequence '\_'
  label="$run\_01$", histtype="stepfilled", rwidth=1.0,\
/Users/omattelaer/Documents/git_workspace/version3/PROC_sm_14/MA5_PARTON_ANALYSIS_analysis1/Output/Histos/MadAnalysis5job_0/selection_3.py:29: SyntaxWarning: invalid escape sequence '\_'
  label="$run\_01$", histtype="stepfilled", rwidth=1.0,\
/Users/omattelaer/Documents/git_workspace/version3/PROC_sm_14/MA5_PARTON_ANALYSIS_analysis1/Output/Histos/MadAnalysis5job_0/selection_4.py:29: SyntaxWarning: invalid escape sequence '\_'
  label="$run\_01$", histtype="stepfilled", rwidth=1.0,\
/Users/omattelaer/Documents/git_workspace/version3/PROC_sm_14/MA5_PARTON_ANALYSIS_analysis1/Output/Histos/MadAnalysis5job_0/selection_5.py:29: SyntaxWarning: invalid escape sequence '\_'
  label="$run\_01$", histtype="stepfilled", rwidth=1.0,\
/Users/omattelaer/Documents/git_workspace/version3/PROC_sm_14/MA5_PARTON_ANALYSIS_analysis1/Output/Histos/MadAnalysis5job_0/selection_6.py:29: SyntaxWarning: invalid escape sequence '\_'
  label="$run\_01$", histtype="stepfilled", rwidth=1.0,\
/Users/omattelaer/Documents/git_workspace/version3/PROC_sm_14/MA5_PARTON_ANALYSIS_analysis1/Output/Histos/MadAnalysis5job_0/selection_7.py:29: SyntaxWarning: invalid escape sequence '\_'
  label="$run\_01$", histtype="stepfilled", rwidth=1.0,\
/Users/omattelaer/Documents/git_workspace/version3/PROC_sm_14/MA5_PARTON_ANALYSIS_analysis1/Output/Histos/MadAnalysis5job_0/selection_8.py:29: SyntaxWarning: invalid escape sequence '\_'
  label="$run\_01$", histtype="stepfilled", rwidth=1.0,\
/Users/omattelaer/Documents/git_workspace/version3/PROC_sm_14/MA5_PARTON_ANALYSIS_analysis1/Output/Histos/MadAnalysis5job_0/selection_9.py:29: SyntaxWarning: invalid escape sequence '\_'
  label="$run\_01$", histtype="stepfilled", rwidth=1.0,\
/Users/omattelaer/Documents/git_workspace/version3/PROC_sm_14/MA5_PARTON_ANALYSIS_analysis1/Output/Histos/MadAnalysis5job_0/selection_10.py:29: SyntaxWarning: invalid escape sequence '\_'
  label="$run\_01$", histtype="stepfilled", rwidth=1.0,\
/Users/omattelaer/Documents/git_workspace/version3/PROC_sm_14/MA5_PARTON_ANALYSIS_analysis1/Output/Histos/MadAnalysis5job_0/selection_11.py:29: SyntaxWarning: invalid escape sequence '\_'
  label="$run\_01$", histtype="stepfilled", rwidth=1.0,\
/Users/omattelaer/Documents/git_workspace/version3/PROC_sm_14/MA5_PARTON_ANALYSIS_analysis1/Output/Histos/MadAnalysis5job_0/selection_12.py:29: SyntaxWarning: invalid escape sequence '\_'
  label="$run\_01$", histtype="stepfilled", rwidth=1.0,\
/Users/omattelaer/Documents/git_workspace/version3/PROC_sm_14/MA5_PARTON_ANALYSIS_analysis1/Output/Histos/MadAnalysis5job_0/selection_13.py:29: SyntaxWarning: invalid escape sequence '\_'
  label="$run\_01$", histtype="stepfilled", rwidth=1.0,\
/Users/omattelaer/Documents/git_workspace/version3/PROC_sm_14/MA5_PARTON_ANALYSIS_analysis1/Output/Histos/MadAnalysis5job_0/selection_14.py:29: SyntaxWarning: invalid escape sequence '\_'
  label="$run\_01$", histtype="stepfilled", rwidth=1.0,\
/Users/omattelaer/Documents/git_workspace/version3/PROC_sm_14/MA5_PARTON_ANALYSIS_analysis1/Output/Histos/MadAnalysis5job_0/selection_15.py:29: SyntaxWarning: invalid escape sequence '\_'
  label="$run\_01$", histtype="stepfilled", rwidth=1.0,\
/Users/omattelaer/Documents/git_workspace/version3/PROC_sm_14/MA5_PARTON_ANALYSIS_analysis1/Output/Histos/MadAnalysis5job_0/selection_16.py:29: SyntaxWarning: invalid escape sequence '\_'
  label="$run\_01$", histtype="stepfilled", rwidth=1.0,\
/Users/omattelaer/Documents/git_workspace/version3/PROC_sm_14/MA5_PARTON_ANALYSIS_analysis1/Output/Histos/MadAnalysis5job_0/selection_17.py:29: SyntaxWarning: invalid escape sequence '\_'
  label="$run\_01$", histtype="stepfilled", rwidth=1.0,\
/Users/omattelaer/Documents/git_workspace/version3/PROC_sm_14/MA5_PARTON_ANALYSIS_analysis1/Output/Histos/MadAnalysis5job_0/selection_18.py:29: SyntaxWarning: invalid escape sequence '\_'
  label="$run\_01$", histtype="stepfilled", rwidth=1.0,\
/Users/omattelaer/Documents/git_workspace/version3/PROC_sm_14/MA5_PARTON_ANALYSIS_analysis1/Output/Histos/MadAnalysis5job_0/selection_19.py:29: SyntaxWarning: invalid escape sequence '\_'
  label="$run\_01$", histtype="stepfilled", rwidth=1.0,\
/Users/omattelaer/Documents/git_workspace/version3/PROC_sm_14/MA5_PARTON_ANALYSIS_analysis1/Output/Histos/MadAnalysis5job_0/selection_20.py:29: SyntaxWarning: invalid escape sequence '\_'
  label="$run\_01$", histtype="stepfilled", rwidth=1.0,\
/Users/omattelaer/Documents/git_workspace/version3/PROC_sm_14/MA5_PARTON_ANALYSIS_analysis1/Output/Histos/MadAnalysis5job_0/selection_21.py:29: SyntaxWarning: invalid escape sequence '\_'
  label="$run\_01$", histtype="stepfilled", rwidth=1.0,\
/Users/omattelaer/Documents/git_workspace/version3/PROC_sm_14/MA5_PARTON_ANALYSIS_analysis1/Output/Histos/MadAnalysis5job_0/selection_22.py:29: SyntaxWarning: invalid escape sequence '\_'
  label="$run\_01$", histtype="stepfilled", rwidth=1.0,\
/Users/omattelaer/Documents/git_workspace/version3/PROC_sm_14/MA5_PARTON_ANALYSIS_analysis1/Output/Histos/MadAnalysis5job_0/selection_23.py:29: SyntaxWarning: invalid escape sequence '\_'
  label="$run\_01$", histtype="stepfilled", rwidth=1.0,\
/Users/omattelaer/Documents/git_workspace/version3/PROC_sm_14/MA5_PARTON_ANALYSIS_analysis1/Output/Histos/MadAnalysis5job_0/selection_24.py:29: SyntaxWarning: invalid escape sequence '\_'
  label="$run\_01$", histtype="stepfilled", rwidth=1.0,\
/Users/omattelaer/Documents/git_workspace/version3/PROC_sm_14/MA5_PARTON_ANALYSIS_analysis1/Output/Histos/MadAnalysis5job_0/selection_25.py:29: SyntaxWarning: invalid escape sequence '\_'
  label="$run\_01$", histtype="stepfilled", rwidth=1.0,\
/Users/omattelaer/Documents/git_workspace/version3/PROC_sm_14/MA5_PARTON_ANALYSIS_analysis1/Output/Histos/MadAnalysis5job_0/selection_26.py:29: SyntaxWarning: invalid escape sequence '\_'
  label="$run\_01$", histtype="stepfilled", rwidth=1.0,\
/Users/omattelaer/Documents/git_workspace/version3/PROC_sm_14/MA5_PARTON_ANALYSIS_analysis1/Output/Histos/MadAnalysis5job_0/selection_27.py:29: SyntaxWarning: invalid escape sequence '\_'
  label="$run\_01$", histtype="stepfilled", rwidth=1.0,\
/Users/omattelaer/Documents/git_workspace/version3/PROC_sm_14/MA5_PARTON_ANALYSIS_analysis1/Output/Histos/MadAnalysis5job_0/selection_28.py:29: SyntaxWarning: invalid escape sequence '\_'
  label="$run\_01$", histtype="stepfilled", rwidth=1.0,\
/Users/omattelaer/Documents/git_workspace/version3/PROC_sm_14/MA5_PARTON_ANALYSIS_analysis1/Output/Histos/MadAnalysis5job_0/selection_29.py:29: SyntaxWarning: invalid escape sequence '\_'
  label="$run\_01$", histtype="stepfilled", rwidth=1.0,\
/Users/omattelaer/Documents/git_workspace/version3/PROC_sm_14/MA5_PARTON_ANALYSIS_analysis1/Output/Histos/MadAnalysis5job_0/selection_30.py:29: SyntaxWarning: invalid escape sequence '\_'
  label="$run\_01$", histtype="stepfilled", rwidth=1.0,\
/Users/omattelaer/Documents/git_workspace/version3/PROC_sm_14/MA5_PARTON_ANALYSIS_analysis1/Output/Histos/MadAnalysis5job_0/selection_31.py:29: SyntaxWarning: invalid escape sequence '\_'
  label="$run\_01$", histtype="stepfilled", rwidth=1.0,\
/Users/omattelaer/Documents/git_workspace/version3/PROC_sm_14/MA5_PARTON_ANALYSIS_analysis1/Output/Histos/MadAnalysis5job_0/selection_32.py:29: SyntaxWarning: invalid escape sequence '\_'
  label="$run\_01$", histtype="stepfilled", rwidth=1.0,\
/Users/omattelaer/Documents/git_workspace/version3/PROC_sm_14/MA5_PARTON_ANALYSIS_analysis1/Output/Histos/MadAnalysis5job_0/selection_33.py:29: SyntaxWarning: invalid escape sequence '\_'
  label="$run\_01$", histtype="stepfilled", rwidth=1.0,\
/Users/omattelaer/Documents/git_workspace/version3/PROC_sm_14/MA5_PARTON_ANALYSIS_analysis1/Output/Histos/MadAnalysis5job_0/selection_34.py:29: SyntaxWarning: invalid escape sequence '\_'
  label="$run\_01$", histtype="stepfilled", rwidth=1.0,\
/Users/omattelaer/Documents/git_workspace/version3/PROC_sm_14/MA5_PARTON_ANALYSIS_analysis1/Output/Histos/MadAnalysis5job_0/selection_35.py:29: SyntaxWarning: invalid escape sequence '\_'
  label="$run\_01$", histtype="stepfilled", rwidth=1.0,\
/Users/omattelaer/Documents/git_workspace/version3/PROC_sm_14/MA5_PARTON_ANALYSIS_analysis1/Output/Histos/MadAnalysis5job_0/selection_36.py:29: SyntaxWarning: invalid escape sequence '\_'
  label="$run\_01$", histtype="stepfilled", rwidth=1.0,\
/Users/omattelaer/Documents/git_workspace/version3/PROC_sm_14/MA5_PARTON_ANALYSIS_analysis1/Output/Histos/MadAnalysis5job_0/selection_37.py:29: SyntaxWarning: invalid escape sequence '\_'
  label="$run\_01$", histtype="stepfilled", rwidth=1.0,\
/Users/omattelaer/Documents/git_workspace/version3/PROC_sm_14/MA5_PARTON_ANALYSIS_analysis1/Output/Histos/MadAnalysis5job_0/selection_38.py:29: SyntaxWarning: invalid escape sequence '\_'
  label="$run\_01$", histtype="stepfilled", rwidth=1.0,\
/Users/omattelaer/Documents/git_workspace/version3/PROC_sm_14/MA5_PARTON_ANALYSIS_analysis1/Output/Histos/MadAnalysis5job_0/selection_39.py:29: SyntaxWarning: invalid escape sequence '\_'
  label="$run\_01$", histtype="stepfilled", rwidth=1.0,\
/Users/omattelaer/Documents/git_workspace/version3/PROC_sm_14/MA5_PARTON_ANALYSIS_analysis1/Output/Histos/MadAnalysis5job_0/selection_40.py:29: SyntaxWarning: invalid escape sequence '\_'
  label="$run\_01$", histtype="stepfilled", rwidth=1.0,\
/Users/omattelaer/Documents/git_workspace/version3/PROC_sm_14/MA5_PARTON_ANALYSIS_analysis1/Output/Histos/MadAnalysis5job_0/selection_41.py:29: SyntaxWarning: invalid escape sequence '\_'
  label="$run\_01$", histtype="stepfilled", rwidth=1.0,\
/Users/omattelaer/Documents/git_workspace/version3/PROC_sm_14/MA5_PARTON_ANALYSIS_analysis1/Output/Histos/MadAnalysis5job_0/selection_42.py:29: SyntaxWarning: invalid escape sequence '\_'
  label="$run\_01$", histtype="stepfilled", rwidth=1.0,\
/Users/omattelaer/Documents/git_workspace/version3/PROC_sm_14/MA5_PARTON_ANALYSIS_analysis1/Output/Histos/MadAnalysis5job_0/selection_43.py:29: SyntaxWarning: invalid escape sequence '\_'
  label="$run\_01$", histtype="stepfilled", rwidth=1.0,\
/Users/omattelaer/Documents/git_workspace/version3/PROC_sm_14/MA5_PARTON_ANALYSIS_analysis1/Output/Histos/MadAnalysis5job_0/selection_44.py:29: SyntaxWarning: invalid escape sequence '\_'
  label="$run\_01$", histtype="stepfilled", rwidth=1.0,\
/Users/omattelaer/Documents/git_workspace/version3/PROC_sm_14/MA5_PARTON_ANALYSIS_analysis1/Output/Histos/MadAnalysis5job_0/selection_45.py:29: SyntaxWarning: invalid escape sequence '\_'
  label="$run\_01$", histtype="stepfilled", rwidth=1.0,\
/Users/omattelaer/Documents/git_workspace/version3/PROC_sm_14/MA5_PARTON_ANALYSIS_analysis1/Output/Histos/MadAnalysis5job_0/selection_46.py:29: SyntaxWarning: invalid escape sequence '\_'
  label="$run\_01$", histtype="stepfilled", rwidth=1.0,\
/Users/omattelaer/Documents/git_workspace/version3/PROC_sm_14/MA5_PARTON_ANALYSIS_analysis1/Output/Histos/MadAnalysis5job_0/selection_47.py:29: SyntaxWarning: invalid escape sequence '\_'
  label="$run\_01$", histtype="stepfilled", rwidth=1.0,\
/Users/omattelaer/Documents/git_workspace/version3/PROC_sm_14/MA5_PARTON_ANALYSIS_analysis1/Output/Histos/MadAnalysis5job_0/selection_48.py:29: SyntaxWarning: invalid escape sequence '\_'
  label="$run\_01$", histtype="stepfilled", rwidth=1.0,\
/Users/omattelaer/Documents/git_workspace/version3/PROC_sm_14/MA5_PARTON_ANALYSIS_analysis1/Output/Histos/MadAnalysis5job_0/selection_20.py:23: RuntimeWarning: More than 20 figures have been opened. Figures created through the pyplot interface (`matplotlib.pyplot.figure`) are retained until explicitly closed and may consume too much memory. (To control this warning, see the rcParam `figure.max_open_warning`). Consider using `matplotlib.pyplot.close()`.
  fig   = plt.figure(figsize=(8.75,6.25),dpi=80)
BEGIN-STAMP
- Producing histo selection_0...
- Producing histo selection_1...
- Producing histo selection_2...
- Producing histo selection_3...
- Producing histo selection_4...
- Producing histo selection_5...
- Producing histo selection_6...
- Producing histo selection_7...
- Producing histo selection_8...
- Producing histo selection_9...
- Producing histo selection_10...
- Producing histo selection_11...
- Producing histo selection_12...
- Producing histo selection_13...
- Producing histo selection_14...
- Producing histo selection_15...
- Producing histo selection_16...
- Producing histo selection_17...
- Producing histo selection_18...
- Producing histo selection_19...
- Producing histo selection_20...
- Producing histo selection_21...
- Producing histo selection_22...
- Producing histo selection_23...
- Producing histo selection_24...
- Producing histo selection_25...
- Producing histo selection_26...
- Producing histo selection_27...
- Producing histo selection_28...
- Producing histo selection_29...
- Producing histo selection_30...
- Producing histo selection_31...
- Producing histo selection_32...
- Producing histo selection_33...
- Producing histo selection_34...
- Producing histo selection_35...
- Producing histo selection_36...
- Producing histo selection_37...
- Producing histo selection_38...
- Producing histo selection_39...
- Producing histo selection_40...
- Producing histo selection_41...
- Producing histo selection_42...
- Producing histo selection_43...
- Producing histo selection_44...
- Producing histo selection_45...
- Producing histo selection_46...
- Producing histo selection_47...
- Producing histo selection_48...
END-STAMP
