 Process in group number            1
 A PDF is used, so alpha_s(MZ) is going to be modified
 Old value of alpha_s from param_card:   0.13000000000000003     
  ****************************************
 
       NNPDFDriver version 1.0.3
   Grid: NNPDF23_lo_as_0130_qed_mem0.grid
  ****************************************
 New value of alpha_s from PDF nn23lo1:  0.13000000000000000     
 Warning! ptj set to xqcut=   15.000000000000000       to improve integration efficiency
 Note that this might affect non-radiated jets,
 e.g. from decays. Use cut_decays=F in run_card.
 Warning! mmjj set to xqcut=   15.000000000000000       to improve integration efficiency
 Note that this might affect non-radiated jets,
 e.g. from decays. Use cut_decays=F in run_card.
 Define smin to   2425.0000000000000     
 Define smin to   2425.0000000000000     
 Define smin to   2425.0000000000000     
 Define smin to   2425.0000000000000     
 *****************************************************
 *               MadGraph/MadEvent                   *
 *        --------------------------------           *
 *          http://madgraph.hep.uiuc.edu             *
 *          http://madgraph.phys.ucl.ac.be           *
 *          http://madgraph.roma2.infn.it            *
 *        --------------------------------           *
 *                                                   *
 *          PARAMETER AND COUPLING VALUES            *
 *                                                   *
 *****************************************************

  External Params
  ---------------------------------
  
 mdl_MB =    4.7000000000000002     
 mdl_MT =    173.00000000000000     
 mdl_MTA =    1.7769999999999999     
 mdl_MZ =    91.188000000000002     
 mdl_MH =    125.00000000000000     
 aEWM1 =    132.50700000000001     
 mdl_Gf =    1.1663900000000000E-005
 aS =   0.13000000000000003     
 mdl_ymb =    4.7000000000000002     
 mdl_ymt =    173.00000000000000     
 mdl_ymtau =    1.7769999999999999     
 mdl_WT =    1.4915000000000000     
 mdl_WZ =    2.4414039999999999     
 mdl_WW =    2.0476000000000001     
 mdl_WH =    6.3823389999999999E-003
  Internal Params
  ---------------------------------
  
 mdl_conjg__CKM3x3 =    1.0000000000000000     
 mdl_conjg__CKM1x1 =    1.0000000000000000     
 mdl_CKM3x3 =    1.0000000000000000     
 mdl_complexi =                (0.0000000000000000,1.0000000000000000)
 mdl_MZ__exp__2 =    8315.2513440000002     
 mdl_MZ__exp__4 =    69143404.913893804     
 mdl_sqrt__2 =    1.4142135623730951     
 mdl_MH__exp__2 =    15625.000000000000     
 mdl_aEW =    7.5467711139788835E-003
 mdl_MW =    80.419002445756163     
 mdl_sqrt__aEW =    8.6872153846781555E-002
 mdl_ee =   0.30795376724436879     
 mdl_MW__exp__2 =    6467.2159543705357     
 mdl_sw2 =   0.22224648578577766     
 mdl_cw =   0.88190334743339216     
 mdl_sqrt__sw2 =   0.47143025548407230     
 mdl_sw =   0.47143025548407230     
 mdl_g1 =   0.34919219678733299     
 mdl_gw =   0.65323293034757990     
 mdl_vev =    246.21845810181637     
 mdl_vev__exp__2 =    60623.529110035903     
 mdl_lam =   0.12886910601690263     
 mdl_yb =    2.6995554250465490E-002
 mdl_yt =   0.99366614581500623     
 mdl_ytau =    1.0206617000654717E-002
 mdl_muH =    88.388347648318430     
 mdl_I1x33 =          (2.69955542504654901E-002,0.0000000000000000)
 mdl_I2x33 =               (0.99366614581500623,0.0000000000000000)
 mdl_I3x33 =               (0.99366614581500623,0.0000000000000000)
 mdl_I4x33 =          (2.69955542504654901E-002,0.0000000000000000)
 mdl_ee__exp__2 =    9.4835522759998875E-002
 mdl_sw__exp__2 =   0.22224648578577769     
 mdl_cw__exp__2 =   0.77775351421422245     
  Internal Params evaluated point by point
  ----------------------------------------
  
 mdl_sqrt__aS =   0.36055512754639896     
 mdl_G__exp__2 =    1.6336281798666927     
  Couplings of sm
  ---------------------------------
  
        GC_10 =  -0.12781E+01   0.00000E+00
        GC_11 =   0.00000E+00   0.12781E+01
        GC_12 =   0.00000E+00   0.16336E+01
         GC_1 =  -0.00000E+00  -0.10265E+00
         GC_2 =   0.00000E+00   0.20530E+00
         GC_3 =  -0.00000E+00  -0.30795E+00
        GC_50 =  -0.00000E+00  -0.28804E+00
        GC_58 =  -0.00000E+00  -0.27437E-01
        GC_59 =   0.00000E+00   0.82310E-01

 Collider parameters:
 --------------------

 Running at P P   machine @    13000.000000000000       GeV
 PDF set = nn23lo1
 alpha_s(Mz)= 0.1300 running at 2 loops.
 alpha_s(Mz)= 0.1300 running at 2 loops.
 Renormalization scale set on event-by-event basis
 Factorization   scale set on event-by-event basis


 getting user params
Enter number of events and max and min iterations: 
 Number of events and iterations         1000           5           3
Enter desired fractional accuracy: 
 Desired fractional accuracy:   0.10000000000000001     
Enter 0 for fixed, 2 for adjustable grid: 
Suppress amplitude (0 no, 1 yes)? 
 Using suppressed amplitude.
Exact helicity sum (0 yes, n = number/event)? 
 Explicitly summing over helicities
Enter Configuration Number: 
Running Configuration Number:    3
 Not subdividing B.W.
 Attempting mappinvarients           1           7
 Determine nb_t
 T-channel found:            3
 Completed mapping           7
 about to integrate           13        1000           7           3          13           1
 Using non-zero grid deformation.
 13 dimensions   1000 events 13 invarients  7 iterations  1 config(s),  (0.99)
 Using h-tuple random number sequence.
 Error opening grid
 Using Uniform Grid!          28
 Using uniform alpha   1.0000000000000000     
 Grid defined OK
 Masses: 0.000E+00 0.000E+00 0.000E+00 0.000E+00 0.000E+00 0.000E+00 0.000E+00
 Set CM energy to      13000.00
 Mapping Graph           3  to config           3
 Determine nb_t
 T-channel found:            3
Setting grid   1    0.75740E-07   1
Setting grid   2    0.13314E-05   1
Setting grid   3    0.13314E-05   1
Setting grid   4    0.13314E-05   1
 Transforming s_hat 1/s           12   2.5000000000000005E-005   2425.0000000000000        168999999.99999997     
Using random seed offsets     3 :      2
  with seed                   24
 Ranmar initialization seeds       31061        9399
  Particle       3       4       5       6       7
      Et >    10.0    10.0    15.0    15.0    15.0
       E >     0.0     0.0     0.0     0.0     0.0
     Eta <     2.5     2.5     5.0     5.0     5.0
   xqcut:      0.0     0.0    15.0    15.0    15.0
d R # 3  >    -0.0     0.4     0.0     0.0     0.0
d R # 4  >    -0.0    -0.0     0.0     0.0     0.0
d R # 5  >    -0.0    -0.0    -0.0     0.0     0.0
d R # 6  >    -0.0    -0.0    -0.0    -0.0     0.0
s min # 3>     0.0     0.0     0.0     0.0     0.0
s min # 4>     0.0     0.0     0.0     0.0     0.0
s min # 5>     0.0     0.0     0.0   225.0   225.0
s min # 6>     0.0     0.0     0.0     0.0   225.0
xqcutij # 3>     0.0     0.0     0.0     0.0     0.0
xqcutij # 4>     0.0     0.0     0.0     0.0     0.0
xqcutij # 5>     0.0     0.0     0.0    15.0    15.0
xqcutij # 6>     0.0     0.0    15.0     0.0    15.0
 
 ********************************************
 * You are using the DiscreteSampler module *
 *      part of the MG5_aMC framework       *
 *         Author: Valentin Hirschi         *
 ********************************************
 
 RESET CUMULATIVE VARIABLE
 Iteration  1   Mean: 0.9841E+00 Abs mean: 0.9841E+00   Fluctuation:  0.183E+00   0.160E+03     1.3%
  1    0.9841E+00 0.9841E+00 +- 0.1834E+00      5.89
 Writing out events   1.1053439258853121E-002   5.8929855376563625     
 Relative summed weights:
  0.1595E+00  0.1240E+00  0.1889E+00  0.3928E-01  0.2905E-01  0.4113E-01  0.1142E-01  0.4165E-02
  0.1295E+00  0.1001E+00  0.1935E-01  0.1211E-01  0.3708E-01  0.6119E-01  0.5114E-02  0.3821E-01
 Relative number of events:
  0.1257E+00  0.1307E+00  0.3366E-01  0.3267E-01  0.7129E-01  0.7129E-01  0.1386E-01  0.1881E-01
  0.1406E+00  0.1366E+00  0.2178E-01  0.2871E-01  0.6832E-01  0.6139E-01  0.1881E-01  0.2574E-01
 Events:
         127         132          34          33          72          72          14          19
         142         138          22          29          69          62          19          26
 Iteration  2   Mean: 0.8928E+00 Abs mean: 0.8928E+00   Fluctuation:  0.104E+00   0.165E+03     4.5%
  2    0.8928E+00 0.8928E+00 +- 0.1035E+00      5.19
 Relative summed weights:
  0.1731E+00  0.9963E-01  0.1693E-01  0.1583E-01  0.6324E-01  0.1388E+00  0.1108E-01  0.2014E-01
  0.9583E-01  0.1977E+00  0.1569E-01  0.2873E-01  0.4492E-01  0.3472E-01  0.1632E-01  0.2746E-01
 Relative number of events:
  0.1459E+00  0.1399E+00  0.3097E-01  0.2198E-01  0.6494E-01  0.6943E-01  0.1798E-01  0.2298E-01
  0.1219E+00  0.1359E+00  0.2797E-01  0.2947E-01  0.6743E-01  0.5894E-01  0.1998E-01  0.2448E-01
 Events:
         292         280          62          44         130         139          36          46
         244         272          56          59         135         118          40          49
 Iteration  3   Mean: 0.1192E+01 Abs mean: 0.1192E+01   Fluctuation:  0.114E+00   0.223E+03     4.3%
  3    0.1192E+01 0.1192E+01 +- 0.1138E+00      6.04
 Relative summed weights:
  0.1065E+00  0.1189E+00  0.1499E-01  0.1224E-01  0.4175E-01  0.7746E-01  0.1494E-01  0.1003E-01
  0.2762E+00  0.1163E+00  0.3455E-01  0.1564E-01  0.4444E-01  0.4197E-01  0.1910E-01  0.5493E-01
 Relative number of events:
  0.1291E+00  0.1281E+00  0.2766E-01  0.2467E-01  0.7002E-01  0.6703E-01  0.1769E-01  0.1919E-01
  0.1383E+00  0.1400E+00  0.3239E-01  0.2691E-01  0.6529E-01  0.6803E-01  0.2342E-01  0.2218E-01
 Events:
         518         514         111          99         281         269          71          77
         555         562         130         108         262         273          94          89
 Accuracy:    0.093   0.100   0.069   1.855
 Finished due to accuracy    9.3336230407166279E-002  0.10000000000000001     

 -------------------------------------------------------------------------------
 Accumulated results:   Integral =  0.1059E+01
                        Std dev  =  0.7261E-01
                       Cross sec =  0.1059E+01
             Chi**2 per DoF.     =      1.8549
 -------------------------------------------------------------------------------
 Found          316  events.
 Wrote           29  events.
 Actual xsec    1.0594513694833019     
 Correct abs xsec    1.0594513694833019     
 Event xsec    1.0594513694833014     
 Events wgts > 1:            2
 % Cross section > 1:    4.7917021135587545E-003  0.45228145921371421     
-------------------------------------------------
---------------------------
 Results Last   3 iters: Integral =   0.1059E+01
                     Abs integral =   0.1059E+01
                          Std dev =   0.7261E-01
                  Chi**2 per DoF. =      2.0611
-------------------------------------------------
---------------------------
 Status  0.10000000000000001                4           7

ls status:
events.lhe
ftn26
input_app.txt
results.dat
run1_app.log
