 Process in group number            1
 A PDF is used, so alpha_s(MZ) is going to be modified
 Old value of alpha_s from param_card:   0.13000000000000003     
  ****************************************
 
       NNPDFDriver version 1.0.3
   Grid: NNPDF23_lo_as_0130_qed_mem0.grid
  ****************************************
 New value of alpha_s from PDF nn23lo1:  0.13000000000000000     
 Warning! ptj set to xqcut=   15.000000000000000       to improve integration efficiency
 Note that this might affect non-radiated jets,
 e.g. from decays. Use cut_decays=F in run_card.
 Warning! mmjj set to xqcut=   15.000000000000000       to improve integration efficiency
 Note that this might affect non-radiated jets,
 e.g. from decays. Use cut_decays=F in run_card.
 Define smin to   2425.0000000000000     
 Define smin to   2425.0000000000000     
 *****************************************************
 *               MadGraph/MadEvent                   *
 *        --------------------------------           *
 *          http://madgraph.hep.uiuc.edu             *
 *          http://madgraph.phys.ucl.ac.be           *
 *          http://madgraph.roma2.infn.it            *
 *        --------------------------------           *
 *                                                   *
 *          PARAMETER AND COUPLING VALUES            *
 *                                                   *
 *****************************************************

  External Params
  ---------------------------------
  
 mdl_MB =    4.7000000000000002     
 mdl_MT =    173.00000000000000     
 mdl_MTA =    1.7769999999999999     
 mdl_MZ =    91.188000000000002     
 mdl_MH =    125.00000000000000     
 aEWM1 =    132.50700000000001     
 mdl_Gf =    1.1663900000000000E-005
 aS =   0.13000000000000003     
 mdl_ymb =    4.7000000000000002     
 mdl_ymt =    173.00000000000000     
 mdl_ymtau =    1.7769999999999999     
 mdl_WT =    1.4915000000000000     
 mdl_WZ =    2.4414039999999999     
 mdl_WW =    2.0476000000000001     
 mdl_WH =    6.3823389999999999E-003
  Internal Params
  ---------------------------------
  
 mdl_conjg__CKM3x3 =    1.0000000000000000     
 mdl_conjg__CKM1x1 =    1.0000000000000000     
 mdl_CKM3x3 =    1.0000000000000000     
 mdl_complexi =                (0.0000000000000000,1.0000000000000000)
 mdl_MZ__exp__2 =    8315.2513440000002     
 mdl_MZ__exp__4 =    69143404.913893804     
 mdl_sqrt__2 =    1.4142135623730951     
 mdl_MH__exp__2 =    15625.000000000000     
 mdl_aEW =    7.5467711139788835E-003
 mdl_MW =    80.419002445756163     
 mdl_sqrt__aEW =    8.6872153846781555E-002
 mdl_ee =   0.30795376724436879     
 mdl_MW__exp__2 =    6467.2159543705357     
 mdl_sw2 =   0.22224648578577766     
 mdl_cw =   0.88190334743339216     
 mdl_sqrt__sw2 =   0.47143025548407230     
 mdl_sw =   0.47143025548407230     
 mdl_g1 =   0.34919219678733299     
 mdl_gw =   0.65323293034757990     
 mdl_vev =    246.21845810181637     
 mdl_vev__exp__2 =    60623.529110035903     
 mdl_lam =   0.12886910601690263     
 mdl_yb =    2.6995554250465490E-002
 mdl_yt =   0.99366614581500623     
 mdl_ytau =    1.0206617000654717E-002
 mdl_muH =    88.388347648318430     
 mdl_I1x33 =          (2.69955542504654901E-002,0.0000000000000000)
 mdl_I2x33 =               (0.99366614581500623,0.0000000000000000)
 mdl_I3x33 =               (0.99366614581500623,0.0000000000000000)
 mdl_I4x33 =          (2.69955542504654901E-002,0.0000000000000000)
 mdl_ee__exp__2 =    9.4835522759998875E-002
 mdl_sw__exp__2 =   0.22224648578577769     
 mdl_cw__exp__2 =   0.77775351421422245     
  Internal Params evaluated point by point
  ----------------------------------------
  
 mdl_sqrt__aS =   0.36055512754639896     
 mdl_G__exp__2 =    1.6336281798666927     
  Couplings of sm
  ---------------------------------
  
        GC_10 =  -0.12781E+01   0.00000E+00
        GC_11 =   0.00000E+00   0.12781E+01
        GC_12 =   0.00000E+00   0.16336E+01
         GC_1 =  -0.00000E+00  -0.10265E+00
         GC_2 =   0.00000E+00   0.20530E+00
         GC_3 =  -0.00000E+00  -0.30795E+00
        GC_50 =  -0.00000E+00  -0.28804E+00
        GC_58 =  -0.00000E+00  -0.27437E-01
        GC_59 =   0.00000E+00   0.82310E-01

 Collider parameters:
 --------------------

 Running at P P   machine @    13000.000000000000       GeV
 PDF set = nn23lo1
 alpha_s(Mz)= 0.1300 running at 2 loops.
 alpha_s(Mz)= 0.1300 running at 2 loops.
 Renormalization scale set on event-by-event basis
 Factorization   scale set on event-by-event basis


 getting user params
Enter number of events and max and min iterations: 
 Number of events and iterations         1000           5           3
Enter desired fractional accuracy: 
 Desired fractional accuracy:   0.10000000000000001     
Enter 0 for fixed, 2 for adjustable grid: 
Suppress amplitude (0 no, 1 yes)? 
 Using suppressed amplitude.
Exact helicity sum (0 yes, n = number/event)? 
 Explicitly summing over helicities
Enter Configuration Number: 
Running Configuration Number:   41
 Not subdividing B.W.
 Attempting mappinvarients           1           7
 Determine nb_t
 T-channel found:            3
 Completed mapping           7
 about to integrate           13        1000           7           3          13           1
 Using non-zero grid deformation.
 13 dimensions   1000 events 13 invarients  7 iterations  1 config(s),  (0.99)
 Using h-tuple random number sequence.
 Error opening grid
 Using Uniform Grid!          28
 Using uniform alpha   1.0000000000000000     
 Grid defined OK
 Masses: 0.000E+00 0.000E+00 0.000E+00 0.000E+00 0.000E+00 0.000E+00 0.000E+00
 Set CM energy to      13000.00
 Mapping Graph          41  to config          41
 Determine nb_t
 T-channel found:            3
Setting grid   1    0.75740E-07   1
Setting grid   2    0.13314E-05   1
Setting grid   3    0.13314E-05   1
Setting grid   4    0.13314E-05   1
 Transforming s_hat 1/s           12   2.5000000000000005E-005   2425.0000000000000        168999999.99999997     
Using random seed offsets    41 :      3
  with seed                   24
 Ranmar initialization seeds       31099        9400
  Particle       3       4       5       6       7
      Et >    10.0    10.0    15.0    15.0    15.0
       E >     0.0     0.0     0.0     0.0     0.0
     Eta <     2.5     2.5     5.0     5.0     5.0
   xqcut:      0.0     0.0    15.0    15.0    15.0
d R # 3  >    -0.0     0.4     0.0     0.0     0.0
d R # 4  >    -0.0    -0.0     0.0     0.0     0.0
d R # 5  >    -0.0    -0.0    -0.0     0.0     0.0
d R # 6  >    -0.0    -0.0    -0.0    -0.0     0.0
s min # 3>     0.0     0.0     0.0     0.0     0.0
s min # 4>     0.0     0.0     0.0     0.0     0.0
s min # 5>     0.0     0.0     0.0   225.0   225.0
s min # 6>     0.0     0.0     0.0     0.0   225.0
xqcutij # 3>     0.0     0.0     0.0     0.0     0.0
xqcutij # 4>     0.0     0.0     0.0     0.0     0.0
xqcutij # 5>     0.0     0.0     0.0    15.0    15.0
xqcutij # 6>     0.0     0.0    15.0     0.0    15.0
 
 ********************************************
 * You are using the DiscreteSampler module *
 *      part of the MG5_aMC framework       *
 *         Author: Valentin Hirschi         *
 ********************************************
 
 RESET CUMULATIVE VARIABLE
 Iteration  1   Mean: 0.2659E-01 Abs mean: 0.2659E-01   Fluctuation:  0.463E-02   0.421E+01     1.1%
  1    0.2659E-01 0.2659E-01 +- 0.4629E-02      5.51
 Writing out events   3.5705524025179372E-004   5.5058433750280713     
 Relative summed weights:
  0.7438E-01  0.9898E-01  0.5856E-02  0.7113E-02
  0.5117E-01  0.4397E-01  0.1459E-01  0.1471E-01
  0.5996E-01  0.7156E-01  0.3194E-02  0.1997E-01
  0.6764E-01  0.4026E-01  0.1113E-01  0.1021E-01
  0.2263E+00  0.3738E-01  0.1141E-01  0.1317E-01
  0.5606E-01  0.3722E-01  0.2075E-01  0.3026E-02
 Relative number of events:
  0.6944E-01  0.6845E-01  0.8929E-02  0.1687E-01
  0.6548E-01  0.7341E-01  0.2083E-01  0.2282E-01
  0.6448E-01  0.6746E-01  0.1190E-01  0.1885E-01
  0.7341E-01  0.7044E-01  0.1488E-01  0.1984E-01
  0.6548E-01  0.6250E-01  0.1091E-01  0.1687E-01
  0.7242E-01  0.5456E-01  0.1587E-01  0.1389E-01
 Events:
          70          69           9          17
          66          74          21          23
          65          68          12          19
          74          71          15          20
          66          63          11          17
          73          55          16          14
 Iteration  2   Mean: 0.2090E-01 Abs mean: 0.2090E-01   Fluctuation:  0.153E-02   0.185E+01     3.9%
  2    0.2090E-01 0.2090E-01 +- 0.1534E-02      3.28
 Relative summed weights:
  0.8083E-01  0.9064E-01  0.1226E-01  0.1015E-01
  0.6374E-01  0.4469E-01  0.1320E-01  0.1530E-01
  0.7210E-01  0.6123E-01  0.6921E-02  0.1409E-01
  0.6468E-01  0.6202E-01  0.2087E-01  0.1124E-01
  0.6268E-01  0.9622E-01  0.1536E-01  0.9341E-02
  0.5368E-01  0.9078E-01  0.1491E-01  0.1307E-01
 Relative number of events:
  0.7250E-01  0.6400E-01  0.1900E-01  0.1650E-01
  0.7000E-01  0.6200E-01  0.1300E-01  0.1150E-01
  0.6500E-01  0.7450E-01  0.1200E-01  0.1550E-01
  0.7000E-01  0.6750E-01  0.1450E-01  0.1200E-01
  0.6750E-01  0.7350E-01  0.9000E-02  0.1200E-01
  0.7200E-01  0.7500E-01  0.1550E-01  0.1600E-01
 Events:
         145         128          38          33
         140         124          26          23
         130         149          24          31
         140         135          29          24
         135         147          18          24
         144         150          31          32
 Iteration  3   Mean: 0.2717E-01 Abs mean: 0.2717E-01   Fluctuation:  0.182E-02   0.513E+01     4.8%
  3    0.2717E-01 0.2717E-01 +- 0.1824E-02      4.25
 Relative summed weights:
  0.5779E-01  0.1180E+00  0.8479E-02  0.1132E-01
  0.6406E-01  0.9399E-01  0.1312E-01  0.9601E-02
  0.7727E-01  0.5558E-01  0.1904E-01  0.1215E-01
  0.6678E-01  0.6455E-01  0.2248E-01  0.1828E-01
  0.6658E-01  0.5593E-01  0.8182E-02  0.1213E-01
  0.6050E-01  0.5849E-01  0.1131E-01  0.1437E-01
 Relative number of events:
  0.7200E-01  0.7025E-01  0.1425E-01  0.1500E-01
  0.6625E-01  0.7100E-01  0.1325E-01  0.1300E-01
  0.6975E-01  0.6500E-01  0.1425E-01  0.1525E-01
  0.6950E-01  0.7450E-01  0.1200E-01  0.1525E-01
  0.7025E-01  0.6975E-01  0.1300E-01  0.1375E-01
  0.7025E-01  0.6475E-01  0.1450E-01  0.1325E-01
 Events:
         288         281          57          60
         265         284          53          52
         279         260          57          61
         278         298          48          61
         281         279          52          55
         281         259          58          53
 Accuracy:    0.088   0.100   0.048   3.443
 Finished due to accuracy    8.8430326333011525E-002  0.10000000000000001     

 -------------------------------------------------------------------------------
 Accumulated results:   Integral =  0.2448E-01
                        Std dev  =  0.1167E-02
                       Cross sec =  0.2448E-01
             Chi**2 per DoF.     =      3.4434
 -------------------------------------------------------------------------------
 Found          387  events.
 Wrote           25  events.
 Actual xsec    2.4480666911305595E-002
 Correct abs xsec    2.4480666911305595E-002
 Event xsec    2.4480666911305595E-002
 Events wgts > 1:            0
 % Cross section > 1:    0.0000000000000000        0.0000000000000000     
-------------------------------------------------
---------------------------
 Results Last   3 iters: Integral =   0.2448E-01
                     Abs integral =   0.2448E-01
                          Std dev =   0.1167E-02
                  Chi**2 per DoF. =      3.9145
-------------------------------------------------
---------------------------
 Status  0.10000000000000001                4           7

ls status:
events.lhe
ftn26
input_app.txt
results.dat
run1_app.log
