 Process in group number            1
 A PDF is used, so alpha_s(MZ) is going to be modified
 Old value of alpha_s from param_card:   0.13000000000000003     
  ****************************************
 
       NNPDFDriver version 1.0.3
   Grid: NNPDF23_lo_as_0130_qed_mem0.grid
  ****************************************
 New value of alpha_s from PDF nn23lo1:  0.13000000000000000     
 Warning! ptj set to xqcut=   15.000000000000000       to improve integration efficiency
 Note that this might affect non-radiated jets,
 e.g. from decays. Use cut_decays=F in run_card.
 Warning! mmjj set to xqcut=   15.000000000000000       to improve integration efficiency
 Note that this might affect non-radiated jets,
 e.g. from decays. Use cut_decays=F in run_card.
 Define smin to   2425.0000000000000     
 Define smin to   2425.0000000000000     
 Define smin to   2425.0000000000000     
 Define smin to   2425.0000000000000     
 *****************************************************
 *               MadGraph/MadEvent                   *
 *        --------------------------------           *
 *          http://madgraph.hep.uiuc.edu             *
 *          http://madgraph.phys.ucl.ac.be           *
 *          http://madgraph.roma2.infn.it            *
 *        --------------------------------           *
 *                                                   *
 *          PARAMETER AND COUPLING VALUES            *
 *                                                   *
 *****************************************************

  External Params
  ---------------------------------
  
 mdl_MB =    4.7000000000000002     
 mdl_MT =    173.00000000000000     
 mdl_MTA =    1.7769999999999999     
 mdl_MZ =    91.188000000000002     
 mdl_MH =    125.00000000000000     
 aEWM1 =    132.50700000000001     
 mdl_Gf =    1.1663900000000000E-005
 aS =   0.13000000000000003     
 mdl_ymb =    4.7000000000000002     
 mdl_ymt =    173.00000000000000     
 mdl_ymtau =    1.7769999999999999     
 mdl_WT =    1.4915000000000000     
 mdl_WZ =    2.4414039999999999     
 mdl_WW =    2.0476000000000001     
 mdl_WH =    6.3823389999999999E-003
  Internal Params
  ---------------------------------
  
 mdl_conjg__CKM3x3 =    1.0000000000000000     
 mdl_conjg__CKM1x1 =    1.0000000000000000     
 mdl_CKM3x3 =    1.0000000000000000     
 mdl_complexi =                (0.0000000000000000,1.0000000000000000)
 mdl_MZ__exp__2 =    8315.2513440000002     
 mdl_MZ__exp__4 =    69143404.913893804     
 mdl_sqrt__2 =    1.4142135623730951     
 mdl_MH__exp__2 =    15625.000000000000     
 mdl_aEW =    7.5467711139788835E-003
 mdl_MW =    80.419002445756163     
 mdl_sqrt__aEW =    8.6872153846781555E-002
 mdl_ee =   0.30795376724436879     
 mdl_MW__exp__2 =    6467.2159543705357     
 mdl_sw2 =   0.22224648578577766     
 mdl_cw =   0.88190334743339216     
 mdl_sqrt__sw2 =   0.47143025548407230     
 mdl_sw =   0.47143025548407230     
 mdl_g1 =   0.34919219678733299     
 mdl_gw =   0.65323293034757990     
 mdl_vev =    246.21845810181637     
 mdl_vev__exp__2 =    60623.529110035903     
 mdl_lam =   0.12886910601690263     
 mdl_yb =    2.6995554250465490E-002
 mdl_yt =   0.99366614581500623     
 mdl_ytau =    1.0206617000654717E-002
 mdl_muH =    88.388347648318430     
 mdl_I1x33 =          (2.69955542504654901E-002,0.0000000000000000)
 mdl_I2x33 =               (0.99366614581500623,0.0000000000000000)
 mdl_I3x33 =               (0.99366614581500623,0.0000000000000000)
 mdl_I4x33 =          (2.69955542504654901E-002,0.0000000000000000)
 mdl_ee__exp__2 =    9.4835522759998875E-002
 mdl_sw__exp__2 =   0.22224648578577769     
 mdl_cw__exp__2 =   0.77775351421422245     
  Internal Params evaluated point by point
  ----------------------------------------
  
 mdl_sqrt__aS =   0.36055512754639896     
 mdl_G__exp__2 =    1.6336281798666927     
  Couplings of sm
  ---------------------------------
  
        GC_10 =  -0.12781E+01   0.00000E+00
        GC_11 =   0.00000E+00   0.12781E+01
        GC_12 =   0.00000E+00   0.16336E+01
         GC_1 =  -0.00000E+00  -0.10265E+00
         GC_2 =   0.00000E+00   0.20530E+00
         GC_3 =  -0.00000E+00  -0.30795E+00
        GC_50 =  -0.00000E+00  -0.28804E+00
        GC_58 =  -0.00000E+00  -0.27437E-01
        GC_59 =   0.00000E+00   0.82310E-01

 Collider parameters:
 --------------------

 Running at P P   machine @    13000.000000000000       GeV
 PDF set = nn23lo1
 alpha_s(Mz)= 0.1300 running at 2 loops.
 alpha_s(Mz)= 0.1300 running at 2 loops.
 Renormalization scale set on event-by-event basis
 Factorization   scale set on event-by-event basis


 getting user params
Enter number of events and max and min iterations: 
 Number of events and iterations         1000           5           3
Enter desired fractional accuracy: 
 Desired fractional accuracy:   0.10000000000000001     
Enter 0 for fixed, 2 for adjustable grid: 
Suppress amplitude (0 no, 1 yes)? 
 Using suppressed amplitude.
Exact helicity sum (0 yes, n = number/event)? 
 Explicitly summing over helicities
Enter Configuration Number: 
Running Configuration Number:   78
 Not subdividing B.W.
 Attempting mappinvarients           1           7
 Determine nb_t
 T-channel found:            1
 Completed mapping           7
 about to integrate           13        1000           5           3          13           1
 Using non-zero grid deformation.
 13 dimensions   1000 events 13 invarients  5 iterations  1 config(s),  (0.99)
 Using h-tuple random number sequence.
 Error opening grid
 Using Uniform Grid!          28
 Using uniform alpha   1.0000000000000000     
 Grid defined OK
 Masses: 0.000E+00 0.000E+00 0.000E+00 0.000E+00 0.000E+00 0.000E+00 0.000E+00
 Set CM energy to      13000.00
 Mapping Graph          78  to config          78
 Determine nb_t
 T-channel found:            1
Setting grid   1    0.13314E-05   1
Setting grid   2    0.75740E-07   1
Setting grid   3    0.20422E-05   1
Setting grid   4    0.13314E-05   1
 Transforming s_hat 1/s           12   2.5000000000000005E-005   2425.0000000000000        168999999.99999997     
Using random seed offsets    78 :      2
  with seed                   24
 Ranmar initialization seeds       31136        9399
  Particle       3       4       5       6       7
      Et >    10.0    10.0    15.0    15.0    15.0
       E >     0.0     0.0     0.0     0.0     0.0
     Eta <     2.5     2.5     5.0     5.0     5.0
   xqcut:      0.0     0.0    15.0    15.0    15.0
d R # 3  >    -0.0     0.4     0.0     0.0     0.0
d R # 4  >    -0.0    -0.0     0.0     0.0     0.0
d R # 5  >    -0.0    -0.0    -0.0     0.0     0.0
d R # 6  >    -0.0    -0.0    -0.0    -0.0     0.0
s min # 3>     0.0     0.0     0.0     0.0     0.0
s min # 4>     0.0     0.0     0.0     0.0     0.0
s min # 5>     0.0     0.0     0.0   225.0   225.0
s min # 6>     0.0     0.0     0.0     0.0   225.0
xqcutij # 3>     0.0     0.0     0.0     0.0     0.0
xqcutij # 4>     0.0     0.0     0.0     0.0     0.0
xqcutij # 5>     0.0     0.0     0.0    15.0    15.0
xqcutij # 6>     0.0     0.0    15.0     0.0    15.0
 
 ********************************************
 * You are using the DiscreteSampler module *
 *      part of the MG5_aMC framework       *
 *         Author: Valentin Hirschi         *
 ********************************************
 
 RESET CUMULATIVE VARIABLE
 Iteration  1   Mean: 0.3125E+00 Abs mean: 0.3125E+00   Fluctuation:  0.328E-01   0.212E+02     1.1%
  1    0.3125E+00 0.3125E+00 +- 0.3284E-01      3.32
 Writing out events   5.5280608782100052E-003   3.3234676439736295     
 Relative summed weights:
  0.8962E-01  0.1109E+00  0.1537E-01  0.4310E-01  0.3613E-01  0.3247E-01  0.2654E-02  0.9779E-02
  0.2477E+00  0.1755E+00  0.4722E-01  0.2197E-01  0.5476E-01  0.9905E-01  0.6633E-02  0.7180E-02
 Relative number of events:
  0.1569E+00  0.1422E+00  0.2745E-01  0.2745E-01  0.6275E-01  0.4020E-01  0.1373E-01  0.1471E-01
  0.1559E+00  0.1588E+00  0.3431E-01  0.2549E-01  0.5098E-01  0.6373E-01  0.1275E-01  0.1275E-01
 Events:
         160         145          28          28          64          41          14          15
         159         162          35          26          52          65          13          13
 Iteration  2   Mean: 0.3033E+00 Abs mean: 0.3033E+00   Fluctuation:  0.167E-01   0.117E+02     3.9%
  2    0.3033E+00 0.3033E+00 +- 0.1668E-01      2.46
 Relative summed weights:
  0.1566E+00  0.1356E+00  0.3447E-01  0.2279E-01  0.5951E-01  0.8040E-01  0.1354E-01  0.1022E-01
  0.1254E+00  0.1698E+00  0.3983E-01  0.1974E-01  0.5765E-01  0.3706E-01  0.8944E-02  0.2848E-01
 Relative number of events:
  0.1374E+00  0.1349E+00  0.3335E-01  0.2887E-01  0.6421E-01  0.5276E-01  0.1941E-01  0.1941E-01
  0.1488E+00  0.1533E+00  0.3385E-01  0.3086E-01  0.5973E-01  0.5027E-01  0.1742E-01  0.1543E-01
 Events:
         276         271          67          58         129         106          39          39
         299         308          68          62         120         101          35          31
 Iteration  3   Mean: 0.3158E+00 Abs mean: 0.3158E+00   Fluctuation:  0.119E-01   0.156E+02     4.6%
  3    0.3158E+00 0.3158E+00 +- 0.1188E-01      2.38
 Relative summed weights:
  0.1418E+00  0.1508E+00  0.3304E-01  0.2893E-01  0.6512E-01  0.4577E-01  0.2239E-01  0.1332E-01
  0.1526E+00  0.1329E+00  0.3270E-01  0.2875E-01  0.5776E-01  0.6375E-01  0.1301E-01  0.1731E-01
 Relative number of events:
  0.1390E+00  0.1534E+00  0.2905E-01  0.2880E-01  0.5636E-01  0.5536E-01  0.1564E-01  0.1316E-01
  0.1470E+00  0.1559E+00  0.2855E-01  0.2507E-01  0.5263E-01  0.6976E-01  0.1639E-01  0.1390E-01
 Events:
         560         618         117         116         227         223          63          53
         592         628         115         101         212         281          66          56
 Accuracy:    0.013   0.100   0.030   0.183
 Finished due to accuracy    1.2754888070257460E-002  0.10000000000000001     

 -------------------------------------------------------------------------------
 Accumulated results:   Integral =  0.3119E+00
                        Std dev  =  0.9288E-02
                       Cross sec =  0.3119E+00
             Chi**2 per DoF.     =      0.1834
 -------------------------------------------------------------------------------
 Found          934  events.
 Wrote          162  events.
 Actual xsec   0.31188102315170979     
 Correct abs xsec   0.31188102315170979     
 Event xsec   0.31188102315171051     
 Events wgts > 1:            6
 % Cross section > 1:    2.2843567732674435E-003  0.73244494011944028     
-------------------------------------------------
---------------------------
 Results Last   3 iters: Integral =   0.3119E+00
                     Abs integral =   0.3119E+00
                          Std dev =   0.9288E-02
                  Chi**2 per DoF. =      0.1893
-------------------------------------------------
---------------------------
 Status  0.10000000000000001                4           5

ls status:
events.lhe
ftn26
input_app.txt
results.dat
run1_app.log
