 Process in group number            1
 A PDF is used, so alpha_s(MZ) is going to be modified
 Old value of alpha_s from param_card:   0.13000000000000003     
  ****************************************
 
       NNPDFDriver version 1.0.3
   Grid: NNPDF23_lo_as_0130_qed_mem0.grid
  ****************************************
 New value of alpha_s from PDF nn23lo1:  0.13000000000000000     
 Warning! ptj set to xqcut=   15.000000000000000       to improve integration efficiency
 Note that this might affect non-radiated jets,
 e.g. from decays. Use cut_decays=F in run_card.
 Warning! mmjj set to xqcut=   15.000000000000000       to improve integration efficiency
 Note that this might affect non-radiated jets,
 e.g. from decays. Use cut_decays=F in run_card.
 Define smin to   2425.0000000000000     
 Define smin to   2425.0000000000000     
 Define smin to   2425.0000000000000     
 Define smin to   2425.0000000000000     
 Define smin to   2425.0000000000000     
 Define smin to   2425.0000000000000     
 Define smin to   2425.0000000000000     
 Define smin to   2425.0000000000000     
 Define smin to   2425.0000000000000     
 Define smin to   2425.0000000000000     
 Define smin to   2425.0000000000000     
 Define smin to   2425.0000000000000     
 Define smin to   2425.0000000000000     
 Define smin to   2425.0000000000000     
 Define smin to   2425.0000000000000     
 Define smin to   2425.0000000000000     
 Define smin to   2425.0000000000000     
 Define smin to   2425.0000000000000     
 Define smin to   2425.0000000000000     
 Define smin to   2425.0000000000000     
 *****************************************************
 *               MadGraph/MadEvent                   *
 *        --------------------------------           *
 *          http://madgraph.hep.uiuc.edu             *
 *          http://madgraph.phys.ucl.ac.be           *
 *          http://madgraph.roma2.infn.it            *
 *        --------------------------------           *
 *                                                   *
 *          PARAMETER AND COUPLING VALUES            *
 *                                                   *
 *****************************************************

  External Params
  ---------------------------------
  
 mdl_MB =    4.7000000000000002     
 mdl_MT =    173.00000000000000     
 mdl_MTA =    1.7769999999999999     
 mdl_MZ =    91.188000000000002     
 mdl_MH =    125.00000000000000     
 aEWM1 =    132.50700000000001     
 mdl_Gf =    1.1663900000000000E-005
 aS =   0.13000000000000003     
 mdl_ymb =    4.7000000000000002     
 mdl_ymt =    173.00000000000000     
 mdl_ymtau =    1.7769999999999999     
 mdl_WT =    1.4915000000000000     
 mdl_WZ =    2.4414039999999999     
 mdl_WW =    2.0476000000000001     
 mdl_WH =    6.3823389999999999E-003
  Internal Params
  ---------------------------------
  
 mdl_conjg__CKM3x3 =    1.0000000000000000     
 mdl_conjg__CKM1x1 =    1.0000000000000000     
 mdl_CKM3x3 =    1.0000000000000000     
 mdl_complexi =                (0.0000000000000000,1.0000000000000000)
 mdl_MZ__exp__2 =    8315.2513440000002     
 mdl_MZ__exp__4 =    69143404.913893804     
 mdl_sqrt__2 =    1.4142135623730951     
 mdl_MH__exp__2 =    15625.000000000000     
 mdl_aEW =    7.5467711139788835E-003
 mdl_MW =    80.419002445756163     
 mdl_sqrt__aEW =    8.6872153846781555E-002
 mdl_ee =   0.30795376724436879     
 mdl_MW__exp__2 =    6467.2159543705357     
 mdl_sw2 =   0.22224648578577766     
 mdl_cw =   0.88190334743339216     
 mdl_sqrt__sw2 =   0.47143025548407230     
 mdl_sw =   0.47143025548407230     
 mdl_g1 =   0.34919219678733299     
 mdl_gw =   0.65323293034757990     
 mdl_vev =    246.21845810181637     
 mdl_vev__exp__2 =    60623.529110035903     
 mdl_lam =   0.12886910601690263     
 mdl_yb =    2.6995554250465490E-002
 mdl_yt =   0.99366614581500623     
 mdl_ytau =    1.0206617000654717E-002
 mdl_muH =    88.388347648318430     
 mdl_I1x33 =          (2.69955542504654901E-002,0.0000000000000000)
 mdl_I2x33 =               (0.99366614581500623,0.0000000000000000)
 mdl_I3x33 =               (0.99366614581500623,0.0000000000000000)
 mdl_I4x33 =          (2.69955542504654901E-002,0.0000000000000000)
 mdl_ee__exp__2 =    9.4835522759998875E-002
 mdl_sw__exp__2 =   0.22224648578577769     
 mdl_cw__exp__2 =   0.77775351421422245     
  Internal Params evaluated point by point
  ----------------------------------------
  
 mdl_sqrt__aS =   0.36055512754639896     
 mdl_G__exp__2 =    1.6336281798666927     
  Couplings of sm
  ---------------------------------
  
        GC_10 =  -0.12781E+01   0.00000E+00
        GC_11 =   0.00000E+00   0.12781E+01
        GC_12 =   0.00000E+00   0.16336E+01
         GC_1 =  -0.00000E+00  -0.10265E+00
         GC_2 =   0.00000E+00   0.20530E+00
         GC_3 =  -0.00000E+00  -0.30795E+00
        GC_50 =  -0.00000E+00  -0.28804E+00
        GC_58 =  -0.00000E+00  -0.27437E-01
        GC_59 =   0.00000E+00   0.82310E-01

 Collider parameters:
 --------------------

 Running at P P   machine @    13000.000000000000       GeV
 PDF set = nn23lo1
 alpha_s(Mz)= 0.1300 running at 2 loops.
 alpha_s(Mz)= 0.1300 running at 2 loops.
 Renormalization scale set on event-by-event basis
 Factorization   scale set on event-by-event basis


 getting user params
Enter number of events and max and min iterations: 
 Number of events and iterations         1000           5           3
Enter desired fractional accuracy: 
 Desired fractional accuracy:   0.10000000000000001     
Enter 0 for fixed, 2 for adjustable grid: 
Suppress amplitude (0 no, 1 yes)? 
 Using suppressed amplitude.
Exact helicity sum (0 yes, n = number/event)? 
 Explicitly summing over helicities
Enter Configuration Number: 
Running Configuration Number:   70
 Not subdividing B.W.
 Attempting mappinvarients           1           7
 Determine nb_t
 T-channel found:            3
 Completed mapping           7
 about to integrate           13        1000           7           3          13           1
 Using non-zero grid deformation.
 13 dimensions   1000 events 13 invarients  7 iterations  1 config(s),  (0.99)
 Using h-tuple random number sequence.
 Error opening grid
 Using Uniform Grid!          28
 Using uniform alpha   1.0000000000000000     
 Grid defined OK
 Masses: 0.000E+00 0.000E+00 0.000E+00 0.000E+00 0.000E+00 0.000E+00 0.000E+00
 Set CM energy to      13000.00
 Mapping Graph          70  to config          70
 Determine nb_t
 T-channel found:            3
 Setting BW          -1           1   91.188000000000002     
Setting grid   2    0.13314E-05   1
Setting grid   3    0.13314E-05   1
Setting grid   4    0.13314E-05   1
 Transforming s_hat 1/s           12   3.3642919012365896E-005   2425.0000000000000        168999999.99999997     
Using random seed offsets    70 :      5
  with seed                   24
 Ranmar initialization seeds       31128        9402
  Particle       3       4       5       6       7
      Et >    10.0    10.0    15.0    15.0    15.0
       E >     0.0     0.0     0.0     0.0     0.0
     Eta <     2.5     2.5     5.0     5.0     5.0
   xqcut:      0.0     0.0    15.0    15.0    15.0
d R # 3  >    -0.0     0.4     0.0     0.0     0.0
d R # 4  >    -0.0    -0.0     0.0     0.0     0.0
d R # 5  >    -0.0    -0.0    -0.0     0.0     0.0
d R # 6  >    -0.0    -0.0    -0.0    -0.0     0.0
s min # 3>     0.0     0.0     0.0     0.0     0.0
s min # 4>     0.0     0.0     0.0     0.0     0.0
s min # 5>     0.0     0.0     0.0   225.0   225.0
s min # 6>     0.0     0.0     0.0     0.0   225.0
xqcutij # 3>     0.0     0.0     0.0     0.0     0.0
xqcutij # 4>     0.0     0.0     0.0     0.0     0.0
xqcutij # 5>     0.0     0.0     0.0    15.0    15.0
xqcutij # 6>     0.0     0.0    15.0     0.0    15.0
 No cut BW           -1           1
 
 ********************************************
 * You are using the DiscreteSampler module *
 *      part of the MG5_aMC framework       *
 *         Author: Valentin Hirschi         *
 ********************************************
 
 RESET CUMULATIVE VARIABLE
 Iteration  1   Mean: 0.1163E+01 Abs mean: 0.1163E+01   Fluctuation:  0.235E+00   0.212E+03     2.7%
  1    0.1163E+01 0.1163E+01 +- 0.2352E+00      6.39
 Writing out events   6.2128875163610965E-003   6.3949189105108273     
 Relative summed weights:
  0.3754E-01  0.0000E+00  0.4051E-01  0.1631E-01  0.4752E-01  0.0000E+00  0.1845E-01  0.2853E-01  0.7193E-03  0.0000E+00  0.7449E-03  0.0000E+00  0.9924E-02  0.4730E-02  0.9239E-01  0.1453E+00  0.0000E+00  0.0000E+00  0.0000E+00  0.0000E+00  0.1889E+00  0.8866E-02  0.6118E-01  0.3885E-01  0.1971E-01  0.7392E-02  0.2585E-01  0.1986E-01  0.0000E+00  0.0000E+00  0.0000E+00  0.0000E+00  0.3348E-01  0.2651E-01  0.1769E-02  0.2090E-02  0.6532E-02  0.3230E-01  0.4303E-01  0.4096E-02
  0.2813E-01  0.0000E+00  0.0000E+00  0.0000E+00  0.5571E-02  0.0000E+00  0.0000E+00  0.0000E+00  0.1574E-02  0.0000E+00  0.1593E-02  0.0000E+00  0.0000E+00  0.0000E+00  0.0000E+00  0.0000E+00  0.0000E+00  0.0000E+00  0.0000E+00  0.0000E+00  0.0000E+00  0.0000E+00  0.0000E+00  0.0000E+00  0.0000E+00  0.0000E+00  0.0000E+00  0.0000E+00  0.0000E+00  0.0000E+00  0.0000E+00  0.0000E+00  0.0000E+00  0.0000E+00  0.0000E+00  0.0000E+00  0.0000E+00  0.0000E+00  0.0000E+00  0.0000E+00
 Relative number of events:
  0.5754E-01  0.0000E+00  0.3274E-01  0.2083E-01  0.3671E-01  0.0000E+00  0.2381E-01  0.2778E-01  0.2976E-02  0.0000E+00  0.5952E-02  0.0000E+00  0.1984E-01  0.1488E-01  0.1438E+00  0.1488E+00  0.0000E+00  0.0000E+00  0.0000E+00  0.0000E+00  0.1190E-01  0.1687E-01  0.7143E-01  0.6349E-01  0.2183E-01  0.8929E-02  0.3472E-01  0.3175E-01  0.0000E+00  0.0000E+00  0.0000E+00  0.0000E+00  0.2381E-01  0.1984E-01  0.3968E-02  0.3968E-02  0.1984E-01  0.2778E-01  0.1290E-01  0.6944E-02
  0.4464E-01  0.0000E+00  0.0000E+00  0.0000E+00  0.2679E-01  0.0000E+00  0.0000E+00  0.0000E+00  0.5952E-02  0.0000E+00  0.6944E-02  0.0000E+00  0.0000E+00  0.0000E+00  0.0000E+00  0.0000E+00  0.0000E+00  0.0000E+00  0.0000E+00  0.0000E+00  0.0000E+00  0.0000E+00  0.0000E+00  0.0000E+00  0.0000E+00  0.0000E+00  0.0000E+00  0.0000E+00  0.0000E+00  0.0000E+00  0.0000E+00  0.0000E+00  0.0000E+00  0.0000E+00  0.0000E+00  0.0000E+00  0.0000E+00  0.0000E+00  0.0000E+00  0.0000E+00
 Events:
          58           0          33          21          37           0          24          28           3           0           6           0          20          15         145         150           0           0           0           0          12          17          72          64          22           9          35          32           0           0           0           0          24          20           4           4          20          28          13           7
          45           0           0           0          27           0           0           0           6           0           7           0           0           0           0           0           0           0           0           0           0           0           0           0           0           0           0           0           0           0           0           0           0           0           0           0           0           0           0           0
 Iteration  2   Mean: 0.1102E+02 Abs mean: 0.1102E+02   Fluctuation:  0.977E+01   0.195E+05    17.2%
  2    0.1102E+02 0.1102E+02 +- 0.9768E+01     39.64
 Relative summed weights:
  0.4914E-02  0.0000E+00  0.5293E-02  0.4460E-02  0.2598E-02  0.0000E+00  0.2262E-02  0.3156E-02  0.3102E-05  0.0000E+00  0.4168E-03  0.0000E+00  0.1833E-02  0.1434E-02  0.1440E-01  0.1352E-01  0.0000E+00  0.0000E+00  0.0000E+00  0.0000E+00  0.1180E-02  0.6323E-02  0.8929E+00  0.1250E-01  0.6869E-03  0.1127E-02  0.5281E-02  0.1836E-02  0.0000E+00  0.0000E+00  0.0000E+00  0.0000E+00  0.3823E-02  0.6681E-02  0.7639E-04  0.1155E-03  0.1795E-02  0.1200E-02  0.9324E-03  0.2151E-03
  0.6417E-02  0.0000E+00  0.0000E+00  0.0000E+00  0.1820E-02  0.0000E+00  0.0000E+00  0.0000E+00  0.6506E-03  0.0000E+00  0.9289E-04  0.0000E+00  0.0000E+00  0.0000E+00  0.0000E+00  0.0000E+00  0.0000E+00  0.0000E+00  0.0000E+00  0.0000E+00  0.0000E+00  0.0000E+00  0.0000E+00  0.0000E+00  0.0000E+00  0.0000E+00  0.0000E+00  0.0000E+00  0.0000E+00  0.0000E+00  0.0000E+00  0.0000E+00  0.0000E+00  0.0000E+00  0.0000E+00  0.0000E+00  0.0000E+00  0.0000E+00  0.0000E+00  0.0000E+00
 Relative number of events:
  0.5600E-01  0.0000E+00  0.3000E-01  0.2650E-01  0.2700E-01  0.0000E+00  0.2800E-01  0.2350E-01  0.1000E-02  0.0000E+00  0.7000E-02  0.0000E+00  0.1900E-01  0.2100E-01  0.1560E+00  0.1465E+00  0.0000E+00  0.0000E+00  0.0000E+00  0.0000E+00  0.1200E-01  0.1250E-01  0.6550E-01  0.7250E-01  0.1800E-01  0.2000E-01  0.3050E-01  0.3500E-01  0.0000E+00  0.0000E+00  0.0000E+00  0.0000E+00  0.2250E-01  0.2250E-01  0.1500E-02  0.2000E-02  0.1600E-01  0.2550E-01  0.4500E-02  0.5000E-02
  0.5350E-01  0.0000E+00  0.0000E+00  0.0000E+00  0.3050E-01  0.0000E+00  0.0000E+00  0.0000E+00  0.3000E-02  0.0000E+00  0.6000E-02  0.0000E+00  0.0000E+00  0.0000E+00  0.0000E+00  0.0000E+00  0.0000E+00  0.0000E+00  0.0000E+00  0.0000E+00  0.0000E+00  0.0000E+00  0.0000E+00  0.0000E+00  0.0000E+00  0.0000E+00  0.0000E+00  0.0000E+00  0.0000E+00  0.0000E+00  0.0000E+00  0.0000E+00  0.0000E+00  0.0000E+00  0.0000E+00  0.0000E+00  0.0000E+00  0.0000E+00  0.0000E+00  0.0000E+00
 Events:
         112           0          60          53          54           0          56          47           2           0          14           0          38          42         312         293           0           0           0           0          24          25         131         145          36          40          61          70           0           0           0           0          45          45           3           4          32          51           9          10
         107           0           0           0          61           0           0           0           6           0          12           0           0           0           0           0           0           0           0           0           0           0           0           0           0           0           0           0           0           0           0           0           0           0           0           0           0           0           0           0
 Iteration  3   Mean: 0.1734E+01 Abs mean: 0.1734E+01   Fluctuation:  0.242E+00   0.572E+03    26.7%
  3    0.1734E+01 0.1734E+01 +- 0.2418E+00      8.82
 Relative summed weights:
  0.4506E-01  0.0000E+00  0.1552E-01  0.1731E-01  0.1201E-01  0.0000E+00  0.3231E-01  0.2071E-01  0.3657E-03  0.0000E+00  0.1451E-02  0.0000E+00  0.5155E-02  0.5187E-01  0.2300E+00  0.6797E-01  0.0000E+00  0.0000E+00  0.0000E+00  0.0000E+00  0.9651E-02  0.7777E-02  0.2240E+00  0.6199E-01  0.1537E-01  0.1135E-01  0.3993E-01  0.1605E-01  0.0000E+00  0.0000E+00  0.0000E+00  0.0000E+00  0.1486E-01  0.1240E-01  0.5715E-03  0.8370E-03  0.3789E-02  0.4242E-02  0.3046E-02  0.3335E-02
  0.3997E-01  0.0000E+00  0.0000E+00  0.0000E+00  0.2477E-01  0.0000E+00  0.0000E+00  0.0000E+00  0.6667E-03  0.0000E+00  0.5704E-02  0.0000E+00  0.0000E+00  0.0000E+00  0.0000E+00  0.0000E+00  0.0000E+00  0.0000E+00  0.0000E+00  0.0000E+00  0.0000E+00  0.0000E+00  0.0000E+00  0.0000E+00  0.0000E+00  0.0000E+00  0.0000E+00  0.0000E+00  0.0000E+00  0.0000E+00  0.0000E+00  0.0000E+00  0.0000E+00  0.0000E+00  0.0000E+00  0.0000E+00  0.0000E+00  0.0000E+00  0.0000E+00  0.0000E+00
 Relative number of events:
  0.7025E-01  0.0000E+00  0.2600E-01  0.2675E-01  0.2775E-01  0.0000E+00  0.2675E-01  0.2725E-01  0.3250E-02  0.0000E+00  0.4750E-02  0.0000E+00  0.2025E-01  0.2150E-01  0.1497E+00  0.1552E+00  0.0000E+00  0.0000E+00  0.0000E+00  0.0000E+00  0.1550E-01  0.1850E-01  0.6900E-01  0.6875E-01  0.1325E-01  0.1600E-01  0.3150E-01  0.2325E-01  0.0000E+00  0.0000E+00  0.0000E+00  0.0000E+00  0.1625E-01  0.1825E-01  0.2250E-02  0.3000E-02  0.1475E-01  0.1675E-01  0.5000E-02  0.3750E-02
  0.5950E-01  0.0000E+00  0.0000E+00  0.0000E+00  0.3450E-01  0.0000E+00  0.0000E+00  0.0000E+00  0.3750E-02  0.0000E+00  0.7000E-02  0.0000E+00  0.0000E+00  0.0000E+00  0.0000E+00  0.0000E+00  0.0000E+00  0.0000E+00  0.0000E+00  0.0000E+00  0.0000E+00  0.0000E+00  0.0000E+00  0.0000E+00  0.0000E+00  0.0000E+00  0.0000E+00  0.0000E+00  0.0000E+00  0.0000E+00  0.0000E+00  0.0000E+00  0.0000E+00  0.0000E+00  0.0000E+00  0.0000E+00  0.0000E+00  0.0000E+00  0.0000E+00  0.0000E+00
 Events:
         281           0         104         107         111           0         107         109          13           0          19           0          81          86         599         621           0           0           0           0          62          74         276         275          53          64         126          93           0           0           0           0          65          73           9          12          59          67          20          15
         238           0           0           0         138           0           0           0          15           0          28           0           0           0           0           0           0           0           0           0           0           0           0           0           0           0           0           0           0           0           0           0           0           0           0           0           0           0           0           0
 Accuracy:    0.512   0.100   0.114  20.216
 Found          103  events.
 Wrote           11  events.
 Actual xsec    1.7063480494088912     
 Correct abs xsec    1.7063480494088912     
 Event xsec    1.7063480494088916     
 Events wgts > 1:            1
 % Cross section > 1:    6.7837324270488553E-003  0.39755854202188451     
 Iteration  4   Mean: 0.1441E+01 Abs mean: 0.1441E+01   Fluctuation:  0.626E-01   0.252E+03    28.6%
  4    0.1441E+01 0.1441E+01 +- 0.6265E-01      3.89
 Relative summed weights:
  0.4494E-01  0.0000E+00  0.2228E-01  0.3698E-01  0.2392E-01  0.0000E+00  0.5698E-01  0.2640E-01  0.3046E-02  0.0000E+00  0.6195E-02  0.0000E+00  0.1785E-01  0.1738E-01  0.1301E+00  0.1492E+00  0.0000E+00  0.0000E+00  0.0000E+00  0.0000E+00  0.1441E-01  0.2562E-01  0.7273E-01  0.9452E-01  0.1343E-01  0.1392E-01  0.2992E-01  0.3069E-01  0.0000E+00  0.0000E+00  0.0000E+00  0.0000E+00  0.1307E-01  0.1667E-01  0.2940E-02  0.1182E-02  0.1080E-01  0.1616E-01  0.4070E-02  0.4227E-02
  0.6568E-01  0.0000E+00  0.0000E+00  0.0000E+00  0.3096E-01  0.0000E+00  0.0000E+00  0.0000E+00  0.4891E-03  0.0000E+00  0.3170E-02  0.0000E+00  0.0000E+00  0.0000E+00  0.0000E+00  0.0000E+00  0.0000E+00  0.0000E+00  0.0000E+00  0.0000E+00  0.0000E+00  0.0000E+00  0.0000E+00  0.0000E+00  0.0000E+00  0.0000E+00  0.0000E+00  0.0000E+00  0.0000E+00  0.0000E+00  0.0000E+00  0.0000E+00  0.0000E+00  0.0000E+00  0.0000E+00  0.0000E+00  0.0000E+00  0.0000E+00  0.0000E+00  0.0000E+00
 Relative number of events:
  0.6012E-01  0.0000E+00  0.2538E-01  0.2925E-01  0.3175E-01  0.0000E+00  0.2587E-01  0.2375E-01  0.2625E-02  0.0000E+00  0.4625E-02  0.0000E+00  0.2162E-01  0.2237E-01  0.1534E+00  0.1532E+00  0.0000E+00  0.0000E+00  0.0000E+00  0.0000E+00  0.1887E-01  0.1850E-01  0.6875E-01  0.7350E-01  0.1825E-01  0.1812E-01  0.2850E-01  0.2500E-01  0.0000E+00  0.0000E+00  0.0000E+00  0.0000E+00  0.1650E-01  0.1812E-01  0.2375E-02  0.1625E-02  0.1438E-01  0.1325E-01  0.3625E-02  0.4125E-02
  0.6313E-01  0.0000E+00  0.0000E+00  0.0000E+00  0.3250E-01  0.0000E+00  0.0000E+00  0.0000E+00  0.1750E-02  0.0000E+00  0.5125E-02  0.0000E+00  0.0000E+00  0.0000E+00  0.0000E+00  0.0000E+00  0.0000E+00  0.0000E+00  0.0000E+00  0.0000E+00  0.0000E+00  0.0000E+00  0.0000E+00  0.0000E+00  0.0000E+00  0.0000E+00  0.0000E+00  0.0000E+00  0.0000E+00  0.0000E+00  0.0000E+00  0.0000E+00  0.0000E+00  0.0000E+00  0.0000E+00  0.0000E+00  0.0000E+00  0.0000E+00  0.0000E+00  0.0000E+00
 Events:
         481           0         203         234         254           0         207         190          21           0          37           0         173         179        1227        1226           0           0           0           0         151         148         550         588         146         145         228         200           0           0           0           0         132         145          19          13         115         106          29          33
         505           0           0           0         260           0           0           0          14           0          41           0           0           0           0           0           0           0           0           0           0           0           0           0           0           0           0           0           0           0           0           0           0           0           0           0           0           0           0           0
 Accuracy:    0.176   0.100   0.041  18.760
 Found          752  events.
 Wrote           50  events.
 Actual xsec    1.4881495456838747     
 Correct abs xsec    1.4881495456838747     
 Event xsec    1.4881495456838743     
 Events wgts > 1:            1
 % Cross section > 1:    2.1317572637680193E-009   1.4324886030109140E-007
 Iteration  5   Mean: 0.1408E+01 Abs mean: 0.1408E+01   Fluctuation:  0.298E-01   0.899E+02    27.7%
  5    0.1408E+01 0.1408E+01 +- 0.2975E-01      2.67
 Relative summed weights:
  0.5449E-01  0.0000E+00  0.2822E-01  0.3843E-01  0.2602E-01  0.0000E+00  0.3208E-01  0.2594E-01  0.1355E-02  0.0000E+00  0.4197E-02  0.0000E+00  0.1942E-01  0.2177E-01  0.1342E+00  0.1394E+00  0.0000E+00  0.0000E+00  0.0000E+00  0.0000E+00  0.1960E-01  0.1806E-01  0.8181E-01  0.8685E-01  0.1433E-01  0.1494E-01  0.3353E-01  0.4163E-01  0.0000E+00  0.0000E+00  0.0000E+00  0.0000E+00  0.2012E-01  0.1720E-01  0.1783E-02  0.3186E-02  0.1038E-01  0.1699E-01  0.2783E-02  0.3693E-02
  0.5098E-01  0.0000E+00  0.0000E+00  0.0000E+00  0.2897E-01  0.0000E+00  0.0000E+00  0.0000E+00  0.2725E-02  0.0000E+00  0.4962E-02  0.0000E+00  0.0000E+00  0.0000E+00  0.0000E+00  0.0000E+00  0.0000E+00  0.0000E+00  0.0000E+00  0.0000E+00  0.0000E+00  0.0000E+00  0.0000E+00  0.0000E+00  0.0000E+00  0.0000E+00  0.0000E+00  0.0000E+00  0.0000E+00  0.0000E+00  0.0000E+00  0.0000E+00  0.0000E+00  0.0000E+00  0.0000E+00  0.0000E+00  0.0000E+00  0.0000E+00  0.0000E+00  0.0000E+00
 Relative number of events:
  0.5987E-01  0.0000E+00  0.2888E-01  0.3175E-01  0.3500E-01  0.0000E+00  0.2506E-01  0.2519E-01  0.2250E-02  0.0000E+00  0.4562E-02  0.0000E+00  0.2275E-01  0.2138E-01  0.1394E+00  0.1535E+00  0.0000E+00  0.0000E+00  0.0000E+00  0.0000E+00  0.1844E-01  0.1856E-01  0.7094E-01  0.7381E-01  0.1881E-01  0.1856E-01  0.2744E-01  0.2769E-01  0.0000E+00  0.0000E+00  0.0000E+00  0.0000E+00  0.1781E-01  0.1569E-01  0.2250E-02  0.1625E-02  0.1219E-01  0.1425E-01  0.4063E-02  0.3625E-02
  0.6275E-01  0.0000E+00  0.0000E+00  0.0000E+00  0.3463E-01  0.0000E+00  0.0000E+00  0.0000E+00  0.2625E-02  0.0000E+00  0.4625E-02  0.0000E+00  0.0000E+00  0.0000E+00  0.0000E+00  0.0000E+00  0.0000E+00  0.0000E+00  0.0000E+00  0.0000E+00  0.0000E+00  0.0000E+00  0.0000E+00  0.0000E+00  0.0000E+00  0.0000E+00  0.0000E+00  0.0000E+00  0.0000E+00  0.0000E+00  0.0000E+00  0.0000E+00  0.0000E+00  0.0000E+00  0.0000E+00  0.0000E+00  0.0000E+00  0.0000E+00  0.0000E+00  0.0000E+00
 Events:
         958           0         462         508         560           0         401         403          36           0          73           0         364         342        2231        2456           0           0           0           0         295         297        1135        1181         301         297         439         443           0           0           0           0         285         251          36          26         195         228          65          58
        1004           0           0           0         554           0           0           0          42           0          74           0           0           0           0           0           0           0           0           0           0           0           0           0           0           0           0           0           0           0           0           0           0           0           0           0           0           0           0           0
 Accuracy:    0.074   0.100   0.019  15.410
 Finished due to accuracy    7.3599877621789572E-002  0.10000000000000001     

 -------------------------------------------------------------------------------
 Accumulated results:   Integral =  0.1422E+01
                        Std dev  =  0.2666E-01
                       Cross sec =  0.1422E+01
             Chi**2 per DoF.     =     15.4101
 -------------------------------------------------------------------------------
 Found         2218  events.
 Wrote          483  events.
 Actual xsec    1.4198257675199841     
 Correct abs xsec    1.4198257675199841     
 Event xsec    1.4198257675199797     
 Events wgts > 1:           15
 % Cross section > 1:    1.2353542096008569E-002  0.87007451045113748     
-------------------------------------------------
---------------------------
 Results Last   3 iters: Integral =   0.1420E+01
                     Abs integral =   0.1420E+01
                          Std dev =   0.2674E-01
                  Chi**2 per DoF. =      0.9895
-------------------------------------------------
---------------------------
 Status  0.10000000000000001                6           7

ls status:
events.lhe
ftn26
input_app.txt
results.dat
run1_app.log
