 Process in group number            1
 A PDF is used, so alpha_s(MZ) is going to be modified
 Old value of alpha_s from param_card:   0.13000000000000003     
  ****************************************
 
       NNPDFDriver version 1.0.3
   Grid: NNPDF23_lo_as_0130_qed_mem0.grid
  ****************************************
 New value of alpha_s from PDF nn23lo1:  0.13000000000000000     
 Warning! ptj set to xqcut=   15.000000000000000       to improve integration efficiency
 Note that this might affect non-radiated jets,
 e.g. from decays. Use cut_decays=F in run_card.
 Warning! mmjj set to xqcut=   15.000000000000000       to improve integration efficiency
 Note that this might affect non-radiated jets,
 e.g. from decays. Use cut_decays=F in run_card.
 Define smin to   2425.0000000000000     
 Define smin to   2425.0000000000000     
 Define smin to   2425.0000000000000     
 Define smin to   2425.0000000000000     
 Define smin to   2425.0000000000000     
 Define smin to   2425.0000000000000     
 Define smin to   2425.0000000000000     
 Define smin to   2425.0000000000000     
 Define smin to   2425.0000000000000     
 Define smin to   2425.0000000000000     
 Define smin to   2425.0000000000000     
 Define smin to   2425.0000000000000     
 Define smin to   2425.0000000000000     
 Define smin to   2425.0000000000000     
 Define smin to   2425.0000000000000     
 Define smin to   2425.0000000000000     
 Define smin to   2425.0000000000000     
 Define smin to   2425.0000000000000     
 Define smin to   2425.0000000000000     
 Define smin to   2425.0000000000000     
 *****************************************************
 *               MadGraph/MadEvent                   *
 *        --------------------------------           *
 *          http://madgraph.hep.uiuc.edu             *
 *          http://madgraph.phys.ucl.ac.be           *
 *          http://madgraph.roma2.infn.it            *
 *        --------------------------------           *
 *                                                   *
 *          PARAMETER AND COUPLING VALUES            *
 *                                                   *
 *****************************************************

  External Params
  ---------------------------------
  
 mdl_MB =    4.7000000000000002     
 mdl_MT =    173.00000000000000     
 mdl_MTA =    1.7769999999999999     
 mdl_MZ =    91.188000000000002     
 mdl_MH =    125.00000000000000     
 aEWM1 =    132.50700000000001     
 mdl_Gf =    1.1663900000000000E-005
 aS =   0.13000000000000003     
 mdl_ymb =    4.7000000000000002     
 mdl_ymt =    173.00000000000000     
 mdl_ymtau =    1.7769999999999999     
 mdl_WT =    1.4915000000000000     
 mdl_WZ =    2.4414039999999999     
 mdl_WW =    2.0476000000000001     
 mdl_WH =    6.3823389999999999E-003
  Internal Params
  ---------------------------------
  
 mdl_conjg__CKM3x3 =    1.0000000000000000     
 mdl_conjg__CKM1x1 =    1.0000000000000000     
 mdl_CKM3x3 =    1.0000000000000000     
 mdl_complexi =                (0.0000000000000000,1.0000000000000000)
 mdl_MZ__exp__2 =    8315.2513440000002     
 mdl_MZ__exp__4 =    69143404.913893804     
 mdl_sqrt__2 =    1.4142135623730951     
 mdl_MH__exp__2 =    15625.000000000000     
 mdl_aEW =    7.5467711139788835E-003
 mdl_MW =    80.419002445756163     
 mdl_sqrt__aEW =    8.6872153846781555E-002
 mdl_ee =   0.30795376724436879     
 mdl_MW__exp__2 =    6467.2159543705357     
 mdl_sw2 =   0.22224648578577766     
 mdl_cw =   0.88190334743339216     
 mdl_sqrt__sw2 =   0.47143025548407230     
 mdl_sw =   0.47143025548407230     
 mdl_g1 =   0.34919219678733299     
 mdl_gw =   0.65323293034757990     
 mdl_vev =    246.21845810181637     
 mdl_vev__exp__2 =    60623.529110035903     
 mdl_lam =   0.12886910601690263     
 mdl_yb =    2.6995554250465490E-002
 mdl_yt =   0.99366614581500623     
 mdl_ytau =    1.0206617000654717E-002
 mdl_muH =    88.388347648318430     
 mdl_I1x33 =          (2.69955542504654901E-002,0.0000000000000000)
 mdl_I2x33 =               (0.99366614581500623,0.0000000000000000)
 mdl_I3x33 =               (0.99366614581500623,0.0000000000000000)
 mdl_I4x33 =          (2.69955542504654901E-002,0.0000000000000000)
 mdl_ee__exp__2 =    9.4835522759998875E-002
 mdl_sw__exp__2 =   0.22224648578577769     
 mdl_cw__exp__2 =   0.77775351421422245     
  Internal Params evaluated point by point
  ----------------------------------------
  
 mdl_sqrt__aS =   0.36055512754639896     
 mdl_G__exp__2 =    1.6336281798666927     
  Couplings of sm
  ---------------------------------
  
        GC_10 =  -0.12781E+01   0.00000E+00
        GC_11 =   0.00000E+00   0.12781E+01
        GC_12 =   0.00000E+00   0.16336E+01
         GC_1 =  -0.00000E+00  -0.10265E+00
         GC_2 =   0.00000E+00   0.20530E+00
         GC_3 =  -0.00000E+00  -0.30795E+00
        GC_50 =  -0.00000E+00  -0.28804E+00
        GC_58 =  -0.00000E+00  -0.27437E-01
        GC_59 =   0.00000E+00   0.82310E-01

 Collider parameters:
 --------------------

 Running at P P   machine @    13000.000000000000       GeV
 PDF set = nn23lo1
 alpha_s(Mz)= 0.1300 running at 2 loops.
 alpha_s(Mz)= 0.1300 running at 2 loops.
 Renormalization scale set on event-by-event basis
 Factorization   scale set on event-by-event basis


 getting user params
Enter number of events and max and min iterations: 
 Number of events and iterations         1000           5           3
Enter desired fractional accuracy: 
 Desired fractional accuracy:   0.10000000000000001     
Enter 0 for fixed, 2 for adjustable grid: 
Suppress amplitude (0 no, 1 yes)? 
 Using suppressed amplitude.
Exact helicity sum (0 yes, n = number/event)? 
 Explicitly summing over helicities
Enter Configuration Number: 
Running Configuration Number:   26
 Not subdividing B.W.
 Attempting mappinvarients           1           7
 Determine nb_t
 T-channel found:            2
 Completed mapping           7
 about to integrate           13        1000           7           3          13           1
 Using non-zero grid deformation.
 13 dimensions   1000 events 13 invarients  7 iterations  1 config(s),  (0.99)
 Using h-tuple random number sequence.
 Error opening grid
 Using Uniform Grid!          28
 Using uniform alpha   1.0000000000000000     
 Grid defined OK
 Masses: 0.000E+00 0.000E+00 0.000E+00 0.000E+00 0.000E+00 0.000E+00 0.000E+00
 Set CM energy to      13000.00
 Mapping Graph          26  to config          26
 Determine nb_t
 T-channel found:            2
Setting grid   1    0.13314E-05   1
 Setting BW          -2           1   91.188000000000002     
Setting grid   3    0.13314E-05   1
Setting grid   4    0.23669E-05   1
 Transforming s_hat 1/s           12   3.3642919012365896E-005   2425.0000000000000        168999999.99999997     
Using random seed offsets    26 :      5
  with seed                   24
 Ranmar initialization seeds       31084        9402
  Particle       3       4       5       6       7
      Et >    10.0    10.0    15.0    15.0    15.0
       E >     0.0     0.0     0.0     0.0     0.0
     Eta <     2.5     2.5     5.0     5.0     5.0
   xqcut:      0.0     0.0    15.0    15.0    15.0
d R # 3  >    -0.0     0.4     0.0     0.0     0.0
d R # 4  >    -0.0    -0.0     0.0     0.0     0.0
d R # 5  >    -0.0    -0.0    -0.0     0.0     0.0
d R # 6  >    -0.0    -0.0    -0.0    -0.0     0.0
s min # 3>     0.0     0.0     0.0     0.0     0.0
s min # 4>     0.0     0.0     0.0     0.0     0.0
s min # 5>     0.0     0.0     0.0   225.0   225.0
s min # 6>     0.0     0.0     0.0     0.0   225.0
xqcutij # 3>     0.0     0.0     0.0     0.0     0.0
xqcutij # 4>     0.0     0.0     0.0     0.0     0.0
xqcutij # 5>     0.0     0.0     0.0    15.0    15.0
xqcutij # 6>     0.0     0.0    15.0     0.0    15.0
 No cut BW           -2           1
 
 ********************************************
 * You are using the DiscreteSampler module *
 *      part of the MG5_aMC framework       *
 *         Author: Valentin Hirschi         *
 ********************************************
 
 RESET CUMULATIVE VARIABLE
 Iteration  1   Mean: 0.1997E+01 Abs mean: 0.1997E+01   Fluctuation:  0.418E+00   0.301E+03     2.9%
  1    0.1997E+01 0.1997E+01 +- 0.4180E+00      6.62
 Writing out events   9.9510521877459943E-003   6.6198895880509392     
 Relative summed weights:
  0.8520E-01  0.0000E+00  0.4749E-02  0.2191E-01  0.1264E-01  0.0000E+00  0.3408E-01  0.3810E-01  0.8666E-05  0.0000E+00  0.5451E-02  0.0000E+00  0.2616E-01  0.6890E-02  0.8278E-01  0.2072E+00  0.0000E+00  0.0000E+00  0.0000E+00  0.0000E+00  0.1221E+00  0.9954E-02  0.1729E-01  0.1157E+00  0.2455E-02  0.3140E-01  0.3374E-01  0.6984E-02  0.0000E+00  0.0000E+00  0.0000E+00  0.0000E+00  0.1348E-01  0.1566E-01  0.4852E-02  0.4122E-03  0.9003E-02  0.5009E-01  0.3053E-01  0.1424E-02
  0.7231E-02  0.0000E+00  0.0000E+00  0.0000E+00  0.2386E-02  0.0000E+00  0.0000E+00  0.0000E+00  0.0000E+00  0.0000E+00  0.8008E-04  0.0000E+00  0.0000E+00  0.0000E+00  0.0000E+00  0.0000E+00  0.0000E+00  0.0000E+00  0.0000E+00  0.0000E+00  0.0000E+00  0.0000E+00  0.0000E+00  0.0000E+00  0.0000E+00  0.0000E+00  0.0000E+00  0.0000E+00  0.0000E+00  0.0000E+00  0.0000E+00  0.0000E+00  0.0000E+00  0.0000E+00  0.0000E+00  0.0000E+00  0.0000E+00  0.0000E+00  0.0000E+00  0.0000E+00
 Relative number of events:
  0.5055E-01  0.0000E+00  0.2478E-01  0.3072E-01  0.2577E-01  0.0000E+00  0.3072E-01  0.3469E-01  0.5946E-02  0.0000E+00  0.1189E-01  0.0000E+00  0.1685E-01  0.1685E-01  0.1041E+00  0.1041E+00  0.0000E+00  0.0000E+00  0.0000E+00  0.0000E+00  0.3171E-01  0.1982E-01  0.7929E-01  0.8226E-01  0.1090E-01  0.1288E-01  0.4262E-01  0.4856E-01  0.0000E+00  0.0000E+00  0.0000E+00  0.0000E+00  0.2279E-01  0.2775E-01  0.7929E-02  0.2973E-02  0.3568E-01  0.2973E-01  0.8920E-02  0.5946E-02
  0.3865E-01  0.0000E+00  0.0000E+00  0.0000E+00  0.2577E-01  0.0000E+00  0.0000E+00  0.0000E+00  0.0000E+00  0.0000E+00  0.8920E-02  0.0000E+00  0.0000E+00  0.0000E+00  0.0000E+00  0.0000E+00  0.0000E+00  0.0000E+00  0.0000E+00  0.0000E+00  0.0000E+00  0.0000E+00  0.0000E+00  0.0000E+00  0.0000E+00  0.0000E+00  0.0000E+00  0.0000E+00  0.0000E+00  0.0000E+00  0.0000E+00  0.0000E+00  0.0000E+00  0.0000E+00  0.0000E+00  0.0000E+00  0.0000E+00  0.0000E+00  0.0000E+00  0.0000E+00
 Events:
          51           0          25          31          26           0          31          35           6           0          12           0          17          17         105         105           0           0           0           0          32          20          80          83          11          13          43          49           0           0           0           0          23          28           8           3          36          30           9           6
          39           0           0           0          26           0           0           0           0           0           9           0           0           0           0           0           0           0           0           0           0           0           0           0           0           0           0           0           0           0           0           0           0           0           0           0           0           0           0           0
 Iteration  2   Mean: 0.3600E+01 Abs mean: 0.3600E+01   Fluctuation:  0.145E+01   0.278E+04    16.0%
  2    0.3600E+01 0.3600E+01 +- 0.1453E+01     18.05
 Relative summed weights:
  0.1492E-01  0.0000E+00  0.4285E-02  0.4800E-01  0.1638E-01  0.0000E+00  0.1278E-01  0.7424E-02  0.8565E-02  0.0000E+00  0.5382E-03  0.0000E+00  0.1271E-02  0.9539E-01  0.1068E+00  0.4663E+00  0.0000E+00  0.0000E+00  0.0000E+00  0.0000E+00  0.1485E-01  0.1477E-01  0.5095E-01  0.5732E-01  0.1783E-01  0.2904E-02  0.5078E-02  0.7213E-02  0.0000E+00  0.0000E+00  0.0000E+00  0.0000E+00  0.7389E-02  0.6898E-02  0.2539E-03  0.2090E-03  0.3519E-02  0.3590E-02  0.2027E-03  0.5254E-03
  0.1575E-01  0.0000E+00  0.0000E+00  0.0000E+00  0.5272E-02  0.0000E+00  0.0000E+00  0.0000E+00  0.9953E-03  0.0000E+00  0.1849E-02  0.0000E+00  0.0000E+00  0.0000E+00  0.0000E+00  0.0000E+00  0.0000E+00  0.0000E+00  0.0000E+00  0.0000E+00  0.0000E+00  0.0000E+00  0.0000E+00  0.0000E+00  0.0000E+00  0.0000E+00  0.0000E+00  0.0000E+00  0.0000E+00  0.0000E+00  0.0000E+00  0.0000E+00  0.0000E+00  0.0000E+00  0.0000E+00  0.0000E+00  0.0000E+00  0.0000E+00  0.0000E+00  0.0000E+00
 Relative number of events:
  0.3850E-01  0.0000E+00  0.3400E-01  0.4100E-01  0.1850E-01  0.0000E+00  0.3600E-01  0.3850E-01  0.4500E-02  0.0000E+00  0.9000E-02  0.0000E+00  0.1650E-01  0.1650E-01  0.1190E+00  0.1040E+00  0.0000E+00  0.0000E+00  0.0000E+00  0.0000E+00  0.2550E-01  0.2000E-01  0.1035E+00  0.8850E-01  0.1600E-01  0.1150E-01  0.3500E-01  0.3450E-01  0.0000E+00  0.0000E+00  0.0000E+00  0.0000E+00  0.3100E-01  0.2550E-01  0.4000E-02  0.1500E-02  0.2100E-01  0.2600E-01  0.3500E-02  0.8500E-02
  0.3200E-01  0.0000E+00  0.0000E+00  0.0000E+00  0.2450E-01  0.0000E+00  0.0000E+00  0.0000E+00  0.5500E-02  0.0000E+00  0.6500E-02  0.0000E+00  0.0000E+00  0.0000E+00  0.0000E+00  0.0000E+00  0.0000E+00  0.0000E+00  0.0000E+00  0.0000E+00  0.0000E+00  0.0000E+00  0.0000E+00  0.0000E+00  0.0000E+00  0.0000E+00  0.0000E+00  0.0000E+00  0.0000E+00  0.0000E+00  0.0000E+00  0.0000E+00  0.0000E+00  0.0000E+00  0.0000E+00  0.0000E+00  0.0000E+00  0.0000E+00  0.0000E+00  0.0000E+00
 Events:
          77           0          68          82          37           0          72          77           9           0          18           0          33          33         238         208           0           0           0           0          51          40         207         177          32          23          70          69           0           0           0           0          62          51           8           3          42          52           7          17
          64           0           0           0          49           0           0           0          11           0          13           0           0           0           0           0           0           0           0           0           0           0           0           0           0           0           0           0           0           0           0           0           0           0           0           0           0           0           0           0
 Iteration  3   Mean: 0.1855E+01 Abs mean: 0.1855E+01   Fluctuation:  0.166E+00   0.242E+03    25.7%
  3    0.1855E+01 0.1855E+01 +- 0.1656E+00      5.65
 Relative summed weights:
  0.3521E-01  0.0000E+00  0.2076E-01  0.6490E-01  0.3176E-01  0.0000E+00  0.5595E-01  0.2597E-01  0.4113E-03  0.0000E+00  0.5203E-02  0.0000E+00  0.1147E-01  0.1195E-01  0.1484E+00  0.1091E+00  0.0000E+00  0.0000E+00  0.0000E+00  0.0000E+00  0.1043E-01  0.4592E-01  0.8085E-01  0.8401E-01  0.2010E-01  0.9632E-02  0.2144E-01  0.1875E-01  0.0000E+00  0.0000E+00  0.0000E+00  0.0000E+00  0.4632E-01  0.2807E-01  0.2377E-02  0.1440E-02  0.1721E-01  0.7546E-02  0.6571E-02  0.2690E-02
  0.5101E-01  0.0000E+00  0.0000E+00  0.0000E+00  0.2298E-01  0.0000E+00  0.0000E+00  0.0000E+00  0.1433E-03  0.0000E+00  0.1435E-02  0.0000E+00  0.0000E+00  0.0000E+00  0.0000E+00  0.0000E+00  0.0000E+00  0.0000E+00  0.0000E+00  0.0000E+00  0.0000E+00  0.0000E+00  0.0000E+00  0.0000E+00  0.0000E+00  0.0000E+00  0.0000E+00  0.0000E+00  0.0000E+00  0.0000E+00  0.0000E+00  0.0000E+00  0.0000E+00  0.0000E+00  0.0000E+00  0.0000E+00  0.0000E+00  0.0000E+00  0.0000E+00  0.0000E+00
 Relative number of events:
  0.4124E-01  0.0000E+00  0.3549E-01  0.3874E-01  0.2424E-01  0.0000E+00  0.3999E-01  0.3874E-01  0.4499E-02  0.0000E+00  0.5999E-02  0.0000E+00  0.1550E-01  0.1550E-01  0.1055E+00  0.9623E-01  0.0000E+00  0.0000E+00  0.0000E+00  0.0000E+00  0.2299E-01  0.2374E-01  0.9023E-01  0.9423E-01  0.1350E-01  0.1525E-01  0.4224E-01  0.3424E-01  0.0000E+00  0.0000E+00  0.0000E+00  0.0000E+00  0.2199E-01  0.2999E-01  0.5749E-02  0.3499E-02  0.2574E-01  0.2374E-01  0.6748E-02  0.7998E-02
  0.4224E-01  0.0000E+00  0.0000E+00  0.0000E+00  0.2299E-01  0.0000E+00  0.0000E+00  0.0000E+00  0.2249E-02  0.0000E+00  0.8998E-02  0.0000E+00  0.0000E+00  0.0000E+00  0.0000E+00  0.0000E+00  0.0000E+00  0.0000E+00  0.0000E+00  0.0000E+00  0.0000E+00  0.0000E+00  0.0000E+00  0.0000E+00  0.0000E+00  0.0000E+00  0.0000E+00  0.0000E+00  0.0000E+00  0.0000E+00  0.0000E+00  0.0000E+00  0.0000E+00  0.0000E+00  0.0000E+00  0.0000E+00  0.0000E+00  0.0000E+00  0.0000E+00  0.0000E+00
 Events:
         165           0         142         155          97           0         160         155          18           0          24           0          62          62         422         385           0           0           0           0          92          95         361         377          54          61         169         137           0           0           0           0          88         120          23          14         103          95          27          32
         169           0           0           0          92           0           0           0           9           0          36           0           0           0           0           0           0           0           0           0           0           0           0           0           0           0           0           0           0           0           0           0           0           0           0           0           0           0           0           0
 Accuracy:    0.124   0.100   0.080   2.366
 Found          211  events.
 Wrote           33  events.
 Actual xsec    1.9451094796356396     
 Correct abs xsec    1.9451094796356396     
 Event xsec    1.9451094796356403     
 Events wgts > 1:            4
 % Cross section > 1:    1.4224887942145464E-002  0.73131554244494679     
 Iteration  4   Mean: 0.2853E+01 Abs mean: 0.2853E+01   Fluctuation:  0.355E+00   0.223E+04    25.5%
  4    0.2853E+01 0.2853E+01 +- 0.3553E+00     11.14
 Relative summed weights:
  0.3048E-01  0.0000E+00  0.2735E-01  0.1724E-01  0.9138E-02  0.0000E+00  0.2951E-01  0.2474E-01  0.1630E-02  0.0000E+00  0.4744E-02  0.0000E+00  0.1203E+00  0.8242E-02  0.8930E-01  0.1722E+00  0.0000E+00  0.0000E+00  0.0000E+00  0.0000E+00  0.1513E-01  0.1268E-01  0.9845E-01  0.6246E-01  0.1286E-01  0.1134E-01  0.2386E-01  0.4861E-01  0.0000E+00  0.0000E+00  0.0000E+00  0.0000E+00  0.1752E-01  0.2209E-01  0.7632E-03  0.4127E-03  0.1714E-01  0.2404E-01  0.5938E-02  0.5965E-02
  0.6398E-01  0.0000E+00  0.0000E+00  0.0000E+00  0.1389E-01  0.0000E+00  0.0000E+00  0.0000E+00  0.7582E-02  0.0000E+00  0.4505E-03  0.0000E+00  0.0000E+00  0.0000E+00  0.0000E+00  0.0000E+00  0.0000E+00  0.0000E+00  0.0000E+00  0.0000E+00  0.0000E+00  0.0000E+00  0.0000E+00  0.0000E+00  0.0000E+00  0.0000E+00  0.0000E+00  0.0000E+00  0.0000E+00  0.0000E+00  0.0000E+00  0.0000E+00  0.0000E+00  0.0000E+00  0.0000E+00  0.0000E+00  0.0000E+00  0.0000E+00  0.0000E+00  0.0000E+00
 Relative number of events:
  0.3438E-01  0.0000E+00  0.4225E-01  0.4225E-01  0.2225E-01  0.0000E+00  0.4050E-01  0.3800E-01  0.4000E-02  0.0000E+00  0.5875E-02  0.0000E+00  0.1738E-01  0.1663E-01  0.1037E+00  0.1017E+00  0.0000E+00  0.0000E+00  0.0000E+00  0.0000E+00  0.2488E-01  0.2725E-01  0.1004E+00  0.9050E-01  0.1275E-01  0.1263E-01  0.3687E-01  0.3900E-01  0.0000E+00  0.0000E+00  0.0000E+00  0.0000E+00  0.2700E-01  0.2712E-01  0.4250E-02  0.3250E-02  0.2162E-01  0.2187E-01  0.6000E-02  0.6375E-02
  0.3812E-01  0.0000E+00  0.0000E+00  0.0000E+00  0.2337E-01  0.0000E+00  0.0000E+00  0.0000E+00  0.3750E-02  0.0000E+00  0.4000E-02  0.0000E+00  0.0000E+00  0.0000E+00  0.0000E+00  0.0000E+00  0.0000E+00  0.0000E+00  0.0000E+00  0.0000E+00  0.0000E+00  0.0000E+00  0.0000E+00  0.0000E+00  0.0000E+00  0.0000E+00  0.0000E+00  0.0000E+00  0.0000E+00  0.0000E+00  0.0000E+00  0.0000E+00  0.0000E+00  0.0000E+00  0.0000E+00  0.0000E+00  0.0000E+00  0.0000E+00  0.0000E+00  0.0000E+00
 Events:
         275           0         338         338         178           0         324         304          32           0          47           0         139         133         830         814           0           0           0           0         199         218         803         724         102         101         295         312           0           0           0           0         216         217          34          26         173         175          48          51
         305           0           0           0         187           0           0           0          30           0          32           0           0           0           0           0           0           0           0           0           0           0           0           0           0           0           0           0           0           0           0           0           0           0           0           0           0           0           0           0
 Accuracy:    0.131   0.100   0.068   3.773
 Found          263  events.
 Wrote            8  events.
 Actual xsec    2.2376562043565458     
 Correct abs xsec    2.2376562043565458     
 Event xsec    2.2376562043565458     
 Events wgts > 1:            1
 % Cross section > 1:    7.5687128786583457E-009   3.3824288395700103E-007
 Iteration  5   Mean: 0.2437E+01 Abs mean: 0.2437E+01   Fluctuation:  0.116E+00   0.123E+04    24.4%
  5    0.2437E+01 0.2437E+01 +- 0.1161E+00      6.03
 Relative summed weights:
  0.4546E-01  0.0000E+00  0.5451E-01  0.3184E-01  0.2609E-01  0.0000E+00  0.3876E-01  0.2201E-01  0.1675E-02  0.0000E+00  0.3647E-02  0.0000E+00  0.1289E-01  0.1322E-01  0.1150E+00  0.1273E+00  0.0000E+00  0.0000E+00  0.0000E+00  0.0000E+00  0.1661E-01  0.1896E-01  0.9008E-01  0.8920E-01  0.1155E-01  0.1102E-01  0.4270E-01  0.6516E-01  0.0000E+00  0.0000E+00  0.0000E+00  0.0000E+00  0.1534E-01  0.1443E-01  0.1244E-02  0.1738E-02  0.1423E-01  0.1531E-01  0.5471E-02  0.4046E-02
  0.4990E-01  0.0000E+00  0.0000E+00  0.0000E+00  0.3327E-01  0.0000E+00  0.0000E+00  0.0000E+00  0.1338E-02  0.0000E+00  0.5986E-02  0.0000E+00  0.0000E+00  0.0000E+00  0.0000E+00  0.0000E+00  0.0000E+00  0.0000E+00  0.0000E+00  0.0000E+00  0.0000E+00  0.0000E+00  0.0000E+00  0.0000E+00  0.0000E+00  0.0000E+00  0.0000E+00  0.0000E+00  0.0000E+00  0.0000E+00  0.0000E+00  0.0000E+00  0.0000E+00  0.0000E+00  0.0000E+00  0.0000E+00  0.0000E+00  0.0000E+00  0.0000E+00  0.0000E+00
 Relative number of events:
  0.4044E-01  0.0000E+00  0.4375E-01  0.3950E-01  0.2294E-01  0.0000E+00  0.3694E-01  0.3612E-01  0.2750E-02  0.0000E+00  0.7375E-02  0.0000E+00  0.1825E-01  0.1562E-01  0.1067E+00  0.1013E+00  0.0000E+00  0.0000E+00  0.0000E+00  0.0000E+00  0.2331E-01  0.2237E-01  0.9675E-01  0.9825E-01  0.1362E-01  0.1312E-01  0.3969E-01  0.3988E-01  0.0000E+00  0.0000E+00  0.0000E+00  0.0000E+00  0.2350E-01  0.2488E-01  0.2563E-02  0.3063E-02  0.2106E-01  0.2369E-01  0.5562E-02  0.5125E-02
  0.4044E-01  0.0000E+00  0.0000E+00  0.0000E+00  0.2219E-01  0.0000E+00  0.0000E+00  0.0000E+00  0.2312E-02  0.0000E+00  0.6875E-02  0.0000E+00  0.0000E+00  0.0000E+00  0.0000E+00  0.0000E+00  0.0000E+00  0.0000E+00  0.0000E+00  0.0000E+00  0.0000E+00  0.0000E+00  0.0000E+00  0.0000E+00  0.0000E+00  0.0000E+00  0.0000E+00  0.0000E+00  0.0000E+00  0.0000E+00  0.0000E+00  0.0000E+00  0.0000E+00  0.0000E+00  0.0000E+00  0.0000E+00  0.0000E+00  0.0000E+00  0.0000E+00  0.0000E+00
 Events:
         647           0         700         632         367           0         591         578          44           0         118           0         292         250        1708        1621           0           0           0           0         373         358        1548        1572         218         210         635         638           0           0           0           0         376         398          41          49         337         379          89          82
         647           0           0           0         355           0           0           0          37           0         110           0           0           0           0           0           0           0           0           0           0           0           0           0           0           0           0           0           0           0           0           0           0           0           0           0           0           0           0           0
 Accuracy:    0.065   0.100   0.039   2.812
 Finished due to accuracy    6.5301215952863256E-002  0.10000000000000001     

 -------------------------------------------------------------------------------
 Accumulated results:   Integral =  0.2362E+01
                        Std dev  =  0.9200E-01
                       Cross sec =  0.2362E+01
             Chi**2 per DoF.     =      2.8115
 -------------------------------------------------------------------------------
 Found          700  events.
 Wrote           34  events.
 Actual xsec    2.3633805531800274     
 Correct abs xsec    2.3633805531800274     
 Event xsec    2.3633805531800292     
 Events wgts > 1:            0
 % Cross section > 1:    0.0000000000000000        0.0000000000000000     
-------------------------------------------------
---------------------------
 Results Last   3 iters: Integral =   0.2363E+01
                     Abs integral =   0.2363E+01
                          Std dev =   0.9413E-01
                  Chi**2 per DoF. =      5.8671
-------------------------------------------------
---------------------------
 Status  0.10000000000000001                6           7

ls status:
events.lhe
ftn26
input_app.txt
results.dat
run1_app.log
