 Process in group number            1
 A PDF is used, so alpha_s(MZ) is going to be modified
 Old value of alpha_s from param_card:   0.13000000000000003     
  ****************************************
 
       NNPDFDriver version 1.0.3
   Grid: NNPDF23_lo_as_0130_qed_mem0.grid
  ****************************************
 New value of alpha_s from PDF nn23lo1:  0.13000000000000000     
 Warning! ptj set to xqcut=   15.000000000000000       to improve integration efficiency
 Note that this might affect non-radiated jets,
 e.g. from decays. Use cut_decays=F in run_card.
 Warning! mmjj set to xqcut=   15.000000000000000       to improve integration efficiency
 Note that this might affect non-radiated jets,
 e.g. from decays. Use cut_decays=F in run_card.
 Define smin to   2425.0000000000000     
 Define smin to   2425.0000000000000     
 Define smin to   2425.0000000000000     
 Define smin to   2425.0000000000000     
 *****************************************************
 *               MadGraph/MadEvent                   *
 *        --------------------------------           *
 *          http://madgraph.hep.uiuc.edu             *
 *          http://madgraph.phys.ucl.ac.be           *
 *          http://madgraph.roma2.infn.it            *
 *        --------------------------------           *
 *                                                   *
 *          PARAMETER AND COUPLING VALUES            *
 *                                                   *
 *****************************************************

  External Params
  ---------------------------------
  
 mdl_MB =    4.7000000000000002     
 mdl_MT =    173.00000000000000     
 mdl_MTA =    1.7769999999999999     
 mdl_MZ =    91.188000000000002     
 mdl_MH =    125.00000000000000     
 aEWM1 =    132.50700000000001     
 mdl_Gf =    1.1663900000000000E-005
 aS =   0.13000000000000003     
 mdl_ymb =    4.7000000000000002     
 mdl_ymt =    173.00000000000000     
 mdl_ymtau =    1.7769999999999999     
 mdl_WT =    1.4915000000000000     
 mdl_WZ =    2.4414039999999999     
 mdl_WW =    2.0476000000000001     
 mdl_WH =    6.3823389999999999E-003
  Internal Params
  ---------------------------------
  
 mdl_conjg__CKM3x3 =    1.0000000000000000     
 mdl_conjg__CKM1x1 =    1.0000000000000000     
 mdl_CKM3x3 =    1.0000000000000000     
 mdl_complexi =                (0.0000000000000000,1.0000000000000000)
 mdl_MZ__exp__2 =    8315.2513440000002     
 mdl_MZ__exp__4 =    69143404.913893804     
 mdl_sqrt__2 =    1.4142135623730951     
 mdl_MH__exp__2 =    15625.000000000000     
 mdl_aEW =    7.5467711139788835E-003
 mdl_MW =    80.419002445756163     
 mdl_sqrt__aEW =    8.6872153846781555E-002
 mdl_ee =   0.30795376724436879     
 mdl_MW__exp__2 =    6467.2159543705357     
 mdl_sw2 =   0.22224648578577766     
 mdl_cw =   0.88190334743339216     
 mdl_sqrt__sw2 =   0.47143025548407230     
 mdl_sw =   0.47143025548407230     
 mdl_g1 =   0.34919219678733299     
 mdl_gw =   0.65323293034757990     
 mdl_vev =    246.21845810181637     
 mdl_vev__exp__2 =    60623.529110035903     
 mdl_lam =   0.12886910601690263     
 mdl_yb =    2.6995554250465490E-002
 mdl_yt =   0.99366614581500623     
 mdl_ytau =    1.0206617000654717E-002
 mdl_muH =    88.388347648318430     
 mdl_I1x33 =          (2.69955542504654901E-002,0.0000000000000000)
 mdl_I2x33 =               (0.99366614581500623,0.0000000000000000)
 mdl_I3x33 =               (0.99366614581500623,0.0000000000000000)
 mdl_I4x33 =          (2.69955542504654901E-002,0.0000000000000000)
 mdl_ee__exp__2 =    9.4835522759998875E-002
 mdl_sw__exp__2 =   0.22224648578577769     
 mdl_cw__exp__2 =   0.77775351421422245     
  Internal Params evaluated point by point
  ----------------------------------------
  
 mdl_sqrt__aS =   0.36055512754639896     
 mdl_G__exp__2 =    1.6336281798666927     
  Couplings of sm
  ---------------------------------
  
        GC_10 =  -0.12781E+01   0.00000E+00
        GC_11 =   0.00000E+00   0.12781E+01
        GC_12 =   0.00000E+00   0.16336E+01
         GC_1 =  -0.00000E+00  -0.10265E+00
         GC_2 =   0.00000E+00   0.20530E+00
         GC_3 =  -0.00000E+00  -0.30795E+00
        GC_50 =  -0.00000E+00  -0.28804E+00
        GC_58 =  -0.00000E+00  -0.27437E-01
        GC_59 =   0.00000E+00   0.82310E-01

 Collider parameters:
 --------------------

 Running at P P   machine @    13000.000000000000       GeV
 PDF set = nn23lo1
 alpha_s(Mz)= 0.1300 running at 2 loops.
 alpha_s(Mz)= 0.1300 running at 2 loops.
 Renormalization scale set on event-by-event basis
 Factorization   scale set on event-by-event basis


 getting user params
Enter number of events and max and min iterations: 
 Number of events and iterations         1000           5           3
Enter desired fractional accuracy: 
 Desired fractional accuracy:   0.10000000000000001     
Enter 0 for fixed, 2 for adjustable grid: 
Suppress amplitude (0 no, 1 yes)? 
 Using suppressed amplitude.
Exact helicity sum (0 yes, n = number/event)? 
 Explicitly summing over helicities
Enter Configuration Number: 
Running Configuration Number:    8
 Not subdividing B.W.
 Attempting mappinvarients           1           7
 Determine nb_t
 T-channel found:            1
 Completed mapping           7
 about to integrate           13        1000           5           3          13           1
 Using non-zero grid deformation.
 13 dimensions   1000 events 13 invarients  5 iterations  1 config(s),  (0.99)
 Using h-tuple random number sequence.
 Error opening grid
 Using Uniform Grid!          28
 Using uniform alpha   1.0000000000000000     
 Grid defined OK
 Masses: 0.000E+00 0.000E+00 0.000E+00 0.000E+00 0.000E+00 0.000E+00 0.000E+00
 Set CM energy to      13000.00
 Mapping Graph           8  to config           8
 Determine nb_t
 T-channel found:            1
 Setting BW          -1           1   91.188000000000002     
Setting grid   2    0.75740E-07   1
Setting grid   3    0.75740E-07   1
Setting grid   4    0.13314E-05   1
 Transforming s_hat 1/s           12   3.3642919012365896E-005   2425.0000000000000        168999999.99999997     
Using random seed offsets     8 :      2
  with seed                   24
 Ranmar initialization seeds       31066        9399
  Particle       3       4       5       6       7
      Et >    10.0    10.0    15.0    15.0    15.0
       E >     0.0     0.0     0.0     0.0     0.0
     Eta <     2.5     2.5     5.0     5.0     5.0
   xqcut:      0.0     0.0    15.0    15.0    15.0
d R # 3  >    -0.0     0.4     0.0     0.0     0.0
d R # 4  >    -0.0    -0.0     0.0     0.0     0.0
d R # 5  >    -0.0    -0.0    -0.0     0.0     0.0
d R # 6  >    -0.0    -0.0    -0.0    -0.0     0.0
s min # 3>     0.0     0.0     0.0     0.0     0.0
s min # 4>     0.0     0.0     0.0     0.0     0.0
s min # 5>     0.0     0.0     0.0   225.0   225.0
s min # 6>     0.0     0.0     0.0     0.0   225.0
xqcutij # 3>     0.0     0.0     0.0     0.0     0.0
xqcutij # 4>     0.0     0.0     0.0     0.0     0.0
xqcutij # 5>     0.0     0.0     0.0    15.0    15.0
xqcutij # 6>     0.0     0.0    15.0     0.0    15.0
 No cut BW           -1           1
 
 ********************************************
 * You are using the DiscreteSampler module *
 *      part of the MG5_aMC framework       *
 *         Author: Valentin Hirschi         *
 ********************************************
 
 RESET CUMULATIVE VARIABLE
 Iteration  1   Mean: 0.1539E+01 Abs mean: 0.1539E+01   Fluctuation:  0.165E+00   0.777E+02     2.3%
  1    0.1539E+01 0.1539E+01 +- 0.1653E+00      3.40
 Writing out events   1.3672773655079785E-002   3.3964607158492841     
 Relative summed weights:
  0.7015E-01  0.6790E-01  0.9399E-01  0.8270E-01  0.3691E-01  0.3776E-01  0.3269E-01  0.7376E-01
  0.7152E-01  0.1123E+00  0.1408E+00  0.7421E-01  0.3909E-01  0.1599E-01  0.1936E-01  0.3085E-01
 Relative number of events:
  0.7670E-01  0.8054E-01  0.6903E-01  0.8054E-01  0.3835E-01  0.4602E-01  0.6136E-01  0.5657E-01
  0.7383E-01  0.8725E-01  0.7478E-01  0.8054E-01  0.3452E-01  0.3835E-01  0.4602E-01  0.5561E-01
 Events:
          80          84          72          84          40          48          64          59
          77          91          78          84          36          40          48          58
 Iteration  2   Mean: 0.1384E+01 Abs mean: 0.1384E+01   Fluctuation:  0.780E-01   0.541E+02    14.9%
  2    0.1384E+01 0.1384E+01 +- 0.7801E-01      2.52
 Relative summed weights:
  0.1418E+00  0.9359E-01  0.8438E-01  0.7175E-01  0.2469E-01  0.1505E-01  0.4216E-01  0.4719E-01
  0.8757E-01  0.7169E-01  0.9950E-01  0.8386E-01  0.2784E-01  0.2027E-01  0.4688E-01  0.4182E-01
 Relative number of events:
  0.8995E-01  0.8321E-01  0.7504E-01  0.7888E-01  0.3848E-01  0.3415E-01  0.5532E-01  0.4714E-01
  0.8562E-01  0.7648E-01  0.7840E-01  0.7600E-01  0.4473E-01  0.3271E-01  0.5291E-01  0.5099E-01
 Events:
         187         173         156         164          80          71         115          98
         178         159         163         158          93          68         110         106
 Iteration  3   Mean: 0.1419E+01 Abs mean: 0.1419E+01   Fluctuation:  0.509E-01   0.613E+02    22.4%
  3    0.1419E+01 0.1419E+01 +- 0.5092E-01      2.27
 Relative summed weights:
  0.9745E-01  0.7811E-01  0.8668E-01  0.9506E-01  0.2722E-01  0.3758E-01  0.4025E-01  0.4655E-01
  0.8154E-01  0.8580E-01  0.9769E-01  0.8893E-01  0.2716E-01  0.2887E-01  0.4489E-01  0.3622E-01
 Relative number of events:
  0.8434E-01  0.8313E-01  0.7467E-01  0.7878E-01  0.3480E-01  0.3794E-01  0.5582E-01  0.5244E-01
  0.8966E-01  0.8434E-01  0.8313E-01  0.8047E-01  0.2755E-01  0.3214E-01  0.5510E-01  0.4567E-01
 Events:
         349         344         309         326         144         157         231         217
         371         349         344         333         114         133         228         189
 Accuracy:    0.019   0.100   0.029   0.408
 Finished due to accuracy    1.8604971848867988E-002  0.10000000000000001     

 -------------------------------------------------------------------------------
 Accumulated results:   Integral =  0.1418E+01
                        Std dev  =  0.4133E-01
                       Cross sec =  0.1418E+01
             Chi**2 per DoF.     =      0.4078
 -------------------------------------------------------------------------------
 Found          851  events.
 Wrote          178  events.
 Actual xsec    1.4184876790563439     
 Correct abs xsec    1.4184876790563439     
 Event xsec    1.4184876790563432     
 Events wgts > 1:            7
 % Cross section > 1:    1.3178619288539568E-002  0.92906124481156693     
-------------------------------------------------
---------------------------
 Results Last   3 iters: Integral =   0.1418E+01
                     Abs integral =   0.1418E+01
                          Std dev =   0.4133E-01
                  Chi**2 per DoF. =      0.3656
-------------------------------------------------
---------------------------
 Status  0.10000000000000001                4           5

ls status:
events.lhe
ftn26
input_app.txt
results.dat
run1_app.log
