 Process in group number            1
 A PDF is used, so alpha_s(MZ) is going to be modified
 Old value of alpha_s from param_card:   0.13000000000000003     
  ****************************************
 
       NNPDFDriver version 1.0.3
   Grid: NNPDF23_lo_as_0130_qed_mem0.grid
  ****************************************
 New value of alpha_s from PDF nn23lo1:  0.13000000000000000     
 Warning! ptj set to xqcut=   15.000000000000000       to improve integration efficiency
 Note that this might affect non-radiated jets,
 e.g. from decays. Use cut_decays=F in run_card.
 Warning! mmjj set to xqcut=   15.000000000000000       to improve integration efficiency
 Note that this might affect non-radiated jets,
 e.g. from decays. Use cut_decays=F in run_card.
 Define smin to   2425.0000000000000     
 Define smin to   2425.0000000000000     
 Define smin to   2425.0000000000000     
 Define smin to   2425.0000000000000     
 Define smin to   2425.0000000000000     
 Define smin to   2425.0000000000000     
 Define smin to   2425.0000000000000     
 Define smin to   2425.0000000000000     
 Define smin to   2425.0000000000000     
 Define smin to   2425.0000000000000     
 Define smin to   2425.0000000000000     
 Define smin to   2425.0000000000000     
 Define smin to   2425.0000000000000     
 Define smin to   2425.0000000000000     
 Define smin to   2425.0000000000000     
 Define smin to   2425.0000000000000     
 Define smin to   2425.0000000000000     
 Define smin to   2425.0000000000000     
 Define smin to   2425.0000000000000     
 Define smin to   2425.0000000000000     
 *****************************************************
 *               MadGraph/MadEvent                   *
 *        --------------------------------           *
 *          http://madgraph.hep.uiuc.edu             *
 *          http://madgraph.phys.ucl.ac.be           *
 *          http://madgraph.roma2.infn.it            *
 *        --------------------------------           *
 *                                                   *
 *          PARAMETER AND COUPLING VALUES            *
 *                                                   *
 *****************************************************

  External Params
  ---------------------------------
  
 mdl_MB =    4.7000000000000002     
 mdl_MT =    173.00000000000000     
 mdl_MTA =    1.7769999999999999     
 mdl_MZ =    91.188000000000002     
 mdl_MH =    125.00000000000000     
 aEWM1 =    132.50700000000001     
 mdl_Gf =    1.1663900000000000E-005
 aS =   0.13000000000000003     
 mdl_ymb =    4.7000000000000002     
 mdl_ymt =    173.00000000000000     
 mdl_ymtau =    1.7769999999999999     
 mdl_WT =    1.4915000000000000     
 mdl_WZ =    2.4414039999999999     
 mdl_WW =    2.0476000000000001     
 mdl_WH =    6.3823389999999999E-003
  Internal Params
  ---------------------------------
  
 mdl_conjg__CKM3x3 =    1.0000000000000000     
 mdl_conjg__CKM1x1 =    1.0000000000000000     
 mdl_CKM3x3 =    1.0000000000000000     
 mdl_complexi =                (0.0000000000000000,1.0000000000000000)
 mdl_MZ__exp__2 =    8315.2513440000002     
 mdl_MZ__exp__4 =    69143404.913893804     
 mdl_sqrt__2 =    1.4142135623730951     
 mdl_MH__exp__2 =    15625.000000000000     
 mdl_aEW =    7.5467711139788835E-003
 mdl_MW =    80.419002445756163     
 mdl_sqrt__aEW =    8.6872153846781555E-002
 mdl_ee =   0.30795376724436879     
 mdl_MW__exp__2 =    6467.2159543705357     
 mdl_sw2 =   0.22224648578577766     
 mdl_cw =   0.88190334743339216     
 mdl_sqrt__sw2 =   0.47143025548407230     
 mdl_sw =   0.47143025548407230     
 mdl_g1 =   0.34919219678733299     
 mdl_gw =   0.65323293034757990     
 mdl_vev =    246.21845810181637     
 mdl_vev__exp__2 =    60623.529110035903     
 mdl_lam =   0.12886910601690263     
 mdl_yb =    2.6995554250465490E-002
 mdl_yt =   0.99366614581500623     
 mdl_ytau =    1.0206617000654717E-002
 mdl_muH =    88.388347648318430     
 mdl_I1x33 =          (2.69955542504654901E-002,0.0000000000000000)
 mdl_I2x33 =               (0.99366614581500623,0.0000000000000000)
 mdl_I3x33 =               (0.99366614581500623,0.0000000000000000)
 mdl_I4x33 =          (2.69955542504654901E-002,0.0000000000000000)
 mdl_ee__exp__2 =    9.4835522759998875E-002
 mdl_sw__exp__2 =   0.22224648578577769     
 mdl_cw__exp__2 =   0.77775351421422245     
  Internal Params evaluated point by point
  ----------------------------------------
  
 mdl_sqrt__aS =   0.36055512754639896     
 mdl_G__exp__2 =    1.6336281798666927     
  Couplings of sm
  ---------------------------------
  
        GC_10 =  -0.12781E+01   0.00000E+00
        GC_11 =   0.00000E+00   0.12781E+01
        GC_12 =   0.00000E+00   0.16336E+01
         GC_1 =  -0.00000E+00  -0.10265E+00
         GC_2 =   0.00000E+00   0.20530E+00
         GC_3 =  -0.00000E+00  -0.30795E+00
        GC_50 =  -0.00000E+00  -0.28804E+00
        GC_58 =  -0.00000E+00  -0.27437E-01
        GC_59 =   0.00000E+00   0.82310E-01

 Collider parameters:
 --------------------

 Running at P P   machine @    13000.000000000000       GeV
 PDF set = nn23lo1
 alpha_s(Mz)= 0.1300 running at 2 loops.
 alpha_s(Mz)= 0.1300 running at 2 loops.
 Renormalization scale set on event-by-event basis
 Factorization   scale set on event-by-event basis


 getting user params
Enter number of events and max and min iterations: 
 Number of events and iterations         1000           5           3
Enter desired fractional accuracy: 
 Desired fractional accuracy:   0.10000000000000001     
Enter 0 for fixed, 2 for adjustable grid: 
Suppress amplitude (0 no, 1 yes)? 
 Using suppressed amplitude.
Exact helicity sum (0 yes, n = number/event)? 
 Explicitly summing over helicities
Enter Configuration Number: 
Running Configuration Number:    2
 Not subdividing B.W.
 Attempting mappinvarients           1           7
 Determine nb_t
 T-channel found:            3
 Completed mapping           7
 about to integrate           13        1000           7           3          13           1
 Using non-zero grid deformation.
 13 dimensions   1000 events 13 invarients  7 iterations  1 config(s),  (0.99)
 Using h-tuple random number sequence.
 Error opening grid
 Using Uniform Grid!          28
 Using uniform alpha   1.0000000000000000     
 Grid defined OK
 Masses: 0.000E+00 0.000E+00 0.000E+00 0.000E+00 0.000E+00 0.000E+00 0.000E+00
 Set CM energy to      13000.00
 Mapping Graph           2  to config           2
 Determine nb_t
 T-channel found:            3
Setting grid   1    0.75740E-07   1
Setting grid   2    0.13314E-05   1
Setting grid   3    0.13314E-05   1
Setting grid   4    0.13314E-05   1
 Transforming s_hat 1/s           12   2.5000000000000005E-005   2425.0000000000000        168999999.99999997     
Using random seed offsets     2 :      5
  with seed                   24
 Ranmar initialization seeds       31060        9402
  Particle       3       4       5       6       7
      Et >    10.0    10.0    15.0    15.0    15.0
       E >     0.0     0.0     0.0     0.0     0.0
     Eta <     2.5     2.5     5.0     5.0     5.0
   xqcut:      0.0     0.0    15.0    15.0    15.0
d R # 3  >    -0.0     0.4     0.0     0.0     0.0
d R # 4  >    -0.0    -0.0     0.0     0.0     0.0
d R # 5  >    -0.0    -0.0    -0.0     0.0     0.0
d R # 6  >    -0.0    -0.0    -0.0    -0.0     0.0
s min # 3>     0.0     0.0     0.0     0.0     0.0
s min # 4>     0.0     0.0     0.0     0.0     0.0
s min # 5>     0.0     0.0     0.0   225.0   225.0
s min # 6>     0.0     0.0     0.0     0.0   225.0
xqcutij # 3>     0.0     0.0     0.0     0.0     0.0
xqcutij # 4>     0.0     0.0     0.0     0.0     0.0
xqcutij # 5>     0.0     0.0     0.0    15.0    15.0
xqcutij # 6>     0.0     0.0    15.0     0.0    15.0
 
 ********************************************
 * You are using the DiscreteSampler module *
 *      part of the MG5_aMC framework       *
 *         Author: Valentin Hirschi         *
 ********************************************
 
 RESET CUMULATIVE VARIABLE
 Iteration  1   Mean: 0.7164E+00 Abs mean: 0.7164E+00   Fluctuation:  0.395E+00   0.388E+03     1.3%
  1    0.7164E+00 0.7164E+00 +- 0.3954E+00     17.45
 Writing out events   8.0064129705918266E-003   17.451479931153468     
 Relative summed weights:
  0.2035E-01  0.0000E+00  0.4348E-01  0.3536E-01  0.4311E-02  0.0000E+00  0.1790E-02  0.6805E-02  0.6612E-04  0.0000E+00  0.1750E-03  0.0000E+00  0.5058E-01  0.5036E-02  0.9609E-02  0.1786E-01  0.0000E+00  0.0000E+00  0.0000E+00  0.0000E+00  0.1655E-01  0.2523E-01  0.5510E+00  0.8285E-02  0.8566E-04  0.3985E-02  0.3415E-01  0.1607E-01  0.0000E+00  0.0000E+00  0.0000E+00  0.0000E+00  0.4109E-02  0.7316E-03  0.6357E-05  0.3794E-02  0.1433E-02  0.1416E-01  0.2793E-03  0.1547E-08
  0.1223E+00  0.0000E+00  0.0000E+00  0.0000E+00  0.5844E-03  0.0000E+00  0.0000E+00  0.0000E+00  0.1615E-02  0.0000E+00  0.1708E-03  0.0000E+00  0.0000E+00  0.0000E+00  0.0000E+00  0.0000E+00  0.0000E+00  0.0000E+00  0.0000E+00  0.0000E+00  0.0000E+00  0.0000E+00  0.0000E+00  0.0000E+00  0.0000E+00  0.0000E+00  0.0000E+00  0.0000E+00  0.0000E+00  0.0000E+00  0.0000E+00  0.0000E+00  0.0000E+00  0.0000E+00  0.0000E+00  0.0000E+00  0.0000E+00  0.0000E+00  0.0000E+00  0.0000E+00
 Relative number of events:
  0.1240E+00  0.0000E+00  0.6746E-01  0.9028E-01  0.1587E-01  0.0000E+00  0.1190E-01  0.9921E-02  0.8929E-02  0.0000E+00  0.5952E-02  0.0000E+00  0.2381E-01  0.2282E-01  0.4861E-01  0.4167E-01  0.0000E+00  0.0000E+00  0.0000E+00  0.0000E+00  0.4464E-01  0.4861E-01  0.2579E-01  0.2083E-01  0.5952E-02  0.1091E-01  0.7639E-01  0.7044E-01  0.0000E+00  0.0000E+00  0.0000E+00  0.0000E+00  0.1389E-01  0.1488E-01  0.2976E-02  0.1488E-01  0.8929E-02  0.1587E-01  0.1984E-02  0.9921E-03
  0.1260E+00  0.0000E+00  0.0000E+00  0.0000E+00  0.7937E-02  0.0000E+00  0.0000E+00  0.0000E+00  0.1389E-01  0.0000E+00  0.2976E-02  0.0000E+00  0.0000E+00  0.0000E+00  0.0000E+00  0.0000E+00  0.0000E+00  0.0000E+00  0.0000E+00  0.0000E+00  0.0000E+00  0.0000E+00  0.0000E+00  0.0000E+00  0.0000E+00  0.0000E+00  0.0000E+00  0.0000E+00  0.0000E+00  0.0000E+00  0.0000E+00  0.0000E+00  0.0000E+00  0.0000E+00  0.0000E+00  0.0000E+00  0.0000E+00  0.0000E+00  0.0000E+00  0.0000E+00
 Events:
         125           0          68          91          16           0          12          10           9           0           6           0          24          23          49          42           0           0           0           0          45          49          26          21           6          11          77          71           0           0           0           0          14          15           3          15           9          16           2           1
         127           0           0           0           8           0           0           0          14           0           3           0           0           0           0           0           0           0           0           0           0           0           0           0           0           0           0           0           0           0           0           0           0           0           0           0           0           0           0           0
 Iteration  2   Mean: 0.3186E+00 Abs mean: 0.3186E+00   Fluctuation:  0.460E-01   0.464E+02     4.9%
  2    0.3186E+00 0.3186E+00 +- 0.4602E-01      6.46
 Relative summed weights:
  0.5089E-01  0.0000E+00  0.7028E-01  0.1427E+00  0.3655E-01  0.0000E+00  0.1827E-02  0.2139E-01  0.5659E-02  0.0000E+00  0.7614E-03  0.0000E+00  0.1821E-01  0.4058E-01  0.5409E-01  0.5760E-01  0.0000E+00  0.0000E+00  0.0000E+00  0.0000E+00  0.1217E+00  0.3737E-01  0.1693E-01  0.2840E-01  0.1742E-02  0.4770E-05  0.6534E-01  0.1054E+00  0.0000E+00  0.0000E+00  0.0000E+00  0.0000E+00  0.2706E-02  0.1253E-01  0.2198E-01  0.6462E-02  0.2118E-02  0.4442E-03  0.3324E-02  0.2878E-04
  0.6115E-01  0.0000E+00  0.0000E+00  0.0000E+00  0.4122E-02  0.0000E+00  0.0000E+00  0.0000E+00  0.4759E-02  0.0000E+00  0.2944E-02  0.0000E+00  0.0000E+00  0.0000E+00  0.0000E+00  0.0000E+00  0.0000E+00  0.0000E+00  0.0000E+00  0.0000E+00  0.0000E+00  0.0000E+00  0.0000E+00  0.0000E+00  0.0000E+00  0.0000E+00  0.0000E+00  0.0000E+00  0.0000E+00  0.0000E+00  0.0000E+00  0.0000E+00  0.0000E+00  0.0000E+00  0.0000E+00  0.0000E+00  0.0000E+00  0.0000E+00  0.0000E+00  0.0000E+00
 Relative number of events:
  0.1219E+00  0.0000E+00  0.8591E-01  0.9041E-01  0.1149E-01  0.0000E+00  0.1099E-01  0.1748E-01  0.1598E-01  0.0000E+00  0.3497E-02  0.0000E+00  0.2398E-01  0.3247E-01  0.4346E-01  0.5245E-01  0.0000E+00  0.0000E+00  0.0000E+00  0.0000E+00  0.4296E-01  0.5345E-01  0.1898E-01  0.2348E-01  0.6993E-02  0.1499E-02  0.7443E-01  0.6793E-01  0.0000E+00  0.0000E+00  0.0000E+00  0.0000E+00  0.1049E-01  0.1548E-01  0.5994E-02  0.3497E-02  0.8991E-02  0.5994E-02  0.2997E-02  0.2498E-02
  0.1084E+00  0.0000E+00  0.0000E+00  0.0000E+00  0.1499E-01  0.0000E+00  0.0000E+00  0.0000E+00  0.1598E-01  0.0000E+00  0.4995E-02  0.0000E+00  0.0000E+00  0.0000E+00  0.0000E+00  0.0000E+00  0.0000E+00  0.0000E+00  0.0000E+00  0.0000E+00  0.0000E+00  0.0000E+00  0.0000E+00  0.0000E+00  0.0000E+00  0.0000E+00  0.0000E+00  0.0000E+00  0.0000E+00  0.0000E+00  0.0000E+00  0.0000E+00  0.0000E+00  0.0000E+00  0.0000E+00  0.0000E+00  0.0000E+00  0.0000E+00  0.0000E+00  0.0000E+00
 Events:
         244           0         172         181          23           0          22          35          32           0           7           0          48          65          87         105           0           0           0           0          86         107          38          47          14           3         149         136           0           0           0           0          21          31          12           7          18          12           6           5
         217           0           0           0          30           0           0           0          32           0          10           0           0           0           0           0           0           0           0           0           0           0           0           0           0           0           0           0           0           0           0           0           0           0           0           0           0           0           0           0
 Iteration  3   Mean: 0.8136E+00 Abs mean: 0.8136E+00   Fluctuation:  0.518E+00   0.207E+04     6.5%
  3    0.8136E+00 0.8136E+00 +- 0.5176E+00     40.24
 Relative summed weights:
  0.2913E-01  0.0000E+00  0.4168E-01  0.5394E-01  0.2687E-02  0.0000E+00  0.5168E-02  0.5916E-02  0.2366E-02  0.0000E+00  0.1164E-03  0.0000E+00  0.6836E-02  0.1320E-01  0.6543E+00  0.8654E-02  0.0000E+00  0.0000E+00  0.0000E+00  0.0000E+00  0.2035E-01  0.1428E-01  0.1106E-01  0.9600E-02  0.2716E-03  0.1735E-02  0.2484E-01  0.5146E-01  0.0000E+00  0.0000E+00  0.0000E+00  0.0000E+00  0.1443E-02  0.1917E-02  0.3262E-02  0.5135E-03  0.6519E-02  0.1300E-02  0.9822E-03  0.4609E-03
  0.2345E-01  0.0000E+00  0.0000E+00  0.0000E+00  0.1128E-02  0.0000E+00  0.0000E+00  0.0000E+00  0.1277E-02  0.0000E+00  0.2093E-03  0.0000E+00  0.0000E+00  0.0000E+00  0.0000E+00  0.0000E+00  0.0000E+00  0.0000E+00  0.0000E+00  0.0000E+00  0.0000E+00  0.0000E+00  0.0000E+00  0.0000E+00  0.0000E+00  0.0000E+00  0.0000E+00  0.0000E+00  0.0000E+00  0.0000E+00  0.0000E+00  0.0000E+00  0.0000E+00  0.0000E+00  0.0000E+00  0.0000E+00  0.0000E+00  0.0000E+00  0.0000E+00  0.0000E+00
 Relative number of events:
  0.1112E+00  0.0000E+00  0.8219E-01  0.9043E-01  0.1424E-01  0.0000E+00  0.1599E-01  0.1474E-01  0.1324E-01  0.0000E+00  0.4497E-02  0.0000E+00  0.2848E-01  0.3747E-01  0.4197E-01  0.4347E-01  0.0000E+00  0.0000E+00  0.0000E+00  0.0000E+00  0.4796E-01  0.4721E-01  0.1924E-01  0.2323E-01  0.3497E-02  0.5246E-02  0.7994E-01  0.7320E-01  0.0000E+00  0.0000E+00  0.0000E+00  0.0000E+00  0.1024E-01  0.9243E-02  0.4497E-02  0.4247E-02  0.8494E-02  0.7744E-02  0.3747E-02  0.1999E-02
  0.1182E+00  0.0000E+00  0.0000E+00  0.0000E+00  0.1649E-01  0.0000E+00  0.0000E+00  0.0000E+00  0.1274E-01  0.0000E+00  0.4996E-02  0.0000E+00  0.0000E+00  0.0000E+00  0.0000E+00  0.0000E+00  0.0000E+00  0.0000E+00  0.0000E+00  0.0000E+00  0.0000E+00  0.0000E+00  0.0000E+00  0.0000E+00  0.0000E+00  0.0000E+00  0.0000E+00  0.0000E+00  0.0000E+00  0.0000E+00  0.0000E+00  0.0000E+00  0.0000E+00  0.0000E+00  0.0000E+00  0.0000E+00  0.0000E+00  0.0000E+00  0.0000E+00  0.0000E+00
 Events:
         445           0         329         362          57           0          64          59          53           0          18           0         114         150         168         174           0           0           0           0         192         189          77          93          14          21         320         293           0           0           0           0          41          37          18          17          34          31          15           8
         473           0           0           0          66           0           0           0          51           0          20           0           0           0           0           0           0           0           0           0           0           0           0           0           0           0           0           0           0           0           0           0           0           0           0           0           0           0           0           0
 Accuracy:    0.265   0.100   0.136   3.761
 Found          208  events.
 Wrote            2  events.
 Actual xsec   0.36569603729007411     
 Correct abs xsec   0.36569603729007411     
 Event xsec   0.36569603729007411     
 Events wgts > 1:            0
 % Cross section > 1:    0.0000000000000000        0.0000000000000000     
 Iteration  4   Mean: 0.3243E+00 Abs mean: 0.3243E+00   Fluctuation:  0.342E-01   0.224E+03     7.4%
  4    0.3243E+00 0.3243E+00 +- 0.3417E-01      9.42
 Relative summed weights:
  0.6315E-01  0.0000E+00  0.8640E-01  0.8954E-01  0.4917E-02  0.0000E+00  0.1002E-01  0.3167E-01  0.4566E-02  0.0000E+00  0.7923E-03  0.0000E+00  0.4190E-01  0.4249E-01  0.4137E-01  0.3525E-01  0.0000E+00  0.0000E+00  0.0000E+00  0.0000E+00  0.5124E-01  0.4483E-01  0.3251E-01  0.2388E-01  0.4076E-02  0.1051E-01  0.1546E+00  0.5928E-01  0.0000E+00  0.0000E+00  0.0000E+00  0.0000E+00  0.6381E-02  0.2044E-01  0.2810E-02  0.1842E-02  0.5945E-02  0.1853E-01  0.3116E-03  0.7115E-03
  0.7916E-01  0.0000E+00  0.0000E+00  0.0000E+00  0.1906E-01  0.0000E+00  0.0000E+00  0.0000E+00  0.1120E-01  0.0000E+00  0.5956E-03  0.0000E+00  0.0000E+00  0.0000E+00  0.0000E+00  0.0000E+00  0.0000E+00  0.0000E+00  0.0000E+00  0.0000E+00  0.0000E+00  0.0000E+00  0.0000E+00  0.0000E+00  0.0000E+00  0.0000E+00  0.0000E+00  0.0000E+00  0.0000E+00  0.0000E+00  0.0000E+00  0.0000E+00  0.0000E+00  0.0000E+00  0.0000E+00  0.0000E+00  0.0000E+00  0.0000E+00  0.0000E+00  0.0000E+00
 Relative number of events:
  0.1112E+00  0.0000E+00  0.8449E-01  0.8274E-01  0.1325E-01  0.0000E+00  0.1537E-01  0.1762E-01  0.1350E-01  0.0000E+00  0.3375E-02  0.0000E+00  0.2962E-01  0.3687E-01  0.4799E-01  0.4687E-01  0.0000E+00  0.0000E+00  0.0000E+00  0.0000E+00  0.5174E-01  0.4637E-01  0.2562E-01  0.2250E-01  0.4374E-02  0.4124E-02  0.8011E-01  0.7699E-01  0.0000E+00  0.0000E+00  0.0000E+00  0.0000E+00  0.8749E-02  0.1037E-01  0.6374E-02  0.4624E-02  0.9499E-02  0.8499E-02  0.2250E-02  0.3125E-02
  0.1012E+00  0.0000E+00  0.0000E+00  0.0000E+00  0.1450E-01  0.0000E+00  0.0000E+00  0.0000E+00  0.1212E-01  0.0000E+00  0.3875E-02  0.0000E+00  0.0000E+00  0.0000E+00  0.0000E+00  0.0000E+00  0.0000E+00  0.0000E+00  0.0000E+00  0.0000E+00  0.0000E+00  0.0000E+00  0.0000E+00  0.0000E+00  0.0000E+00  0.0000E+00  0.0000E+00  0.0000E+00  0.0000E+00  0.0000E+00  0.0000E+00  0.0000E+00  0.0000E+00  0.0000E+00  0.0000E+00  0.0000E+00  0.0000E+00  0.0000E+00  0.0000E+00  0.0000E+00
 Events:
         890           0         676         662         106           0         123         141         108           0          27           0         237         295         384         375           0           0           0           0         414         371         205         180          35          33         641         616           0           0           0           0          70          83          51          37          76          68          18          25
         810           0           0           0         116           0           0           0          97           0          31           0           0           0           0           0           0           0           0           0           0           0           0           0           0           0           0           0           0           0           0           0           0           0           0           0           0           0           0           0
 Accuracy:    0.146   0.100   0.083   3.070
 Found          286  events.
 Wrote           13  events.
 Actual xsec   0.33097841751771367     
 Correct abs xsec   0.33097841751771367     
 Event xsec   0.33097841751771362     
 Events wgts > 1:            0
 % Cross section > 1:    0.0000000000000000        0.0000000000000000     
 Iteration  5   Mean: 0.3343E+00 Abs mean: 0.3343E+00   Fluctuation:  0.195E-01   0.154E+03     7.5%
  5    0.3343E+00 0.3343E+00 +- 0.1952E-01      7.39
 Relative summed weights:
  0.8883E-01  0.0000E+00  0.8026E-01  0.8281E-01  0.5902E-02  0.0000E+00  0.1163E-01  0.1240E-01  0.4362E-02  0.0000E+00  0.1300E-02  0.0000E+00  0.3617E-01  0.5109E-01  0.4846E-01  0.4563E-01  0.0000E+00  0.0000E+00  0.0000E+00  0.0000E+00  0.5744E-01  0.9812E-01  0.3190E-01  0.2364E-01  0.8265E-02  0.3896E-02  0.7915E-01  0.9911E-01  0.0000E+00  0.0000E+00  0.0000E+00  0.0000E+00  0.4227E-02  0.1001E-01  0.6153E-02  0.1957E-02  0.1089E-01  0.9346E-02  0.6750E-03  0.2354E-02
  0.7215E-01  0.0000E+00  0.0000E+00  0.0000E+00  0.7038E-02  0.0000E+00  0.0000E+00  0.0000E+00  0.3785E-02  0.0000E+00  0.1048E-02  0.0000E+00  0.0000E+00  0.0000E+00  0.0000E+00  0.0000E+00  0.0000E+00  0.0000E+00  0.0000E+00  0.0000E+00  0.0000E+00  0.0000E+00  0.0000E+00  0.0000E+00  0.0000E+00  0.0000E+00  0.0000E+00  0.0000E+00  0.0000E+00  0.0000E+00  0.0000E+00  0.0000E+00  0.0000E+00  0.0000E+00  0.0000E+00  0.0000E+00  0.0000E+00  0.0000E+00  0.0000E+00  0.0000E+00
 Relative number of events:
  0.1136E+00  0.0000E+00  0.8290E-01  0.8683E-01  0.1481E-01  0.0000E+00  0.1612E-01  0.1456E-01  0.1124E-01  0.0000E+00  0.4060E-02  0.0000E+00  0.3292E-01  0.2986E-01  0.4442E-01  0.4479E-01  0.0000E+00  0.0000E+00  0.0000E+00  0.0000E+00  0.5310E-01  0.5210E-01  0.2318E-01  0.2186E-01  0.5935E-02  0.4560E-02  0.7727E-01  0.7790E-01  0.0000E+00  0.0000E+00  0.0000E+00  0.0000E+00  0.9745E-02  0.9808E-02  0.6559E-02  0.6059E-02  0.7059E-02  0.8621E-02  0.1937E-02  0.2124E-02
  0.1063E+00  0.0000E+00  0.0000E+00  0.0000E+00  0.1449E-01  0.0000E+00  0.0000E+00  0.0000E+00  0.1162E-01  0.0000E+00  0.3748E-02  0.0000E+00  0.0000E+00  0.0000E+00  0.0000E+00  0.0000E+00  0.0000E+00  0.0000E+00  0.0000E+00  0.0000E+00  0.0000E+00  0.0000E+00  0.0000E+00  0.0000E+00  0.0000E+00  0.0000E+00  0.0000E+00  0.0000E+00  0.0000E+00  0.0000E+00  0.0000E+00  0.0000E+00  0.0000E+00  0.0000E+00  0.0000E+00  0.0000E+00  0.0000E+00  0.0000E+00  0.0000E+00  0.0000E+00
 Events:
        1818           0        1327        1390         237           0         258         233         180           0          65           0         527         478         711         717           0           0           0           0         850         834         371         350          95          73        1237        1247           0           0           0           0         156         157         105          97         113         138          31          34
        1701           0           0           0         232           0           0           0         186           0          60           0           0           0           0           0           0           0           0           0           0           0           0           0           0           0           0           0           0           0           0           0           0           0           0           0           0           0           0           0
 Accuracy:    0.073   0.100   0.048   2.360
 Finished due to accuracy    7.3491989062594174E-002  0.10000000000000001     

 -------------------------------------------------------------------------------
 Accumulated results:   Integral =  0.3361E+00
                        Std dev  =  0.1608E-01
                       Cross sec =  0.3361E+00
             Chi**2 per DoF.     =      2.3604
 -------------------------------------------------------------------------------
 Found          376  events.
 Wrote           49  events.
 Actual xsec   0.33500943299655028     
 Correct abs xsec   0.33500943299655028     
 Event xsec   0.33500943299655034     
 Events wgts > 1:            3
 % Cross section > 1:    2.6322301831922940E-003  0.78571822878175446     
-------------------------------------------------
---------------------------
 Results Last   3 iters: Integral =   0.3350E+00
                     Abs integral =   0.3350E+00
                          Std dev =   0.1706E-01
                  Chi**2 per DoF. =      0.4770
-------------------------------------------------
---------------------------
 Status  0.10000000000000001                6           7

ls status:
events.lhe
ftn26
input_app.txt
results.dat
run1_app.log
