 Process in group number            1
 A PDF is used, so alpha_s(MZ) is going to be modified
 Old value of alpha_s from param_card:   0.13000000000000003     
  ****************************************
 
       NNPDFDriver version 1.0.3
   Grid: NNPDF23_lo_as_0130_qed_mem0.grid
  ****************************************
 New value of alpha_s from PDF nn23lo1:  0.13000000000000000     
 Warning! ptj set to xqcut=   15.000000000000000       to improve integration efficiency
 Note that this might affect non-radiated jets,
 e.g. from decays. Use cut_decays=F in run_card.
 Warning! mmjj set to xqcut=   15.000000000000000       to improve integration efficiency
 Note that this might affect non-radiated jets,
 e.g. from decays. Use cut_decays=F in run_card.
 Define smin to   2425.0000000000000     
 Define smin to   2425.0000000000000     
 Define smin to   2425.0000000000000     
 Define smin to   2425.0000000000000     
 *****************************************************
 *               MadGraph/MadEvent                   *
 *        --------------------------------           *
 *          http://madgraph.hep.uiuc.edu             *
 *          http://madgraph.phys.ucl.ac.be           *
 *          http://madgraph.roma2.infn.it            *
 *        --------------------------------           *
 *                                                   *
 *          PARAMETER AND COUPLING VALUES            *
 *                                                   *
 *****************************************************

  External Params
  ---------------------------------
  
 mdl_MB =    4.7000000000000002     
 mdl_MT =    173.00000000000000     
 mdl_MTA =    1.7769999999999999     
 mdl_MZ =    91.188000000000002     
 mdl_MH =    125.00000000000000     
 aEWM1 =    132.50700000000001     
 mdl_Gf =    1.1663900000000000E-005
 aS =   0.13000000000000003     
 mdl_ymb =    4.7000000000000002     
 mdl_ymt =    173.00000000000000     
 mdl_ymtau =    1.7769999999999999     
 mdl_WT =    1.4915000000000000     
 mdl_WZ =    2.4414039999999999     
 mdl_WW =    2.0476000000000001     
 mdl_WH =    6.3823389999999999E-003
  Internal Params
  ---------------------------------
  
 mdl_conjg__CKM3x3 =    1.0000000000000000     
 mdl_conjg__CKM1x1 =    1.0000000000000000     
 mdl_CKM3x3 =    1.0000000000000000     
 mdl_complexi =                (0.0000000000000000,1.0000000000000000)
 mdl_MZ__exp__2 =    8315.2513440000002     
 mdl_MZ__exp__4 =    69143404.913893804     
 mdl_sqrt__2 =    1.4142135623730951     
 mdl_MH__exp__2 =    15625.000000000000     
 mdl_aEW =    7.5467711139788835E-003
 mdl_MW =    80.419002445756163     
 mdl_sqrt__aEW =    8.6872153846781555E-002
 mdl_ee =   0.30795376724436879     
 mdl_MW__exp__2 =    6467.2159543705357     
 mdl_sw2 =   0.22224648578577766     
 mdl_cw =   0.88190334743339216     
 mdl_sqrt__sw2 =   0.47143025548407230     
 mdl_sw =   0.47143025548407230     
 mdl_g1 =   0.34919219678733299     
 mdl_gw =   0.65323293034757990     
 mdl_vev =    246.21845810181637     
 mdl_vev__exp__2 =    60623.529110035903     
 mdl_lam =   0.12886910601690263     
 mdl_yb =    2.6995554250465490E-002
 mdl_yt =   0.99366614581500623     
 mdl_ytau =    1.0206617000654717E-002
 mdl_muH =    88.388347648318430     
 mdl_I1x33 =          (2.69955542504654901E-002,0.0000000000000000)
 mdl_I2x33 =               (0.99366614581500623,0.0000000000000000)
 mdl_I3x33 =               (0.99366614581500623,0.0000000000000000)
 mdl_I4x33 =          (2.69955542504654901E-002,0.0000000000000000)
 mdl_ee__exp__2 =    9.4835522759998875E-002
 mdl_sw__exp__2 =   0.22224648578577769     
 mdl_cw__exp__2 =   0.77775351421422245     
  Internal Params evaluated point by point
  ----------------------------------------
  
 mdl_sqrt__aS =   0.36055512754639896     
 mdl_G__exp__2 =    1.6336281798666927     
  Couplings of sm
  ---------------------------------
  
        GC_10 =  -0.12781E+01   0.00000E+00
        GC_11 =   0.00000E+00   0.12781E+01
        GC_12 =   0.00000E+00   0.16336E+01
         GC_1 =  -0.00000E+00  -0.10265E+00
         GC_2 =   0.00000E+00   0.20530E+00
         GC_3 =  -0.00000E+00  -0.30795E+00
        GC_50 =  -0.00000E+00  -0.28804E+00
        GC_58 =  -0.00000E+00  -0.27437E-01
        GC_59 =   0.00000E+00   0.82310E-01

 Collider parameters:
 --------------------

 Running at P P   machine @    13000.000000000000       GeV
 PDF set = nn23lo1
 alpha_s(Mz)= 0.1300 running at 2 loops.
 alpha_s(Mz)= 0.1300 running at 2 loops.
 Renormalization scale set on event-by-event basis
 Factorization   scale set on event-by-event basis


 getting user params
Enter number of events and max and min iterations: 
 Number of events and iterations         1000           5           3
Enter desired fractional accuracy: 
 Desired fractional accuracy:   0.10000000000000001     
Enter 0 for fixed, 2 for adjustable grid: 
Suppress amplitude (0 no, 1 yes)? 
 Using suppressed amplitude.
Exact helicity sum (0 yes, n = number/event)? 
 Explicitly summing over helicities
Enter Configuration Number: 
Running Configuration Number:    1
 Not subdividing B.W.
 Attempting mappinvarients           1           7
 Determine nb_t
 T-channel found:            2
 Completed mapping           7
 about to integrate           13        1000           7           3          13           1
 Using non-zero grid deformation.
 13 dimensions   1000 events 13 invarients  7 iterations  1 config(s),  (0.99)
 Using h-tuple random number sequence.
 Error opening grid
 Using Uniform Grid!          28
 Using uniform alpha   1.0000000000000000     
 Grid defined OK
 Masses: 0.000E+00 0.000E+00 0.000E+00 0.000E+00 0.000E+00 0.000E+00 0.000E+00
 Set CM energy to      13000.00
 Mapping Graph           1  to config           1
 Determine nb_t
 T-channel found:            2
Setting grid   1    0.75740E-07   1
Setting grid   2    0.75740E-07   1
Setting grid   3    0.13314E-05   1
Setting grid   4    0.13314E-05   1
 Transforming s_hat 1/s           12   2.5000000000000005E-005   2425.0000000000000        168999999.99999997     
Using random seed offsets     1 :      2
  with seed                   24
 Ranmar initialization seeds       31059        9399
  Particle       3       4       5       6       7
      Et >    10.0    10.0    15.0    15.0    15.0
       E >     0.0     0.0     0.0     0.0     0.0
     Eta <     2.5     2.5     5.0     5.0     5.0
   xqcut:      0.0     0.0    15.0    15.0    15.0
d R # 3  >    -0.0     0.4     0.0     0.0     0.0
d R # 4  >    -0.0    -0.0     0.0     0.0     0.0
d R # 5  >    -0.0    -0.0    -0.0     0.0     0.0
d R # 6  >    -0.0    -0.0    -0.0    -0.0     0.0
s min # 3>     0.0     0.0     0.0     0.0     0.0
s min # 4>     0.0     0.0     0.0     0.0     0.0
s min # 5>     0.0     0.0     0.0   225.0   225.0
s min # 6>     0.0     0.0     0.0     0.0   225.0
xqcutij # 3>     0.0     0.0     0.0     0.0     0.0
xqcutij # 4>     0.0     0.0     0.0     0.0     0.0
xqcutij # 5>     0.0     0.0     0.0    15.0    15.0
xqcutij # 6>     0.0     0.0    15.0     0.0    15.0
 
 ********************************************
 * You are using the DiscreteSampler module *
 *      part of the MG5_aMC framework       *
 *         Author: Valentin Hirschi         *
 ********************************************
 
 RESET CUMULATIVE VARIABLE
 Iteration  1   Mean: 0.5405E+01 Abs mean: 0.5405E+01   Fluctuation:  0.221E+01   0.214E+04     0.9%
  1    0.5405E+01 0.5405E+01 +- 0.2212E+01     12.94
 Writing out events   8.3847760032838503E-002   12.940877111064495     
 Relative summed weights:
  0.1223E+00  0.4623E+00  0.3654E-02  0.1408E-01  0.5472E-01  0.3291E-01  0.7454E-02  0.1166E-01
  0.1117E+00  0.4702E-01  0.1814E-01  0.1094E-01  0.3637E-01  0.3805E-01  0.2686E-01  0.1794E-02
 Relative number of events:
  0.1288E+00  0.1496E+00  0.2936E-01  0.3125E-01  0.5682E-01  0.8049E-01  0.1894E-01  0.2462E-01
  0.1458E+00  0.1259E+00  0.2462E-01  0.1515E-01  0.7576E-01  0.6155E-01  0.1989E-01  0.1136E-01
 Events:
         136         158          31          33          60          85          20          26
         154         133          26          16          80          65          21          12
 Iteration  2   Mean: 0.3740E+01 Abs mean: 0.3740E+01   Fluctuation:  0.330E+00   0.310E+03     3.0%
  2    0.3740E+01 0.3740E+01 +- 0.3304E+00      3.95
 Relative summed weights:
  0.1870E+00  0.1387E+00  0.1458E-01  0.2185E-01  0.8774E-01  0.6972E-01  0.3166E-01  0.3134E-01
  0.1063E+00  0.1141E+00  0.1115E-01  0.2550E-01  0.1009E+00  0.3231E-01  0.2252E-01  0.4629E-02
 Relative number of events:
  0.1348E+00  0.1386E+00  0.2686E-01  0.3165E-01  0.7146E-01  0.6954E-01  0.1775E-01  0.2110E-01
  0.1400E+00  0.1400E+00  0.2014E-01  0.2686E-01  0.7146E-01  0.5851E-01  0.1391E-01  0.1727E-01
 Events:
         281         289          56          66         149         145          37          44
         292         292          42          56         149         122          29          36
 Iteration  3   Mean: 0.3585E+01 Abs mean: 0.3585E+01   Fluctuation:  0.318E+00   0.107E+04     3.9%
  3    0.3585E+01 0.3585E+01 +- 0.3180E+00      5.61
 Relative summed weights:
  0.1611E+00  0.1215E+00  0.2626E-01  0.2318E-01  0.5744E-01  0.5740E-01  0.1547E-01  0.1244E-01
  0.2049E+00  0.1205E+00  0.2553E-01  0.1888E-01  0.5711E-01  0.4954E-01  0.2435E-01  0.2443E-01
 Relative number of events:
  0.1420E+00  0.1317E+00  0.2663E-01  0.2591E-01  0.7028E-01  0.7172E-01  0.2303E-01  0.1895E-01
  0.1319E+00  0.1324E+00  0.2615E-01  0.2447E-01  0.6860E-01  0.6572E-01  0.2135E-01  0.1919E-01
 Events:
         592         549         111         108         293         299          96          79
         550         552         109         102         286         274          89          80
 Accuracy:    0.052   0.100   0.062   0.702
 Finished due to accuracy    5.1830380522000556E-002  0.10000000000000001     

 -------------------------------------------------------------------------------
 Accumulated results:   Integral =  0.3703E+01
                        Std dev  =  0.2291E+00
                       Cross sec =  0.3703E+01
             Chi**2 per DoF.     =      0.7017
 -------------------------------------------------------------------------------
 Found          299  events.
 Wrote           17  events.
 Actual xsec    3.7025062273729321     
 Correct abs xsec    3.7025062273729321     
 Event xsec    3.7025062273729303     
 Events wgts > 1:            1
 % Cross section > 1:    3.0561619901448012E-009   8.2543061441743070E-008
-------------------------------------------------
---------------------------
 Results Last   3 iters: Integral =   0.3703E+01
                     Abs integral =   0.3703E+01
                          Std dev =   0.2291E+00
                  Chi**2 per DoF. =      0.3708
-------------------------------------------------
---------------------------
 Status  0.10000000000000001                4           7

ls status:
events.lhe
ftn26
input_app.txt
results.dat
run1_app.log
