 Process in group number            1
 A PDF is used, so alpha_s(MZ) is going to be modified
 Old value of alpha_s from param_card:   0.13000000000000003     
  ****************************************
 
       NNPDFDriver version 1.0.3
   Grid: NNPDF23_lo_as_0130_qed_mem0.grid
  ****************************************
 New value of alpha_s from PDF nn23lo1:  0.13000000000000000     
 Warning! ptj set to xqcut=   15.000000000000000       to improve integration efficiency
 Note that this might affect non-radiated jets,
 e.g. from decays. Use cut_decays=F in run_card.
 Warning! mmjj set to xqcut=   15.000000000000000       to improve integration efficiency
 Note that this might affect non-radiated jets,
 e.g. from decays. Use cut_decays=F in run_card.
 Define smin to   2425.0000000000000     
 Define smin to   2425.0000000000000     
 Define smin to   2425.0000000000000     
 Define smin to   2425.0000000000000     
 Define smin to   2425.0000000000000     
 Define smin to   2425.0000000000000     
 Define smin to   2425.0000000000000     
 Define smin to   2425.0000000000000     
 Define smin to   2425.0000000000000     
 Define smin to   2425.0000000000000     
 Define smin to   2425.0000000000000     
 Define smin to   2425.0000000000000     
 Define smin to   2425.0000000000000     
 Define smin to   2425.0000000000000     
 Define smin to   2425.0000000000000     
 Define smin to   2425.0000000000000     
 Define smin to   2425.0000000000000     
 Define smin to   2425.0000000000000     
 Define smin to   2425.0000000000000     
 Define smin to   2425.0000000000000     
 *****************************************************
 *               MadGraph/MadEvent                   *
 *        --------------------------------           *
 *          http://madgraph.hep.uiuc.edu             *
 *          http://madgraph.phys.ucl.ac.be           *
 *          http://madgraph.roma2.infn.it            *
 *        --------------------------------           *
 *                                                   *
 *          PARAMETER AND COUPLING VALUES            *
 *                                                   *
 *****************************************************

  External Params
  ---------------------------------
  
 mdl_MB =    4.7000000000000002     
 mdl_MT =    173.00000000000000     
 mdl_MTA =    1.7769999999999999     
 mdl_MZ =    91.188000000000002     
 mdl_MH =    125.00000000000000     
 aEWM1 =    132.50700000000001     
 mdl_Gf =    1.1663900000000000E-005
 aS =   0.13000000000000003     
 mdl_ymb =    4.7000000000000002     
 mdl_ymt =    173.00000000000000     
 mdl_ymtau =    1.7769999999999999     
 mdl_WT =    1.4915000000000000     
 mdl_WZ =    2.4414039999999999     
 mdl_WW =    2.0476000000000001     
 mdl_WH =    6.3823389999999999E-003
  Internal Params
  ---------------------------------
  
 mdl_conjg__CKM3x3 =    1.0000000000000000     
 mdl_conjg__CKM1x1 =    1.0000000000000000     
 mdl_CKM3x3 =    1.0000000000000000     
 mdl_complexi =                (0.0000000000000000,1.0000000000000000)
 mdl_MZ__exp__2 =    8315.2513440000002     
 mdl_MZ__exp__4 =    69143404.913893804     
 mdl_sqrt__2 =    1.4142135623730951     
 mdl_MH__exp__2 =    15625.000000000000     
 mdl_aEW =    7.5467711139788835E-003
 mdl_MW =    80.419002445756163     
 mdl_sqrt__aEW =    8.6872153846781555E-002
 mdl_ee =   0.30795376724436879     
 mdl_MW__exp__2 =    6467.2159543705357     
 mdl_sw2 =   0.22224648578577766     
 mdl_cw =   0.88190334743339216     
 mdl_sqrt__sw2 =   0.47143025548407230     
 mdl_sw =   0.47143025548407230     
 mdl_g1 =   0.34919219678733299     
 mdl_gw =   0.65323293034757990     
 mdl_vev =    246.21845810181637     
 mdl_vev__exp__2 =    60623.529110035903     
 mdl_lam =   0.12886910601690263     
 mdl_yb =    2.6995554250465490E-002
 mdl_yt =   0.99366614581500623     
 mdl_ytau =    1.0206617000654717E-002
 mdl_muH =    88.388347648318430     
 mdl_I1x33 =          (2.69955542504654901E-002,0.0000000000000000)
 mdl_I2x33 =               (0.99366614581500623,0.0000000000000000)
 mdl_I3x33 =               (0.99366614581500623,0.0000000000000000)
 mdl_I4x33 =          (2.69955542504654901E-002,0.0000000000000000)
 mdl_ee__exp__2 =    9.4835522759998875E-002
 mdl_sw__exp__2 =   0.22224648578577769     
 mdl_cw__exp__2 =   0.77775351421422245     
  Internal Params evaluated point by point
  ----------------------------------------
  
 mdl_sqrt__aS =   0.36055512754639896     
 mdl_G__exp__2 =    1.6336281798666927     
  Couplings of sm
  ---------------------------------
  
        GC_10 =  -0.12781E+01   0.00000E+00
        GC_11 =   0.00000E+00   0.12781E+01
        GC_12 =   0.00000E+00   0.16336E+01
         GC_1 =  -0.00000E+00  -0.10265E+00
         GC_2 =   0.00000E+00   0.20530E+00
         GC_3 =  -0.00000E+00  -0.30795E+00
        GC_50 =  -0.00000E+00  -0.28804E+00
        GC_58 =  -0.00000E+00  -0.27437E-01
        GC_59 =   0.00000E+00   0.82310E-01

 Collider parameters:
 --------------------

 Running at P P   machine @    13000.000000000000       GeV
 PDF set = nn23lo1
 alpha_s(Mz)= 0.1300 running at 2 loops.
 alpha_s(Mz)= 0.1300 running at 2 loops.
 Renormalization scale set on event-by-event basis
 Factorization   scale set on event-by-event basis


 getting user params
Enter number of events and max and min iterations: 
 Number of events and iterations         1000           5           3
Enter desired fractional accuracy: 
 Desired fractional accuracy:   0.10000000000000001     
Enter 0 for fixed, 2 for adjustable grid: 
Suppress amplitude (0 no, 1 yes)? 
 Using suppressed amplitude.
Exact helicity sum (0 yes, n = number/event)? 
 Explicitly summing over helicities
Enter Configuration Number: 
Running Configuration Number:   58
 Not subdividing B.W.
 Attempting mappinvarients           1           7
 Determine nb_t
 T-channel found:            2
 Completed mapping           7
 about to integrate           13        1000           7           3          13           1
 Using non-zero grid deformation.
 13 dimensions   1000 events 13 invarients  7 iterations  1 config(s),  (0.99)
 Using h-tuple random number sequence.
 Error opening grid
 Using Uniform Grid!          28
 Using uniform alpha   1.0000000000000000     
 Grid defined OK
 Masses: 0.000E+00 0.000E+00 0.000E+00 0.000E+00 0.000E+00 0.000E+00 0.000E+00
 Set CM energy to      13000.00
 Mapping Graph          58  to config          58
 Determine nb_t
 T-channel found:            2
Setting grid   1    0.75740E-07   1
Setting grid   2    0.75740E-07   1
Setting grid   3    0.13314E-05   1
Setting grid   4    0.13314E-05   1
 Transforming s_hat 1/s           12   2.5000000000000005E-005   2425.0000000000000        168999999.99999997     
Using random seed offsets    58 :      5
  with seed                   24
 Ranmar initialization seeds       31116        9402
  Particle       3       4       5       6       7
      Et >    10.0    10.0    15.0    15.0    15.0
       E >     0.0     0.0     0.0     0.0     0.0
     Eta <     2.5     2.5     5.0     5.0     5.0
   xqcut:      0.0     0.0    15.0    15.0    15.0
d R # 3  >    -0.0     0.4     0.0     0.0     0.0
d R # 4  >    -0.0    -0.0     0.0     0.0     0.0
d R # 5  >    -0.0    -0.0    -0.0     0.0     0.0
d R # 6  >    -0.0    -0.0    -0.0    -0.0     0.0
s min # 3>     0.0     0.0     0.0     0.0     0.0
s min # 4>     0.0     0.0     0.0     0.0     0.0
s min # 5>     0.0     0.0     0.0   225.0   225.0
s min # 6>     0.0     0.0     0.0     0.0   225.0
xqcutij # 3>     0.0     0.0     0.0     0.0     0.0
xqcutij # 4>     0.0     0.0     0.0     0.0     0.0
xqcutij # 5>     0.0     0.0     0.0    15.0    15.0
xqcutij # 6>     0.0     0.0    15.0     0.0    15.0
 
 ********************************************
 * You are using the DiscreteSampler module *
 *      part of the MG5_aMC framework       *
 *         Author: Valentin Hirschi         *
 ********************************************
 
 RESET CUMULATIVE VARIABLE
 Iteration  1   Mean: 0.3003E+00 Abs mean: 0.3003E+00   Fluctuation:  0.677E-01   0.519E+02     1.0%
  1    0.3003E+00 0.3003E+00 +- 0.6769E-01      7.13
 Writing out events   4.4995004747932152E-003   7.1289463959628847     
 Relative summed weights:
  0.2007E+00  0.0000E+00  0.0000E+00  0.0000E+00  0.9070E-03  0.0000E+00  0.0000E+00  0.0000E+00  0.4713E-03  0.0000E+00  0.1592E-02  0.0000E+00  0.0000E+00  0.0000E+00  0.0000E+00  0.0000E+00  0.0000E+00  0.0000E+00  0.0000E+00  0.0000E+00  0.0000E+00  0.0000E+00  0.0000E+00  0.0000E+00  0.0000E+00  0.0000E+00  0.0000E+00  0.0000E+00  0.0000E+00  0.0000E+00  0.0000E+00  0.0000E+00  0.0000E+00  0.0000E+00  0.0000E+00  0.0000E+00  0.0000E+00  0.0000E+00  0.0000E+00  0.0000E+00
  0.2037E-01  0.0000E+00  0.1999E-01  0.2542E-01  0.1758E-02  0.0000E+00  0.3731E-02  0.2145E-02  0.9326E-04  0.0000E+00  0.1044E-03  0.0000E+00  0.3508E-01  0.3410E-02  0.1450E+00  0.1693E+00  0.0000E+00  0.0000E+00  0.0000E+00  0.0000E+00  0.2547E-01  0.1419E+00  0.3427E-01  0.4961E-01  0.4650E-05  0.2753E-04  0.3659E-01  0.4324E-02  0.0000E+00  0.0000E+00  0.0000E+00  0.0000E+00  0.7163E-02  0.1389E-02  0.1110E-02  0.1245E-01  0.3345E-01  0.1943E-01  0.1470E-03  0.2619E-02
 Relative number of events:
  0.3269E-01  0.0000E+00  0.0000E+00  0.0000E+00  0.5769E-02  0.0000E+00  0.0000E+00  0.0000E+00  0.3846E-02  0.0000E+00  0.1923E-02  0.0000E+00  0.0000E+00  0.0000E+00  0.0000E+00  0.0000E+00  0.0000E+00  0.0000E+00  0.0000E+00  0.0000E+00  0.0000E+00  0.0000E+00  0.0000E+00  0.0000E+00  0.0000E+00  0.0000E+00  0.0000E+00  0.0000E+00  0.0000E+00  0.0000E+00  0.0000E+00  0.0000E+00  0.0000E+00  0.0000E+00  0.0000E+00  0.0000E+00  0.0000E+00  0.0000E+00  0.0000E+00  0.0000E+00
  0.4519E-01  0.0000E+00  0.4904E-01  0.4519E-01  0.2885E-02  0.0000E+00  0.1250E-01  0.1058E-01  0.1923E-02  0.0000E+00  0.9615E-03  0.0000E+00  0.1058E-01  0.6731E-02  0.2183E+00  0.2269E+00  0.0000E+00  0.0000E+00  0.0000E+00  0.0000E+00  0.3846E-01  0.4519E-01  0.3750E-01  0.4519E-01  0.9615E-03  0.9615E-03  0.1058E-01  0.8654E-02  0.0000E+00  0.0000E+00  0.0000E+00  0.0000E+00  0.9615E-02  0.1346E-01  0.4808E-02  0.5769E-02  0.4519E-01  0.5673E-01  0.9615E-03  0.9615E-03
 Events:
          34           0           0           0           6           0           0           0           4           0           2           0           0           0           0           0           0           0           0           0           0           0           0           0           0           0           0           0           0           0           0           0           0           0           0           0           0           0           0           0
          47           0          51          47           3           0          13          11           2           0           1           0          11           7         227         236           0           0           0           0          40          47          39          47           1           1          11           9           0           0           0           0          10          14           5           6          47          59           1           1
 Iteration  2   Mean: 0.6592E+00 Abs mean: 0.6592E+00   Fluctuation:  0.383E+00   0.762E+03     3.3%
  2    0.6592E+00 0.6592E+00 +- 0.3828E+00     25.97
 Relative summed weights:
  0.6392E-01  0.0000E+00  0.0000E+00  0.0000E+00  0.1677E-03  0.0000E+00  0.0000E+00  0.0000E+00  0.2646E-02  0.0000E+00  0.2738E-03  0.0000E+00  0.0000E+00  0.0000E+00  0.0000E+00  0.0000E+00  0.0000E+00  0.0000E+00  0.0000E+00  0.0000E+00  0.0000E+00  0.0000E+00  0.0000E+00  0.0000E+00  0.0000E+00  0.0000E+00  0.0000E+00  0.0000E+00  0.0000E+00  0.0000E+00  0.0000E+00  0.0000E+00  0.0000E+00  0.0000E+00  0.0000E+00  0.0000E+00  0.0000E+00  0.0000E+00  0.0000E+00  0.0000E+00
  0.1630E-01  0.0000E+00  0.2208E-01  0.3342E-01  0.1664E-03  0.0000E+00  0.1684E-02  0.2233E-02  0.1975E-02  0.0000E+00  0.1902E-03  0.0000E+00  0.3175E-02  0.4804E-02  0.6442E+00  0.6554E-01  0.0000E+00  0.0000E+00  0.0000E+00  0.0000E+00  0.6812E-02  0.1197E-01  0.6846E-02  0.2395E-01  0.1270E-01  0.1806E-03  0.1209E-02  0.3136E-02  0.0000E+00  0.0000E+00  0.0000E+00  0.0000E+00  0.2469E-01  0.1781E-02  0.9014E-04  0.9616E-02  0.1137E-01  0.2276E-01  0.0000E+00  0.1448E-03
 Relative number of events:
  0.3650E-01  0.0000E+00  0.0000E+00  0.0000E+00  0.3406E-02  0.0000E+00  0.0000E+00  0.0000E+00  0.4380E-02  0.0000E+00  0.4866E-03  0.0000E+00  0.0000E+00  0.0000E+00  0.0000E+00  0.0000E+00  0.0000E+00  0.0000E+00  0.0000E+00  0.0000E+00  0.0000E+00  0.0000E+00  0.0000E+00  0.0000E+00  0.0000E+00  0.0000E+00  0.0000E+00  0.0000E+00  0.0000E+00  0.0000E+00  0.0000E+00  0.0000E+00  0.0000E+00  0.0000E+00  0.0000E+00  0.0000E+00  0.0000E+00  0.0000E+00  0.0000E+00  0.0000E+00
  0.3893E-01  0.0000E+00  0.6229E-01  0.4964E-01  0.2920E-02  0.0000E+00  0.1411E-01  0.1168E-01  0.4380E-02  0.0000E+00  0.1460E-02  0.0000E+00  0.6813E-02  0.5839E-02  0.1878E+00  0.2083E+00  0.0000E+00  0.0000E+00  0.0000E+00  0.0000E+00  0.5012E-01  0.4672E-01  0.3747E-01  0.4574E-01  0.3406E-02  0.2433E-02  0.5839E-02  0.8759E-02  0.0000E+00  0.0000E+00  0.0000E+00  0.0000E+00  0.1849E-01  0.1314E-01  0.2433E-02  0.3406E-02  0.5937E-01  0.6277E-01  0.0000E+00  0.9732E-03
 Events:
          75           0           0           0           7           0           0           0           9           0           1           0           0           0           0           0           0           0           0           0           0           0           0           0           0           0           0           0           0           0           0           0           0           0           0           0           0           0           0           0
          80           0         128         102           6           0          29          24           9           0           3           0          14          12         386         428           0           0           0           0         103          96          77          94           7           5          12          18           0           0           0           0          38          27           5           7         122         129           0           2
 Iteration  3   Mean: 0.4479E+00 Abs mean: 0.4479E+00   Fluctuation:  0.962E-01   0.320E+03     4.9%
  3    0.4479E+00 0.4479E+00 +- 0.9618E-01     13.58
 Relative summed weights:
  0.7762E-01  0.0000E+00  0.0000E+00  0.0000E+00  0.1035E-02  0.0000E+00  0.0000E+00  0.0000E+00  0.4887E-02  0.0000E+00  0.8466E-02  0.0000E+00  0.0000E+00  0.0000E+00  0.0000E+00  0.0000E+00  0.0000E+00  0.0000E+00  0.0000E+00  0.0000E+00  0.0000E+00  0.0000E+00  0.0000E+00  0.0000E+00  0.0000E+00  0.0000E+00  0.0000E+00  0.0000E+00  0.0000E+00  0.0000E+00  0.0000E+00  0.0000E+00  0.0000E+00  0.0000E+00  0.0000E+00  0.0000E+00  0.0000E+00  0.0000E+00  0.0000E+00  0.0000E+00
  0.6161E-01  0.0000E+00  0.2886E-01  0.4577E-01  0.3186E-02  0.0000E+00  0.3044E-02  0.2420E-02  0.2755E-03  0.0000E+00  0.4085E-05  0.0000E+00  0.6615E-02  0.1797E+00  0.9240E-01  0.2219E+00  0.0000E+00  0.0000E+00  0.0000E+00  0.0000E+00  0.1666E-01  0.2460E-01  0.1691E-01  0.8486E-01  0.1046E-02  0.1210E-02  0.1084E-01  0.1779E-01  0.0000E+00  0.0000E+00  0.0000E+00  0.0000E+00  0.1215E-01  0.1995E-02  0.1091E-02  0.2483E-02  0.2513E-01  0.4086E-01  0.1053E-04  0.4603E-02
 Relative number of events:
  0.4046E-01  0.0000E+00  0.0000E+00  0.0000E+00  0.4169E-02  0.0000E+00  0.0000E+00  0.0000E+00  0.2943E-02  0.0000E+00  0.1471E-02  0.0000E+00  0.0000E+00  0.0000E+00  0.0000E+00  0.0000E+00  0.0000E+00  0.0000E+00  0.0000E+00  0.0000E+00  0.0000E+00  0.0000E+00  0.0000E+00  0.0000E+00  0.0000E+00  0.0000E+00  0.0000E+00  0.0000E+00  0.0000E+00  0.0000E+00  0.0000E+00  0.0000E+00  0.0000E+00  0.0000E+00  0.0000E+00  0.0000E+00  0.0000E+00  0.0000E+00  0.0000E+00  0.0000E+00
  0.3948E-01  0.0000E+00  0.5861E-01  0.5076E-01  0.3433E-02  0.0000E+00  0.1422E-01  0.1520E-01  0.2207E-02  0.0000E+00  0.4904E-03  0.0000E+00  0.5640E-02  0.6130E-02  0.2197E+00  0.2109E+00  0.0000E+00  0.0000E+00  0.0000E+00  0.0000E+00  0.4782E-01  0.4218E-01  0.4022E-01  0.4635E-01  0.1471E-02  0.2452E-02  0.9318E-02  0.1030E-01  0.0000E+00  0.0000E+00  0.0000E+00  0.0000E+00  0.1030E-01  0.7602E-02  0.2943E-02  0.3188E-02  0.4365E-01  0.5444E-01  0.7357E-03  0.1226E-02
 Events:
         165           0           0           0          17           0           0           0          12           0           6           0           0           0           0           0           0           0           0           0           0           0           0           0           0           0           0           0           0           0           0           0           0           0           0           0           0           0           0           0
         161           0         239         207          14           0          58          62           9           0           2           0          23          25         896         860           0           0           0           0         195         172         164         189           6          10          38          42           0           0           0           0          42          31          12          13         178         222           3           5
 Accuracy:    0.179   0.100   0.150   1.412
 Found          207  events.
 Wrote            7  events.
 Actual xsec   0.39648209700383891     
 Correct abs xsec   0.39648209700383891     
 Event xsec   0.39648209700383885     
 Events wgts > 1:            0
 % Cross section > 1:    0.0000000000000000        0.0000000000000000     
 Iteration  4   Mean: 0.4242E+00 Abs mean: 0.4242E+00   Fluctuation:  0.105E+00   0.818E+03     6.0%
  4    0.4242E+00 0.4242E+00 +- 0.1047E+00     22.08
 Relative summed weights:
  0.2976E+00  0.0000E+00  0.0000E+00  0.0000E+00  0.3060E-02  0.0000E+00  0.0000E+00  0.0000E+00  0.3436E-02  0.0000E+00  0.5537E-02  0.0000E+00  0.0000E+00  0.0000E+00  0.0000E+00  0.0000E+00  0.0000E+00  0.0000E+00  0.0000E+00  0.0000E+00  0.0000E+00  0.0000E+00  0.0000E+00  0.0000E+00  0.0000E+00  0.0000E+00  0.0000E+00  0.0000E+00  0.0000E+00  0.0000E+00  0.0000E+00  0.0000E+00  0.0000E+00  0.0000E+00  0.0000E+00  0.0000E+00  0.0000E+00  0.0000E+00  0.0000E+00  0.0000E+00
  0.3930E-01  0.0000E+00  0.3483E-01  0.2814E-01  0.3133E-02  0.0000E+00  0.5534E-02  0.6408E-02  0.4033E-02  0.0000E+00  0.1005E-03  0.0000E+00  0.4108E-02  0.4099E-01  0.1393E+00  0.1538E+00  0.0000E+00  0.0000E+00  0.0000E+00  0.0000E+00  0.2250E-01  0.1780E-01  0.5770E-01  0.4616E-01  0.3113E-02  0.5310E-03  0.6498E-02  0.8291E-02  0.0000E+00  0.0000E+00  0.0000E+00  0.0000E+00  0.5954E-02  0.9093E-02  0.2643E-02  0.2849E-02  0.2031E-01  0.2411E-01  0.3192E-02  0.2718E-04
 Relative number of events:
  0.3959E-01  0.0000E+00  0.0000E+00  0.0000E+00  0.4167E-02  0.0000E+00  0.0000E+00  0.0000E+00  0.3922E-02  0.0000E+00  0.2206E-02  0.0000E+00  0.0000E+00  0.0000E+00  0.0000E+00  0.0000E+00  0.0000E+00  0.0000E+00  0.0000E+00  0.0000E+00  0.0000E+00  0.0000E+00  0.0000E+00  0.0000E+00  0.0000E+00  0.0000E+00  0.0000E+00  0.0000E+00  0.0000E+00  0.0000E+00  0.0000E+00  0.0000E+00  0.0000E+00  0.0000E+00  0.0000E+00  0.0000E+00  0.0000E+00  0.0000E+00  0.0000E+00  0.0000E+00
  0.3849E-01  0.0000E+00  0.5332E-01  0.5405E-01  0.4903E-02  0.0000E+00  0.1177E-01  0.1422E-01  0.5025E-02  0.0000E+00  0.1226E-02  0.0000E+00  0.7354E-02  0.6618E-02  0.2168E+00  0.2167E+00  0.0000E+00  0.0000E+00  0.0000E+00  0.0000E+00  0.4584E-01  0.4486E-01  0.3799E-01  0.4130E-01  0.1838E-02  0.1716E-02  0.7844E-02  0.9928E-02  0.0000E+00  0.0000E+00  0.0000E+00  0.0000E+00  0.1164E-01  0.1324E-01  0.2819E-02  0.3187E-02  0.4449E-01  0.5086E-01  0.1348E-02  0.7354E-03
 Events:
         323           0           0           0          34           0           0           0          32           0          18           0           0           0           0           0           0           0           0           0           0           0           0           0           0           0           0           0           0           0           0           0           0           0           0           0           0           0           0           0
         314           0         435         441          40           0          96         116          41           0          10           0          60          54        1769        1768           0           0           0           0         374         366         310         337          15          14          64          81           0           0           0           0          95         108          23          26         363         415          11           6
 Accuracy:    0.123   0.100   0.128   0.926
 Found          189  events.
 Wrote            2  events.
 Actual xsec   0.45366806371556739     
 Correct abs xsec   0.45366806371556739     
 Event xsec   0.45366806371556734     
 Events wgts > 1:            1
 % Cross section > 1:    2.6444278627968387E-008   5.8289927687191018E-006
 Iteration  5   Mean: 0.3318E+00 Abs mean: 0.3318E+00   Fluctuation:  0.167E-01   0.124E+03     5.6%
  5    0.3318E+00 0.3318E+00 +- 0.1666E-01      6.35
 Relative summed weights:
  0.9462E-01  0.0000E+00  0.0000E+00  0.0000E+00  0.8607E-02  0.0000E+00  0.0000E+00  0.0000E+00  0.7043E-02  0.0000E+00  0.2371E-02  0.0000E+00  0.0000E+00  0.0000E+00  0.0000E+00  0.0000E+00  0.0000E+00  0.0000E+00  0.0000E+00  0.0000E+00  0.0000E+00  0.0000E+00  0.0000E+00  0.0000E+00  0.0000E+00  0.0000E+00  0.0000E+00  0.0000E+00  0.0000E+00  0.0000E+00  0.0000E+00  0.0000E+00  0.0000E+00  0.0000E+00  0.0000E+00  0.0000E+00  0.0000E+00  0.0000E+00  0.0000E+00  0.0000E+00
  0.7902E-01  0.0000E+00  0.4105E-01  0.5161E-01  0.4774E-02  0.0000E+00  0.9657E-02  0.9706E-02  0.7243E-02  0.0000E+00  0.5179E-03  0.0000E+00  0.1474E-01  0.1393E-01  0.1828E+00  0.1633E+00  0.0000E+00  0.0000E+00  0.0000E+00  0.0000E+00  0.2933E-01  0.3540E-01  0.5855E-01  0.6518E-01  0.1705E-02  0.2619E-02  0.1364E-01  0.1580E-01  0.0000E+00  0.0000E+00  0.0000E+00  0.0000E+00  0.7014E-02  0.5753E-02  0.1108E-02  0.1334E-02  0.3135E-01  0.3859E-01  0.1286E-02  0.3847E-03
 Relative number of events:
  0.4141E-01  0.0000E+00  0.0000E+00  0.0000E+00  0.5660E-02  0.0000E+00  0.0000E+00  0.0000E+00  0.3753E-02  0.0000E+00  0.1046E-02  0.0000E+00  0.0000E+00  0.0000E+00  0.0000E+00  0.0000E+00  0.0000E+00  0.0000E+00  0.0000E+00  0.0000E+00  0.0000E+00  0.0000E+00  0.0000E+00  0.0000E+00  0.0000E+00  0.0000E+00  0.0000E+00  0.0000E+00  0.0000E+00  0.0000E+00  0.0000E+00  0.0000E+00  0.0000E+00  0.0000E+00  0.0000E+00  0.0000E+00  0.0000E+00  0.0000E+00  0.0000E+00  0.0000E+00
  0.4024E-01  0.0000E+00  0.5660E-01  0.5580E-01  0.4061E-02  0.0000E+00  0.1354E-01  0.1390E-01  0.3199E-02  0.0000E+00  0.9228E-03  0.0000E+00  0.6398E-02  0.7321E-02  0.2210E+00  0.2126E+00  0.0000E+00  0.0000E+00  0.0000E+00  0.0000E+00  0.4442E-01  0.4442E-01  0.4110E-01  0.4061E-01  0.1538E-02  0.1169E-02  0.7690E-02  0.6952E-02  0.0000E+00  0.0000E+00  0.0000E+00  0.0000E+00  0.1230E-01  0.1194E-01  0.2215E-02  0.2399E-02  0.4583E-01  0.4805E-01  0.1107E-02  0.7998E-03
 Events:
         673           0           0           0          92           0           0           0          61           0          17           0           0           0           0           0           0           0           0           0           0           0           0           0           0           0           0           0           0           0           0           0           0           0           0           0           0           0           0           0
         654           0         920         907          66           0         220         226          52           0          15           0         104         119        3592        3456           0           0           0           0         722         722         668         660          25          19         125         113           0           0           0           0         200         194          36          39         745         781          18          13
 Accuracy:    0.058   0.100   0.047   1.561
 Finished due to accuracy    5.8418078191040904E-002  0.10000000000000001     

 -------------------------------------------------------------------------------
 Accumulated results:   Integral =  0.3414E+00
                        Std dev  =  0.1596E-01
                       Cross sec =  0.3414E+00
             Chi**2 per DoF.     =      1.5613
 -------------------------------------------------------------------------------
 Found          609  events.
 Wrote           55  events.
 Actual xsec   0.34105342867830263     
 Correct abs xsec   0.34105342867830263     
 Event xsec   0.34105342867830224     
 Events wgts > 1:            1
 % Cross section > 1:    2.0441931396249259E-003  0.59937621725336931     
-------------------------------------------------
---------------------------
 Results Last   3 iters: Integral =   0.3411E+00
                     Abs integral =   0.3411E+00
                          Std dev =   0.1635E-01
                  Chi**2 per DoF. =      1.0868
-------------------------------------------------
---------------------------
 Status  0.10000000000000001                6           7

ls status:
events.lhe
ftn26
input_app.txt
results.dat
run1_app.log
