 Process in group number            1
 A PDF is used, so alpha_s(MZ) is going to be modified
 Old value of alpha_s from param_card:   0.13000000000000003     
  ****************************************
 
       NNPDFDriver version 1.0.3
   Grid: NNPDF23_lo_as_0130_qed_mem0.grid
  ****************************************
 New value of alpha_s from PDF nn23lo1:  0.13000000000000000     
 Warning! ptj set to xqcut=   15.000000000000000       to improve integration efficiency
 Note that this might affect non-radiated jets,
 e.g. from decays. Use cut_decays=F in run_card.
 Warning! mmjj set to xqcut=   15.000000000000000       to improve integration efficiency
 Note that this might affect non-radiated jets,
 e.g. from decays. Use cut_decays=F in run_card.
 Define smin to   2425.0000000000000     
 Define smin to   2425.0000000000000     
 *****************************************************
 *               MadGraph/MadEvent                   *
 *        --------------------------------           *
 *          http://madgraph.hep.uiuc.edu             *
 *          http://madgraph.phys.ucl.ac.be           *
 *          http://madgraph.roma2.infn.it            *
 *        --------------------------------           *
 *                                                   *
 *          PARAMETER AND COUPLING VALUES            *
 *                                                   *
 *****************************************************

  External Params
  ---------------------------------
  
 mdl_MB =    4.7000000000000002     
 mdl_MT =    173.00000000000000     
 mdl_MTA =    1.7769999999999999     
 mdl_MZ =    91.188000000000002     
 mdl_MH =    125.00000000000000     
 aEWM1 =    132.50700000000001     
 mdl_Gf =    1.1663900000000000E-005
 aS =   0.13000000000000003     
 mdl_ymb =    4.7000000000000002     
 mdl_ymt =    173.00000000000000     
 mdl_ymtau =    1.7769999999999999     
 mdl_WT =    1.4915000000000000     
 mdl_WZ =    2.4414039999999999     
 mdl_WW =    2.0476000000000001     
 mdl_WH =    6.3823389999999999E-003
  Internal Params
  ---------------------------------
  
 mdl_conjg__CKM3x3 =    1.0000000000000000     
 mdl_conjg__CKM1x1 =    1.0000000000000000     
 mdl_CKM3x3 =    1.0000000000000000     
 mdl_complexi =                (0.0000000000000000,1.0000000000000000)
 mdl_MZ__exp__2 =    8315.2513440000002     
 mdl_MZ__exp__4 =    69143404.913893804     
 mdl_sqrt__2 =    1.4142135623730951     
 mdl_MH__exp__2 =    15625.000000000000     
 mdl_aEW =    7.5467711139788835E-003
 mdl_MW =    80.419002445756163     
 mdl_sqrt__aEW =    8.6872153846781555E-002
 mdl_ee =   0.30795376724436879     
 mdl_MW__exp__2 =    6467.2159543705357     
 mdl_sw2 =   0.22224648578577766     
 mdl_cw =   0.88190334743339216     
 mdl_sqrt__sw2 =   0.47143025548407230     
 mdl_sw =   0.47143025548407230     
 mdl_g1 =   0.34919219678733299     
 mdl_gw =   0.65323293034757990     
 mdl_vev =    246.21845810181637     
 mdl_vev__exp__2 =    60623.529110035903     
 mdl_lam =   0.12886910601690263     
 mdl_yb =    2.6995554250465490E-002
 mdl_yt =   0.99366614581500623     
 mdl_ytau =    1.0206617000654717E-002
 mdl_muH =    88.388347648318430     
 mdl_I1x33 =          (2.69955542504654901E-002,0.0000000000000000)
 mdl_I2x33 =               (0.99366614581500623,0.0000000000000000)
 mdl_I3x33 =               (0.99366614581500623,0.0000000000000000)
 mdl_I4x33 =          (2.69955542504654901E-002,0.0000000000000000)
 mdl_ee__exp__2 =    9.4835522759998875E-002
 mdl_sw__exp__2 =   0.22224648578577769     
 mdl_cw__exp__2 =   0.77775351421422245     
  Internal Params evaluated point by point
  ----------------------------------------
  
 mdl_sqrt__aS =   0.36055512754639896     
 mdl_G__exp__2 =    1.6336281798666927     
  Couplings of sm
  ---------------------------------
  
        GC_10 =  -0.12781E+01   0.00000E+00
        GC_11 =   0.00000E+00   0.12781E+01
        GC_12 =   0.00000E+00   0.16336E+01
         GC_1 =  -0.00000E+00  -0.10265E+00
         GC_2 =   0.00000E+00   0.20530E+00
         GC_3 =  -0.00000E+00  -0.30795E+00
        GC_50 =  -0.00000E+00  -0.28804E+00
        GC_58 =  -0.00000E+00  -0.27437E-01
        GC_59 =   0.00000E+00   0.82310E-01

 Collider parameters:
 --------------------

 Running at P P   machine @    13000.000000000000       GeV
 PDF set = nn23lo1
 alpha_s(Mz)= 0.1300 running at 2 loops.
 alpha_s(Mz)= 0.1300 running at 2 loops.
 Renormalization scale set on event-by-event basis
 Factorization   scale set on event-by-event basis


 getting user params
Enter number of events and max and min iterations: 
 Number of events and iterations         1000           5           3
Enter desired fractional accuracy: 
 Desired fractional accuracy:   0.10000000000000001     
Enter 0 for fixed, 2 for adjustable grid: 
Suppress amplitude (0 no, 1 yes)? 
 Using suppressed amplitude.
Exact helicity sum (0 yes, n = number/event)? 
 Explicitly summing over helicities
Enter Configuration Number: 
Running Configuration Number:    7
 Not subdividing B.W.
 Attempting mappinvarients           1           7
 Determine nb_t
 T-channel found:            2
 Completed mapping           7
 about to integrate           13        1000           7           3          13           1
 Using non-zero grid deformation.
 13 dimensions   1000 events 13 invarients  7 iterations  1 config(s),  (0.99)
 Using h-tuple random number sequence.
 Error opening grid
 Using Uniform Grid!          28
 Using uniform alpha   1.0000000000000000     
 Grid defined OK
 Masses: 0.000E+00 0.000E+00 0.000E+00 0.000E+00 0.000E+00 0.000E+00 0.000E+00
 Set CM energy to      13000.00
 Mapping Graph           7  to config           7
 Determine nb_t
 T-channel found:            2
 Setting BW          -1           1   91.188000000000002     
Setting grid   2    0.13314E-05   1
Setting grid   3    0.13314E-05   1
Setting grid   4    0.23669E-05   1
 Transforming s_hat 1/s           12   3.3642919012365896E-005   2425.0000000000000        168999999.99999997     
Using random seed offsets     7 :      3
  with seed                   24
 Ranmar initialization seeds       31065        9400
  Particle       3       4       5       6       7
      Et >    10.0    10.0    15.0    15.0    15.0
       E >     0.0     0.0     0.0     0.0     0.0
     Eta <     2.5     2.5     5.0     5.0     5.0
   xqcut:      0.0     0.0    15.0    15.0    15.0
d R # 3  >    -0.0     0.4     0.0     0.0     0.0
d R # 4  >    -0.0    -0.0     0.0     0.0     0.0
d R # 5  >    -0.0    -0.0    -0.0     0.0     0.0
d R # 6  >    -0.0    -0.0    -0.0    -0.0     0.0
s min # 3>     0.0     0.0     0.0     0.0     0.0
s min # 4>     0.0     0.0     0.0     0.0     0.0
s min # 5>     0.0     0.0     0.0   225.0   225.0
s min # 6>     0.0     0.0     0.0     0.0   225.0
xqcutij # 3>     0.0     0.0     0.0     0.0     0.0
xqcutij # 4>     0.0     0.0     0.0     0.0     0.0
xqcutij # 5>     0.0     0.0     0.0    15.0    15.0
xqcutij # 6>     0.0     0.0    15.0     0.0    15.0
 No cut BW           -1           1
 
 ********************************************
 * You are using the DiscreteSampler module *
 *      part of the MG5_aMC framework       *
 *         Author: Valentin Hirschi         *
 ********************************************
 
 RESET CUMULATIVE VARIABLE
 Iteration  1   Mean: 0.1503E+00 Abs mean: 0.1503E+00   Fluctuation:  0.153E-01   0.631E+01     3.0%
  1    0.1503E+00 0.1503E+00 +- 0.1527E-01      3.21
 Writing out events   7.0641391495047945E-004   3.2124549660163826     
 Relative summed weights:
  0.6628E-01  0.1037E+00  0.5236E-01  0.8797E-01
  0.6185E-01  0.1033E+00  0.3711E-01  0.1375E+00
  0.8878E-01  0.9145E-01  0.7651E-01  0.9317E-01
 Relative number of events:
  0.7136E-01  0.6838E-01  0.9118E-01  0.1011E+00
  0.5847E-01  0.7136E-01  0.8523E-01  0.1021E+00
  0.9118E-01  0.7334E-01  0.8226E-01  0.1041E+00
 Events:
          72          69          92         102
          59          72          86         103
          92          74          83         105
 Iteration  2   Mean: 0.1519E+00 Abs mean: 0.1519E+00   Fluctuation:  0.934E-02   0.895E+01    14.5%
  2    0.1519E+00 0.1519E+00 +- 0.9342E-02      2.75
 Relative summed weights:
  0.7085E-01  0.5425E-01  0.9667E-01  0.8936E-01
  0.8457E-01  0.1026E+00  0.9340E-01  0.6570E-01
  0.8014E-01  0.8191E-01  0.9085E-01  0.8969E-01
 Relative number of events:
  0.7950E-01  0.7900E-01  0.8600E-01  0.1015E+00
  0.8550E-01  0.7700E-01  0.8750E-01  0.9250E-01
  0.6400E-01  0.6550E-01  0.9300E-01  0.8900E-01
 Events:
         159         158         172         203
         171         154         175         185
         128         131         186         178
 Iteration  3   Mean: 0.1577E+00 Abs mean: 0.1577E+00   Fluctuation:  0.928E-02   0.250E+02    15.8%
  3    0.1577E+00 0.1577E+00 +- 0.9275E-02      3.72
 Relative summed weights:
  0.8954E-01  0.1042E+00  0.7317E-01  0.8015E-01
  0.6306E-01  0.1041E+00  0.7787E-01  0.9258E-01
  0.7060E-01  0.6824E-01  0.9279E-01  0.8363E-01
 Relative number of events:
  0.7575E-01  0.7275E-01  0.9100E-01  0.8750E-01
  0.8175E-01  0.7150E-01  0.9350E-01  0.8300E-01
  0.7350E-01  0.7700E-01  0.9550E-01  0.9725E-01
 Events:
         303         291         364         350
         327         286         374         332
         294         308         382         389
 Accuracy:    0.014   0.100   0.039   0.136
 Finished due to accuracy    1.4481781441846637E-002  0.10000000000000001     

 -------------------------------------------------------------------------------
 Accumulated results:   Integral =  0.1543E+00
                        Std dev  =  0.6048E-02
                       Cross sec =  0.1543E+00
             Chi**2 per DoF.     =      0.1364
 -------------------------------------------------------------------------------
 Found          332  events.
 Wrote           28  events.
 Actual xsec   0.15426658317310521     
 Correct abs xsec   0.15426658317310521     
 Event xsec   0.15426658317310524     
 Events wgts > 1:            1
 % Cross section > 1:    8.1091005525030235E-010   5.2565503077252055E-007
-------------------------------------------------
---------------------------
 Results Last   3 iters: Integral =   0.1543E+00
                     Abs integral =   0.1543E+00
                          Std dev =   0.6048E-02
                  Chi**2 per DoF. =      0.1359
-------------------------------------------------
---------------------------
 Status  0.10000000000000001                4           7

ls status:
events.lhe
ftn26
input_app.txt
results.dat
run1_app.log
